
C:\project\HIS_Server\pb2cstempout\hisserver>if "" == "" set NET_FRAMEWORK_PB125=C:\WINDOWS\Microsoft.NET\Framework\v4.0.30319 

C:\project\HIS_Server\pb2cstempout\hisserver>C:\WINDOWS\Microsoft.NET\Framework\v4.0.30319\csc
Microsoft(R) Visual C# 2010 编译器 4.0.30319.1 版
版权所有(C) Microsoft Corporation。保留所有权利。

fatal error CS2008: 未指定输入

C:\project\HIS_Server\pb2cstempout\hisserver>if errorlevel 9009 exit 3 

C:\project\HIS_Server\pb2cstempout\hisserver>if exist "C:\project\HIS_Server\pb2cstempout\hisserver\*.asmx" del "C:\project\HIS_Server\pb2cstempout\hisserver\*.asmx" 

C:\project\HIS_Server\pb2cstempout\hisserver>if exist "C:\project\HIS_Server\pb2cstempout\hisserver\*.html" del "C:\project\HIS_Server\pb2cstempout\hisserver\*.html" 

C:\project\HIS_Server\pb2cstempout\hisserver>if exist "C:\project\HIS_Server\pb2cstempout\hisserver\*.css" del "C:\project\HIS_Server\pb2cstempout\hisserver\*.css" 

C:\project\HIS_Server\pb2cstempout\hisserver>if exist "C:\project\HIS_Server\pb2cstempout\hisserver\*.cs" del "C:\project\HIS_Server\pb2cstempout\hisserver\*.cs" 

C:\project\HIS_Server\pb2cstempout\hisserver>if exist "C:\project\HIS_Server\pb2cstempout\hisserver\*.aspx" del "C:\project\HIS_Server\pb2cstempout\hisserver\*.aspx" 

C:\project\HIS_Server\pb2cstempout\hisserver>if exist "C:\project\HIS_Server\pb2cstempout\hisserver\*.htm" del "C:\project\HIS_Server\pb2cstempout\hisserver\*.htm" 

C:\project\HIS_Server\pb2cstempout\hisserver>if exist "C:\project\HIS_Server\pb2cstempout\hisserver\*.js" del "C:\project\HIS_Server\pb2cstempout\hisserver\*.js" 

C:\project\HIS_Server\pb2cstempout\hisserver>if exist "C:\project\HIS_Server\pb2cstempout\hisserver\*.resx" del "C:\project\HIS_Server\pb2cstempout\hisserver\*.resx" 

C:\project\HIS_Server\pb2cstempout\hisserver>if exist "C:\project\HIS_Server\pb2cstempout\hisserver\*.asax" del "C:\project\HIS_Server\pb2cstempout\hisserver\*.asax" 

C:\project\HIS_Server\pb2cstempout\hisserver>if exist "C:\project\HIS_Server\pb2cstempout\hisserver\build.bat" del "C:\project\HIS_Server\pb2cstempout\hisserver\build.bat" 

C:\project\HIS_Server\pb2cstempout\hisserver>if exist "C:\project\HIS_Server\pb2cstempout\hisserver\web.config" del "C:\project\HIS_Server\pb2cstempout\hisserver\web.config" 

C:\project\HIS_Server\pb2cstempout\hisserver>if exist "C:\project\HIS_Server\pb2cstempout\hisserver\bin" rd /s /q "C:\project\HIS_Server\pb2cstempout\hisserver\bin" 

C:\project\HIS_Server\pb2cstempout\hisserver>if exist "C:\project\HIS_Server\pb2cstempout\hisserver\images" rd /s /q "C:\project\HIS_Server\pb2cstempout\hisserver\images" 

C:\project\HIS_Server\pb2cstempout\hisserver>if exist "C:\project\HIS_Server\pb2cstempout\hisserver\scripts" rd /s /q "C:\project\HIS_Server\pb2cstempout\hisserver\scripts" 

C:\project\HIS_Server\pb2cstempout\hisserver>if exist "C:\project\HIS_Server\pb2cstempout\hisserver\temp" rd /s /q "C:\project\HIS_Server\pb2cstempout\hisserver\temp" 

C:\project\HIS_Server\pb2cstempout\hisserver>if exist "C:\project\HIS_Server\pb2cstempout\hisserver\..\hisserver_root" rd /s /q "C:\project\HIS_Server\pb2cstempout\hisserver\..\hisserver_root" 

C:\project\HIS_Server\pb2cstempout\hisserver>rename "C:\project\HIS_Server\pb2cstempout\hisserver\AssemblyInfo.bak" "AssemblyInfo.cs" 

C:\project\HIS_Server\pb2cstempout\hisserver>"C:\Program Files\Sybase\PowerBuilder 12.5\DotNET\bin\pb2cs" @"C:\project\HIS_Server\pb2cstempout\projectinfo.txt" 
Type-checking (pass 1) system (system)
Pre-parsing takes 1.00 seconds
Parsing c:\project\his_server\hisserver.pbl (n_service)
Parsing c:\project\his_server\hisserver.pbl (hisserver)
Parsing takes 0.00 seconds
Type-checking (pass 1) c:\project\his_server\hisserver.pbl (hisserver)
Type-checking (pass 1) c:\project\his_server\hisserver.pbl (n_service)
Type-checking (pass 1) c:\project\his_server\hisserver.pbl (hisserver)
Type-checking (pass 1) c:\project\his_server\hisserver.pbl (n_service)
Type-checking (pass 1) c:\project\his_server\hisserver.pbl (hisserver)
Type-checking (pass 1) c:\project\his_server\hisserver.pbl (n_service)
Type-checking prototypes/instance variables(pass 2) 
Type-checking prototypes/instance variables(pass 2) 
Type-checking methods(pass 2) c:\project\his_server\hisserver.pbl (hisserver)
Type-checking methods(pass 2) c:\project\his_server\hisserver.pbl (n_service)
Typechecking takes 2.00 seconds
Emitting c:\project\his_server\hisserver.pbl (hisserver)
Emitting c:\project\his_server\hisserver.pbl (n_service)
Emitting c:\project\his_server\hisserver.pbl (hisserver)
Emitting c:\project\his_server\hisserver.pbl (hisserver)
Emitting c:\project\his_server\hisserver.pbl (n_service)
Emitting c:\project\his_server\hisserver.pbl (hisserver)
Emiting takes 0.00 seconds


Error Summary : 0 error(s) 



Warning Summary : 0 warning(s) 



Compile complete -- 0 error(s), 0 warning(s)


C:\project\HIS_Server\pb2cstempout\hisserver>if ERRORLEVEL 1 exit 1 

C:\project\HIS_Server\pb2cstempout\hisserver>call build.bat c- "C:\project\HIS_Server\pb2cstempout\csc_output_file_name.txt" 

C:\project\HIS_Server\pb2cstempout\hisserver>rem setlocal 

C:\project\HIS_Server\pb2cstempout\hisserver>if "c-" == "" goto usage  

C:\project\HIS_Server\pb2cstempout\hisserver>if "C:\Program Files\Sybase\PowerBuilder 12.5\DotNET" == "" goto sethome 

C:\project\HIS_Server\pb2cstempout\hisserver>if "" == "" set PB_WEBROOT=C:\Program Files\Sybase\PowerBuilder 12.5\DotNET\webroot 

C:\project\HIS_Server\pb2cstempout\hisserver>set NET_FRAMEWORK_PB125=C:\WINDOWS\Microsoft.NET\Framework\v4.0.30319 

C:\project\HIS_Server\pb2cstempout\hisserver>md bin 

C:\project\HIS_Server\pb2cstempout\hisserver>set PBROOTDIR="..\hisserver_root" 

C:\project\HIS_Server\pb2cstempout\hisserver>md "..\hisserver_root"\mail\users 

C:\project\HIS_Server\pb2cstempout\hisserver>md "..\hisserver_root"\mail\session 

C:\project\HIS_Server\pb2cstempout\hisserver>md "..\hisserver_root"\print\users 

C:\project\HIS_Server\pb2cstempout\hisserver>md "..\hisserver_root"\print\session 

C:\project\HIS_Server\pb2cstempout\hisserver>md "..\hisserver_root"\log 

C:\project\HIS_Server\pb2cstempout\hisserver>md "..\hisserver_root"\file\icon 

C:\project\HIS_Server\pb2cstempout\hisserver>md "..\hisserver_root"\file\users 

C:\project\HIS_Server\pb2cstempout\hisserver>md "..\hisserver_root"\file\session 

C:\project\HIS_Server\pb2cstempout\hisserver>set PB_WEBFILEC="..\hisserver_root"\file\common\c 

C:\project\HIS_Server\pb2cstempout\hisserver>md "..\hisserver_root"\file\common\c\temp 

C:\project\HIS_Server\pb2cstempout\hisserver>set PB_WEBLIBDIR="..\hisserver_root"\file\common\c\~pl_ 

C:\project\HIS_Server\pb2cstempout\hisserver>md "..\hisserver_root"\file\common\c\~pl_ 

C:\project\HIS_Server\pb2cstempout\hisserver>net user ASPNET 
用户名                 ASPNET
全名                   ASP.NET Machine Account
注释                   Account used for running the ASP.NET worker process (aspnet_wp.exe)
用户的注释             Account used for running the ASP.NET worker process (aspnet_wp.exe)
国家(地区)代码         000 (系统默认值)
帐户启用               Yes
帐户到期               从不

上次设置密码           2012/8/7 上午 10:54
密码到期               从不
密码可更改             2012/8/7 上午 10:54
需要密码               No
用户可以更改密码       No

允许的工作站           All
登录脚本               
用户配置文件           
主目录                 
上次登录               2012/8/7 上午 11:39

可允许的登录小时数     All

本地组成员             *Users                
全局组成员             *None                 
命令成功完成。


C:\project\HIS_Server\pb2cstempout\hisserver>cacls temp /t /e /c /g ASPNET:f 

C:\project\HIS_Server\pb2cstempout\hisserver>cacls "..\hisserver_root" /t /e /c /g ASPNET:f 
处理的目录: C:\project\HIS_Server\pb2cstempout\hisserver_root
处理的目录: C:\project\HIS_Server\pb2cstempout\hisserver_root\file
处理的目录: C:\project\HIS_Server\pb2cstempout\hisserver_root\log
处理的目录: C:\project\HIS_Server\pb2cstempout\hisserver_root\mail
处理的目录: C:\project\HIS_Server\pb2cstempout\hisserver_root\print
处理的目录: C:\project\HIS_Server\pb2cstempout\hisserver_root\file\common
处理的目录: C:\project\HIS_Server\pb2cstempout\hisserver_root\file\icon
处理的目录: C:\project\HIS_Server\pb2cstempout\hisserver_root\file\session
处理的目录: C:\project\HIS_Server\pb2cstempout\hisserver_root\file\users
处理的目录: C:\project\HIS_Server\pb2cstempout\hisserver_root\file\common\c
处理的目录: C:\project\HIS_Server\pb2cstempout\hisserver_root\file\common\c\temp
处理的目录: C:\project\HIS_Server\pb2cstempout\hisserver_root\file\common\c\~pl_
处理的目录: C:\project\HIS_Server\pb2cstempout\hisserver_root\mail\session
处理的目录: C:\project\HIS_Server\pb2cstempout\hisserver_root\mail\users
处理的目录: C:\project\HIS_Server\pb2cstempout\hisserver_root\print\session
处理的目录: C:\project\HIS_Server\pb2cstempout\hisserver_root\print\users

C:\project\HIS_Server\pb2cstempout\hisserver>net localgroup IIS_WPG 
发生系统错误 1376。

指定的本地组不存在。

IIS_WPG [IIS 6] was not found.

C:\project\HIS_Server\pb2cstempout\hisserver>goto groupstep_iis7 

C:\project\HIS_Server\pb2cstempout\hisserver>net localgroup IIS_IUSRS 
发生系统错误 1376。

指定的本地组不存在。

IIS_IUSRS [IIS 7] was not found.

C:\project\HIS_Server\pb2cstempout\hisserver>goto copystep 

C:\project\HIS_Server\pb2cstempout\hisserver>if "c-" == "c-" goto notcopy 

C:\project\HIS_Server\pb2cstempout\hisserver>xcopy /D /Y "C:\Program Files\Sybase\PowerBuilder 12.5\DotNET\webroot\global.asax" . 
C:\Program Files\Sybase\PowerBuilder 12.5\DotNET\webroot\Global.asax
复制了 1 个文件

C:\project\HIS_Server\pb2cstempout\hisserver>xcopy /D /Y "C:\Program Files\Sybase\PowerBuilder 12.5\DotNET\webroot\global.asax.cs" . 
C:\Program Files\Sybase\PowerBuilder 12.5\DotNET\webroot\Global.asax.cs
复制了 1 个文件

C:\project\HIS_Server\pb2cstempout\hisserver>xcopy /D /Y "C:\Program Files\Sybase\PowerBuilder 12.5\DotNET\webroot\global.asax.resx" . 
C:\Program Files\Sybase\PowerBuilder 12.5\DotNET\webroot\Global.asax.resx
复制了 1 个文件

C:\project\HIS_Server\pb2cstempout\hisserver>REM xcopy /D /Y /E "C:\Program Files\Sybase\PowerBuilder 12.5\DotNET\webroot\images\*.*" images\ 

C:\project\HIS_Server\pb2cstempout\hisserver>REM xcopy /D /Y /E "C:\Program Files\Sybase\PowerBuilder 12.5\DotNET\webroot\scripts\*.*" scripts\ 

C:\project\HIS_Server\pb2cstempout\hisserver>xcopy /D /Y "C:\Program Files\Sybase\PowerBuilder 12.5\DotNET\bin\Sybase.PowerBuilder.System.pbd" "..\hisserver_root"\file\common\c\~pl_\ 
C:\Program Files\Sybase\PowerBuilder 12.5\DotNET\bin\Sybase.PowerBuilder.System.pbd
复制了 1 个文件

C:\project\HIS_Server\pb2cstempout\hisserver>reg import "C:\Program Files\Sybase\PowerBuilder 12.5\DotNET\bin\PBExceptionTrace.reg" 

操作成功结束

C:\project\HIS_Server\pb2cstempout\hisserver>if "C:\project\HIS_Server\pb2cstempout\csc_output_file_name.txt" == "" (C:\WINDOWS\Microsoft.NET\Framework\v4.0.30319\csc /t:library /debug   /platform:x86 "/r:C:\Program Files\Sybase\PowerBuilder 12.5\DotNET\bin\Sybase.PowerBuilder.Core.dll;C:\Program Files\Sybase\PowerBuilder 12.5\DotNET\bin\Sybase.PowerBuilder.Interop.dll;C:\Program Files\Sybase\PowerBuilder 12.5\DotNET\bin\Sybase.PowerBuilder.Common.dll;C:\Program Files\Sybase\PowerBuilder 12.5\DotNET\bin\Sybase.PowerBuilder.Web.WebService.dll;C:\Program Files\Sybase\PowerBuilder 12.5\DotNET\bin\Sybase.PowerBuilder.WinWebDataWindowCommon.dll;C:\Program Files\Sybase\PowerBuilder 12.5\DotNET\bin\com.sybase.ejb.net.dll;C:\Program Files\Sybase\PowerBuilder 12.5\DotNET\bin\com.sybase.iiop.net.dll" /out:"bin\hisserver.dll" *.cs )  else (C:\WINDOWS\Microsoft.NET\Framework\v4.0.30319\csc /t:library /debug   /platform:x86 "/r:C:\Program Files\Sybase\PowerBuilder 12.5\DotNET\bin\Sybase.PowerBuilder.Core.dll;C:\Program Files\Sybase\PowerBuilder 12.5\DotNET\bin\Sybase.PowerBuilder.Interop.dll;C:\Program Files\Sybase\PowerBuilder 12.5\DotNET\bin\Sybase.PowerBuilder.Common.dll;C:\Program Files\Sybase\PowerBuilder 12.5\DotNET\bin\Sybase.PowerBuilder.Web.WebService.dll;C:\Program Files\Sybase\PowerBuilder 12.5\DotNET\bin\Sybase.PowerBuilder.WinWebDataWindowCommon.dll;C:\Program Files\Sybase\PowerBuilder 12.5\DotNET\bin\com.sybase.ejb.net.dll;C:\Program Files\Sybase\PowerBuilder 12.5\DotNET\bin\com.sybase.iiop.net.dll" /out:"bin\hisserver.dll" *.cs  1>"C:\project\HIS_Server\pb2cstempout\csc_output_file_name.txt" ) 
Build Succeeded.

C:\project\HIS_Server\pb2cstempout\hisserver>goto end 

C:\project\HIS_Server\pb2cstempout\hisserver>rem endlocal 

C:\project\HIS_Server\pb2cstempout\hisserver>if ERRORLEVEL 1 exit 2 

C:\project\HIS_Server\pb2cstempout\hisserver>if exist "C:\project\HIS_Server\pb2cstempout\hisserver\*.cs" del "C:\project\HIS_Server\pb2cstempout\hisserver\*.cs" 
Generating PowerBuilder .NET assemblies succeeded.
Warning: Cannot delete the C:\project\HIS_Server\pb2cstempout\hisserver\build.bat file.
Warning: Cannot delete the C:\project\HIS_Server\pb2cstempout\hisserver\securityperms.txt file.
Warning: Cannot copy the log.txt file to the output directory.

C:\project\HIS_Server\pb2cstempout>call "C:\project\HIS_Server\pb2cstempout\hisserver\deploytoserver.bat"  

C:\project\HIS_Server\pb2cstempout>xcopy /H /D /Y "C:\project\HIS_Server\hisserver.pbd" "c:\inetpub\wwwroot\hisserver\..\hisserver_root\file\common\c\~pl_\" 
C:\project\HIS_Server\hisserver.pbd
复制了 1 个文件

C:\project\HIS_Server\pb2cstempout>echo successful 
successful

C:\project\HIS_Server\pb2cstempout>del "C:\project\HIS_Server\pb2cstempout\hisserver\deploytoserver.bat"  

C:\project\HIS_Server\pb2cstempout>call "C:\project\HIS_Server\pb2cstempout\hisserver\createvdir_hisserver.bat"  

C:\project\HIS_Server\pb2cstempout>if not exist "c:\inetpub\wwwroot\hisserver" mkdir "c:\inetpub\wwwroot\hisserver" 

C:\project\HIS_Server\pb2cstempout>"C:\project\HIS_Server\pb2cstempout\hisserver\createvroot_hisserver.vbs"

C:\project\HIS_Server\pb2cstempout>del "C:\project\HIS_Server\pb2cstempout\hisserver\createvroot_hisserver.vbs" 

C:\project\HIS_Server\pb2cstempout>del "C:\project\HIS_Server\pb2cstempout\hisserver\createvdir_hisserver.bat" 
找不到批处理文件。

C:\project\HIS_Server\pb2cstempout>if not exist "c:\inetpub\wwwroot\hisserver" mkdir "c:\inetpub\wwwroot\hisserver"  

C:\project\HIS_Server\pb2cstempout>xcopy /Y /E /D "C:\project\HIS_Server\pb2cstempout\hisserver" "c:\inetpub\wwwroot\hisserver"  
C:\project\HIS_Server\pb2cstempout\hisserver\hisserver.disco
C:\project\HIS_Server\pb2cstempout\hisserver\log.txt
C:\project\HIS_Server\pb2cstempout\hisserver\n_service.asmx
C:\project\HIS_Server\pb2cstempout\hisserver\TestWebService.htm
C:\project\HIS_Server\pb2cstempout\hisserver\web.config
C:\project\HIS_Server\pb2cstempout\hisserver\bin\hisserver.dll
C:\project\HIS_Server\pb2cstempout\hisserver\bin\hisserver.pdb
C:\project\HIS_Server\pb2cstempout\hisserver\bin\hisserver_ws.dll
C:\project\HIS_Server\pb2cstempout\hisserver\bin\hisserver_ws.pdb
复制了 9 个文件

C:\project\HIS_Server\pb2cstempout>rd /S /Q "C:\project\HIS_Server\pb2cstempout\hisserver"  

C:\project\HIS_Server\pb2cstempout>if not exist "c:\inetpub\wwwroot\hisserver_root" mkdir "c:\inetpub\wwwroot\hisserver_root"  

C:\project\HIS_Server\pb2cstempout>xcopy /Y /E /D "C:\project\HIS_Server\pb2cstempout\hisserver_root" "c:\inetpub\wwwroot\hisserver_root"  
复制了 0 个文件

C:\project\HIS_Server\pb2cstempout>rd /S /Q "C:\project\HIS_Server\pb2cstempout\hisserver_root"  

C:\project\HIS_Server\pb2cstempout>call "C:\project\HIS_Server\pb2cstempout\pb156.tmp.bat"  

C:\project\HIS_Server\pb2cstempout>net user ASPNET    
用户名                 ASPNET
全名                   ASP.NET Machine Account
注释                   Account used for running the ASP.NET worker process (aspnet_wp.exe)
用户的注释             Account used for running the ASP.NET worker process (aspnet_wp.exe)
国家(地区)代码         000 (系统默认值)
帐户启用               Yes
帐户到期               从不

上次设置密码           2012/8/7 上午 10:54
密码到期               从不
密码可更改             2012/8/7 上午 10:54
需要密码               No
用户可以更改密码       No

允许的工作站           All
登录脚本               
用户配置文件           
主目录                 
上次登录               2012/8/7 上午 11:39

可允许的登录小时数     All

本地组成员             *Users                
全局组成员             *None                 
命令成功完成。


C:\project\HIS_Server\pb2cstempout>cacls "c:\inetpub\wwwroot\hisserver\temp" /t /e /c /g ASPNET:f    

C:\project\HIS_Server\pb2cstempout>cacls "c:\inetpub\wwwroot\hisserver_root" /t /e /c /g ASPNET:f    
处理的目录: c:\inetpub\wwwroot\hisserver_root
处理的目录: c:\inetpub\wwwroot\hisserver_root\file
处理的目录: c:\inetpub\wwwroot\hisserver_root\log
处理的目录: c:\inetpub\wwwroot\hisserver_root\mail
处理的目录: c:\inetpub\wwwroot\hisserver_root\print
处理的目录: c:\inetpub\wwwroot\hisserver_root\file\common
处理的目录: c:\inetpub\wwwroot\hisserver_root\file\icon
处理的目录: c:\inetpub\wwwroot\hisserver_root\file\session
处理的目录: c:\inetpub\wwwroot\hisserver_root\file\users
处理的目录: c:\inetpub\wwwroot\hisserver_root\file\common\c
处理的目录: c:\inetpub\wwwroot\hisserver_root\file\common\c\temp
处理的目录: c:\inetpub\wwwroot\hisserver_root\file\common\c\~pl_
处理的文件: c:\inetpub\wwwroot\hisserver_root\file\common\c\~pl_\hisserver.pbd
处理的文件: c:\inetpub\wwwroot\hisserver_root\file\common\c\~pl_\Sybase.PowerBuilder.System.pbd
处理的目录: c:\inetpub\wwwroot\hisserver_root\mail\session
处理的目录: c:\inetpub\wwwroot\hisserver_root\mail\users
处理的目录: c:\inetpub\wwwroot\hisserver_root\print\session
处理的目录: c:\inetpub\wwwroot\hisserver_root\print\users

C:\project\HIS_Server\pb2cstempout>net localgroup IIS_WPG     
发生系统错误 1376。

指定的本地组不存在。

IIS_WPG [IIS 6] was not found.

C:\project\HIS_Server\pb2cstempout>goto groupstep_iis7     

C:\project\HIS_Server\pb2cstempout>net localgroup IIS_IUSRS     
发生系统错误 1376。

指定的本地组不存在。

IIS_IUSRS [IIS 7] was not found.

C:\project\HIS_Server\pb2cstempout>goto end    

C:\project\HIS_Server\pb2cstempout>del  "C:\project\HIS_Server\pb2cstempout\pb156.tmp.bat" 
找不到批处理文件。

C:\project\HIS_Server\pb2cstempout>del "C:\project\HIS_Server\pb2cstempout\deploytoserver.bat"  
找不到批处理文件。
Deploying PowerBuilder .NET assemblies succeeded.
