dwspy succeeded.

C:\project\SMJL\smjl_webform.pbt_build\smjl>if "" == "" set NET_FRAMEWORK_PB125=C:\WINDOWS\Microsoft.NET\Framework\v4.0.30319 

C:\project\SMJL\smjl_webform.pbt_build\smjl>C:\WINDOWS\Microsoft.NET\Framework\v4.0.30319\csc
Microsoft(R) Visual C# 2010 编译器 4.0.30319.1 版
版权所有(C) Microsoft Corporation。保留所有权利。

fatal error CS2008: 未指定输入

C:\project\SMJL\smjl_webform.pbt_build\smjl>if errorlevel 9009 exit 3 

C:\project\SMJL\smjl_webform.pbt_build\smjl>if exist "C:\project\SMJL\smjl_webform.pbt_build\smjl\*.asmx" del "C:\project\SMJL\smjl_webform.pbt_build\smjl\*.asmx" 

C:\project\SMJL\smjl_webform.pbt_build\smjl>if exist "C:\project\SMJL\smjl_webform.pbt_build\smjl\*.html" del "C:\project\SMJL\smjl_webform.pbt_build\smjl\*.html" 

C:\project\SMJL\smjl_webform.pbt_build\smjl>if exist "C:\project\SMJL\smjl_webform.pbt_build\smjl\*.css" del "C:\project\SMJL\smjl_webform.pbt_build\smjl\*.css" 

C:\project\SMJL\smjl_webform.pbt_build\smjl>if exist "C:\project\SMJL\smjl_webform.pbt_build\smjl\*.cs" del "C:\project\SMJL\smjl_webform.pbt_build\smjl\*.cs" 

C:\project\SMJL\smjl_webform.pbt_build\smjl>if exist "C:\project\SMJL\smjl_webform.pbt_build\smjl\*.aspx" del "C:\project\SMJL\smjl_webform.pbt_build\smjl\*.aspx" 

C:\project\SMJL\smjl_webform.pbt_build\smjl>if exist "C:\project\SMJL\smjl_webform.pbt_build\smjl\*.htm" del "C:\project\SMJL\smjl_webform.pbt_build\smjl\*.htm" 

C:\project\SMJL\smjl_webform.pbt_build\smjl>if exist "C:\project\SMJL\smjl_webform.pbt_build\smjl\*.js" del "C:\project\SMJL\smjl_webform.pbt_build\smjl\*.js" 

C:\project\SMJL\smjl_webform.pbt_build\smjl>if exist "C:\project\SMJL\smjl_webform.pbt_build\smjl\*.resx" del "C:\project\SMJL\smjl_webform.pbt_build\smjl\*.resx" 

C:\project\SMJL\smjl_webform.pbt_build\smjl>if exist "C:\project\SMJL\smjl_webform.pbt_build\smjl\*.asax" del "C:\project\SMJL\smjl_webform.pbt_build\smjl\*.asax" 

C:\project\SMJL\smjl_webform.pbt_build\smjl>if exist "C:\project\SMJL\smjl_webform.pbt_build\smjl\build.bat" del "C:\project\SMJL\smjl_webform.pbt_build\smjl\build.bat" 

C:\project\SMJL\smjl_webform.pbt_build\smjl>if exist "C:\project\SMJL\smjl_webform.pbt_build\smjl\web.config" del "C:\project\SMJL\smjl_webform.pbt_build\smjl\web.config" 

C:\project\SMJL\smjl_webform.pbt_build\smjl>if exist "C:\project\SMJL\smjl_webform.pbt_build\smjl\bin" rd /s /q "C:\project\SMJL\smjl_webform.pbt_build\smjl\bin" 

C:\project\SMJL\smjl_webform.pbt_build\smjl>if exist "C:\project\SMJL\smjl_webform.pbt_build\smjl\images" rd /s /q "C:\project\SMJL\smjl_webform.pbt_build\smjl\images" 

C:\project\SMJL\smjl_webform.pbt_build\smjl>if exist "C:\project\SMJL\smjl_webform.pbt_build\smjl\scripts" rd /s /q "C:\project\SMJL\smjl_webform.pbt_build\smjl\scripts" 

C:\project\SMJL\smjl_webform.pbt_build\smjl>if exist "C:\project\SMJL\smjl_webform.pbt_build\smjl\temp" rd /s /q "C:\project\SMJL\smjl_webform.pbt_build\smjl\temp" 

C:\project\SMJL\smjl_webform.pbt_build\smjl>if exist "C:\project\SMJL\smjl_webform.pbt_build\smjl\..\smjl_root\file\common\Registry.xml" del "C:\project\SMJL\smjl_webform.pbt_build\smjl\..\smjl_root\file\common\Registry.xml" 

C:\project\SMJL\smjl_webform.pbt_build\smjl>if exist "C:\project\SMJL\smjl_webform.pbt_build\smjl\..\smjl_root\file\common\a" rd /s /q "C:\project\SMJL\smjl_webform.pbt_build\smjl\..\smjl_root\file\common\a" 

C:\project\SMJL\smjl_webform.pbt_build\smjl>if exist "C:\project\SMJL\smjl_webform.pbt_build\smjl\..\smjl_root\file\common\b" rd /s /q "C:\project\SMJL\smjl_webform.pbt_build\smjl\..\smjl_root\file\common\b" 

C:\project\SMJL\smjl_webform.pbt_build\smjl>if exist "C:\project\SMJL\smjl_webform.pbt_build\smjl\..\smjl_root\file\common\c" rd /s /q "C:\project\SMJL\smjl_webform.pbt_build\smjl\..\smjl_root\file\common\c" 

C:\project\SMJL\smjl_webform.pbt_build\smjl>if exist "C:\project\SMJL\smjl_webform.pbt_build\smjl\..\smjl_root\file\common\d" rd /s /q "C:\project\SMJL\smjl_webform.pbt_build\smjl\..\smjl_root\file\common\d" 

C:\project\SMJL\smjl_webform.pbt_build\smjl>if exist "C:\project\SMJL\smjl_webform.pbt_build\smjl\..\smjl_root\file\common\e" rd /s /q "C:\project\SMJL\smjl_webform.pbt_build\smjl\..\smjl_root\file\common\e" 

C:\project\SMJL\smjl_webform.pbt_build\smjl>if exist "C:\project\SMJL\smjl_webform.pbt_build\smjl\..\smjl_root\file\common\f" rd /s /q "C:\project\SMJL\smjl_webform.pbt_build\smjl\..\smjl_root\file\common\f" 

C:\project\SMJL\smjl_webform.pbt_build\smjl>if exist "C:\project\SMJL\smjl_webform.pbt_build\smjl\..\smjl_root\file\common\g" rd /s /q "C:\project\SMJL\smjl_webform.pbt_build\smjl\..\smjl_root\file\common\g" 

C:\project\SMJL\smjl_webform.pbt_build\smjl>if exist "C:\project\SMJL\smjl_webform.pbt_build\smjl\..\smjl_root\file\common\h" rd /s /q "C:\project\SMJL\smjl_webform.pbt_build\smjl\..\smjl_root\file\common\h" 

C:\project\SMJL\smjl_webform.pbt_build\smjl>if exist "C:\project\SMJL\smjl_webform.pbt_build\smjl\..\smjl_root\file\common\i" rd /s /q "C:\project\SMJL\smjl_webform.pbt_build\smjl\..\smjl_root\file\common\i" 

C:\project\SMJL\smjl_webform.pbt_build\smjl>if exist "C:\project\SMJL\smjl_webform.pbt_build\smjl\..\smjl_root\file\common\j" rd /s /q "C:\project\SMJL\smjl_webform.pbt_build\smjl\..\smjl_root\file\common\j" 

C:\project\SMJL\smjl_webform.pbt_build\smjl>if exist "C:\project\SMJL\smjl_webform.pbt_build\smjl\..\smjl_root\file\common\k" rd /s /q "C:\project\SMJL\smjl_webform.pbt_build\smjl\..\smjl_root\file\common\k" 

C:\project\SMJL\smjl_webform.pbt_build\smjl>if exist "C:\project\SMJL\smjl_webform.pbt_build\smjl\..\smjl_root\file\common\l" rd /s /q "C:\project\SMJL\smjl_webform.pbt_build\smjl\..\smjl_root\file\common\l" 

C:\project\SMJL\smjl_webform.pbt_build\smjl>if exist "C:\project\SMJL\smjl_webform.pbt_build\smjl\..\smjl_root\file\common\m" rd /s /q "C:\project\SMJL\smjl_webform.pbt_build\smjl\..\smjl_root\file\common\m" 

C:\project\SMJL\smjl_webform.pbt_build\smjl>if exist "C:\project\SMJL\smjl_webform.pbt_build\smjl\..\smjl_root\file\common\n" rd /s /q "C:\project\SMJL\smjl_webform.pbt_build\smjl\..\smjl_root\file\common\n" 

C:\project\SMJL\smjl_webform.pbt_build\smjl>if exist "C:\project\SMJL\smjl_webform.pbt_build\smjl\..\smjl_root\file\common\o" rd /s /q "C:\project\SMJL\smjl_webform.pbt_build\smjl\..\smjl_root\file\common\o" 

C:\project\SMJL\smjl_webform.pbt_build\smjl>if exist "C:\project\SMJL\smjl_webform.pbt_build\smjl\..\smjl_root\file\common\p" rd /s /q "C:\project\SMJL\smjl_webform.pbt_build\smjl\..\smjl_root\file\common\p" 

C:\project\SMJL\smjl_webform.pbt_build\smjl>if exist "C:\project\SMJL\smjl_webform.pbt_build\smjl\..\smjl_root\file\common\q" rd /s /q "C:\project\SMJL\smjl_webform.pbt_build\smjl\..\smjl_root\file\common\q" 

C:\project\SMJL\smjl_webform.pbt_build\smjl>if exist "C:\project\SMJL\smjl_webform.pbt_build\smjl\..\smjl_root\file\common\r" rd /s /q "C:\project\SMJL\smjl_webform.pbt_build\smjl\..\smjl_root\file\common\r" 

C:\project\SMJL\smjl_webform.pbt_build\smjl>if exist "C:\project\SMJL\smjl_webform.pbt_build\smjl\..\smjl_root\file\common\s" rd /s /q "C:\project\SMJL\smjl_webform.pbt_build\smjl\..\smjl_root\file\common\s" 

C:\project\SMJL\smjl_webform.pbt_build\smjl>if exist "C:\project\SMJL\smjl_webform.pbt_build\smjl\..\smjl_root\file\common\t" rd /s /q "C:\project\SMJL\smjl_webform.pbt_build\smjl\..\smjl_root\file\common\t" 

C:\project\SMJL\smjl_webform.pbt_build\smjl>if exist "C:\project\SMJL\smjl_webform.pbt_build\smjl\..\smjl_root\file\common\u" rd /s /q "C:\project\SMJL\smjl_webform.pbt_build\smjl\..\smjl_root\file\common\u" 

C:\project\SMJL\smjl_webform.pbt_build\smjl>if exist "C:\project\SMJL\smjl_webform.pbt_build\smjl\..\smjl_root\file\common\v" rd /s /q "C:\project\SMJL\smjl_webform.pbt_build\smjl\..\smjl_root\file\common\v" 

C:\project\SMJL\smjl_webform.pbt_build\smjl>if exist "C:\project\SMJL\smjl_webform.pbt_build\smjl\..\smjl_root\file\common\w" rd /s /q "C:\project\SMJL\smjl_webform.pbt_build\smjl\..\smjl_root\file\common\w" 

C:\project\SMJL\smjl_webform.pbt_build\smjl>if exist "C:\project\SMJL\smjl_webform.pbt_build\smjl\..\smjl_root\file\common\x" rd /s /q "C:\project\SMJL\smjl_webform.pbt_build\smjl\..\smjl_root\file\common\x" 

C:\project\SMJL\smjl_webform.pbt_build\smjl>if exist "C:\project\SMJL\smjl_webform.pbt_build\smjl\..\smjl_root\file\common\y" rd /s /q "C:\project\SMJL\smjl_webform.pbt_build\smjl\..\smjl_root\file\common\y" 

C:\project\SMJL\smjl_webform.pbt_build\smjl>if exist "C:\project\SMJL\smjl_webform.pbt_build\smjl\..\smjl_root\file\common\z" rd /s /q "C:\project\SMJL\smjl_webform.pbt_build\smjl\..\smjl_root\file\common\z" 

C:\project\SMJL\smjl_webform.pbt_build\smjl>rename "C:\project\SMJL\smjl_webform.pbt_build\smjl\AssemblyInfo.bak" "AssemblyInfo.cs" 

C:\project\SMJL\smjl_webform.pbt_build\smjl>"C:\Program Files\Sybase\PowerBuilder 12.5\DotNET\bin\pb2cs" @"C:\project\SMJL\smjl_webform.pbt_build\projectinfo.txt" 
Type-checking (pass 1) system (system)
Pre-parsing takes 0.00 seconds
Parsing c:\project\smjl\smjl.pbl (smjl)
Parsing c:\project\smjl\smjl.pbl (w_smjl)
Parsing takes 0.00 seconds
Type-checking (pass 1) c:\project\smjl\smjl.pbl (smjl)
Type-checking (pass 1) c:\project\smjl\smjl.pbl (w_smjl)
Type-checking (pass 1) c:\project\smjl\smjl.pbl (smjl)
Type-checking (pass 1) c:\project\smjl\smjl.pbl (w_smjl)
Type-checking (pass 1) c:\project\smjl\smjl.pbl (smjl)
Type-checking (pass 1) c:\project\smjl\smjl.pbl (w_smjl)
Type-checking prototypes/instance variables(pass 2) 
Type-checking prototypes/instance variables(pass 2) 
Type-checking methods(pass 2) c:\project\smjl\smjl.pbl (smjl)
Type-checking methods(pass 2) c:\project\smjl\smjl.pbl (w_smjl)
Typechecking takes 1.00 seconds
Emitting c:\project\smjl\smjl.pbl (smjl)
Emitting c:\project\smjl\smjl.pbl (w_smjl)
Emitting c:\project\smjl\smjl.pbl (smjl)
Emitting c:\project\smjl\smjl.pbl (w_smjl)
Emiting takes 0.00 seconds


Error Summary : 0 error(s) 



Warning Summary : 0 warning(s) 



Compile complete -- 0 error(s), 0 warning(s)


C:\project\SMJL\smjl_webform.pbt_build\smjl>if ERRORLEVEL 1 exit 1 

C:\project\SMJL\smjl_webform.pbt_build\smjl>call build.bat c- "C:\project\SMJL\smjl_webform.pbt_build\csc_output_file_name.txt" 

C:\project\SMJL\smjl_webform.pbt_build\smjl>rem setlocal 

C:\project\SMJL\smjl_webform.pbt_build\smjl>if "c-" == "" goto usage  

C:\project\SMJL\smjl_webform.pbt_build\smjl>if "C:\Program Files\Sybase\PowerBuilder 12.5\DotNET" == "" goto sethome 

C:\project\SMJL\smjl_webform.pbt_build\smjl>if "" == "" set PB_WEBROOT=C:\Program Files\Sybase\PowerBuilder 12.5\DotNET\webroot 

C:\project\SMJL\smjl_webform.pbt_build\smjl>set NET_FRAMEWORK=C:\WINDOWS\Microsoft.NET\Framework\v4.0.30319 

C:\project\SMJL\smjl_webform.pbt_build\smjl>md release 
子目录或文件 release 已经存在。

C:\project\SMJL\smjl_webform.pbt_build\smjl>md images 

C:\project\SMJL\smjl_webform.pbt_build\smjl>md scripts 

C:\project\SMJL\smjl_webform.pbt_build\smjl>md temp 

C:\project\SMJL\smjl_webform.pbt_build\smjl>set PBROOTDIR="..\smjl_root" 

C:\project\SMJL\smjl_webform.pbt_build\smjl>md "..\smjl_root"\mail\users 
子目录或文件 ..\smjl_root\mail\users 已经存在。

C:\project\SMJL\smjl_webform.pbt_build\smjl>md "..\smjl_root"\mail\session 
子目录或文件 ..\smjl_root\mail\session 已经存在。

C:\project\SMJL\smjl_webform.pbt_build\smjl>md "..\smjl_root"\print\users 
子目录或文件 ..\smjl_root\print\users 已经存在。

C:\project\SMJL\smjl_webform.pbt_build\smjl>md "..\smjl_root"\print\session 
子目录或文件 ..\smjl_root\print\session 已经存在。

C:\project\SMJL\smjl_webform.pbt_build\smjl>md "..\smjl_root"\log 
子目录或文件 ..\smjl_root\log 已经存在。

C:\project\SMJL\smjl_webform.pbt_build\smjl>md "..\smjl_root"\file\icon 
子目录或文件 ..\smjl_root\file\icon 已经存在。

C:\project\SMJL\smjl_webform.pbt_build\smjl>md "..\smjl_root"\file\users 
子目录或文件 ..\smjl_root\file\users 已经存在。

C:\project\SMJL\smjl_webform.pbt_build\smjl>md "..\smjl_root"\file\session 
子目录或文件 ..\smjl_root\file\session 已经存在。

C:\project\SMJL\smjl_webform.pbt_build\smjl>set PB_WEBFILEC="..\smjl_root"\file\common\c 

C:\project\SMJL\smjl_webform.pbt_build\smjl>md "..\smjl_root"\file\common\c\temp 

C:\project\SMJL\smjl_webform.pbt_build\smjl>set PB_WEBLIBDIR="..\smjl_root"\file\common\c\~pl_ 

C:\project\SMJL\smjl_webform.pbt_build\smjl>md "..\smjl_root"\file\common\c\~pl_ 

C:\project\SMJL\smjl_webform.pbt_build\smjl>if "C:\project\SMJL\smjl_webform.pbt_build\csc_output_file_name.txt" == "" (
net user ASPNET  
  
 goto groupstep_iis6  
 cacls temp /t /e /c /g ASPNET:f  
 cacls "..\smjl_root" /t /e /c /g ASPNET:f  
 net localgroup IIS_WPG  
  
 goto groupstep_iis7  
 cacls temp /t /e /c /g IIS_WPG:f  
 cacls "..\smjl_root" /t /e /c /g IIS_WPG:f  
 net localgroup IIS_IUSRS  
  
 goto copystep  
 cacls temp /t /e /c /g IIS_IUSRS:f  
 cacls "..\smjl_root" /t /e /c /g IIS_IUSRS:f 
) 

C:\project\SMJL\smjl_webform.pbt_build\smjl>if "c-" == "c-" goto notcopy 

C:\project\SMJL\smjl_webform.pbt_build\smjl>xcopy /D /Y /E "C:\Program Files\Sybase\PowerBuilder 12.5\DotNET\webroot\*.*" . 
C:\Program Files\Sybase\PowerBuilder 12.5\DotNET\webroot\classic.css
C:\Program Files\Sybase\PowerBuilder 12.5\DotNET\webroot\default.htm
C:\Program Files\Sybase\PowerBuilder 12.5\DotNET\webroot\download.htm
C:\Program Files\Sybase\PowerBuilder 12.5\DotNET\webroot\execute_error.htm
C:\Program Files\Sybase\PowerBuilder 12.5\DotNET\webroot\Global.asax
C:\Program Files\Sybase\PowerBuilder 12.5\DotNET\webroot\Global.asax.cs
C:\Program Files\Sybase\PowerBuilder 12.5\DotNET\webroot\Global.asax.resx
C:\Program Files\Sybase\PowerBuilder 12.5\DotNET\webroot\GraphStreamImageContainerPage.aspx
C:\Program Files\Sybase\PowerBuilder 12.5\DotNET\webroot\iframe_control.htm
C:\Program Files\Sybase\PowerBuilder 12.5\DotNET\webroot\Login.aspx
C:\Program Files\Sybase\PowerBuilder 12.5\DotNET\webroot\pbopenfile.aspx
C:\Program Files\Sybase\PowerBuilder 12.5\DotNET\webroot\pbopenfile.aspx.cs
C:\Program Files\Sybase\PowerBuilder 12.5\DotNET\webroot\pbuploadfile.aspx
C:\Program Files\Sybase\PowerBuilder 12.5\DotNET\webroot\pbuploadfile.aspx.cs
C:\Program Files\Sybase\PowerBuilder 12.5\DotNET\webroot\StreamImageContainerPage.aspx
C:\Program Files\Sybase\PowerBuilder 12.5\DotNET\webroot\too_many_users.htm
C:\Program Files\Sybase\PowerBuilder 12.5\DotNET\webroot\UsersInit.aspx
C:\Program Files\Sybase\PowerBuilder 12.5\DotNET\webroot\wait.htm
C:\Program Files\Sybase\PowerBuilder 12.5\DotNET\webroot\xp.css
C:\Program Files\Sybase\PowerBuilder 12.5\DotNET\webroot\Images\ajax-loader.gif
C:\Program Files\Sybase\PowerBuilder 12.5\DotNET\webroot\Images\arrow_black.gif
C:\Program Files\Sybase\PowerBuilder 12.5\DotNET\webroot\Images\bg.gif
C:\Program Files\Sybase\PowerBuilder 12.5\DotNET\webroot\Images\Bgcolor.gif
C:\Program Files\Sybase\PowerBuilder 12.5\DotNET\webroot\Images\Bold.gif
C:\Program Files\Sybase\PowerBuilder 12.5\DotNET\webroot\Images\break.gif
C:\Program Files\Sybase\PowerBuilder 12.5\DotNET\webroot\Images\Bullist.gif
C:\Program Files\Sybase\PowerBuilder 12.5\DotNET\webroot\Images\Center.gif
C:\Program Files\Sybase\PowerBuilder 12.5\DotNET\webroot\Images\checkbox_1_2.jpg
C:\Program Files\Sybase\PowerBuilder 12.5\DotNET\webroot\Images\classic_checkbox_1_1_0.jpg
C:\Program Files\Sybase\PowerBuilder 12.5\DotNET\webroot\Images\classic_checkbox_1_1_1.jpg
C:\Program Files\Sybase\PowerBuilder 12.5\DotNET\webroot\Images\classic_checkbox_1_2_0.jpg
C:\Program Files\Sybase\PowerBuilder 12.5\DotNET\webroot\Images\classic_checkbox_1_2_1.jpg
C:\Program Files\Sybase\PowerBuilder 12.5\DotNET\webroot\Images\classic_checkbox_1_3_0.jpg
C:\Program Files\Sybase\PowerBuilder 12.5\DotNET\webroot\Images\classic_checkbox_1_3_1.jpg
C:\Program Files\Sybase\PowerBuilder 12.5\DotNET\webroot\Images\classic_checkbox_2_1_0.jpg
C:\Program Files\Sybase\PowerBuilder 12.5\DotNET\webroot\Images\classic_checkbox_2_1_1.jpg
C:\Program Files\Sybase\PowerBuilder 12.5\DotNET\webroot\Images\classic_checkbox_2_2_0.jpg
C:\Program Files\Sybase\PowerBuilder 12.5\DotNET\webroot\Images\classic_checkbox_2_2_1.jpg
C:\Program Files\Sybase\PowerBuilder 12.5\DotNET\webroot\Images\classic_checkbox_2_3_0.jpg
C:\Program Files\Sybase\PowerBuilder 12.5\DotNET\webroot\Images\classic_checkbox_2_3_1.jpg
C:\Program Files\Sybase\PowerBuilder 12.5\DotNET\webroot\Images\classic_close.gif
C:\Program Files\Sybase\PowerBuilder 12.5\DotNET\webroot\Images\classic_max.gif
C:\Program Files\Sybase\PowerBuilder 12.5\DotNET\webroot\Images\classic_min.gif
C:\Program Files\Sybase\PowerBuilder 12.5\DotNET\webroot\Images\classic_restore.gif
C:\Program Files\Sybase\PowerBuilder 12.5\DotNET\webroot\Images\classic_web_close.gif
C:\Program Files\Sybase\PowerBuilder 12.5\DotNET\webroot\Images\ClipboardPaste.gif
C:\Program Files\Sybase\PowerBuilder 12.5\DotNET\webroot\Images\close.gif
C:\Program Files\Sybase\PowerBuilder 12.5\DotNET\webroot\Images\Copy.gif
C:\Program Files\Sybase\PowerBuilder 12.5\DotNET\webroot\Images\Cut.gif
C:\Program Files\Sybase\PowerBuilder 12.5\DotNET\webroot\Images\Date.gif
C:\Program Files\Sybase\PowerBuilder 12.5\DotNET\webroot\Images\dddw.gif
C:\Program Files\Sybase\PowerBuilder 12.5\DotNET\webroot\Images\dddw1.gif
C:\Program Files\Sybase\PowerBuilder 12.5\DotNET\webroot\Images\def_top_left.PNG
C:\Program Files\Sybase\PowerBuilder 12.5\DotNET\webroot\Images\def_top_right.PNG
C:\Program Files\Sybase\PowerBuilder 12.5\DotNET\webroot\Images\disable_scr_down.PNG
C:\Program Files\Sybase\PowerBuilder 12.5\DotNET\webroot\Images\disable_scr_down_xp.png
C:\Program Files\Sybase\PowerBuilder 12.5\DotNET\webroot\Images\down.PNG
C:\Program Files\Sybase\PowerBuilder 12.5\DotNET\webroot\Images\downdisable.bmp
C:\Program Files\Sybase\PowerBuilder 12.5\DotNET\webroot\Images\downenable.bmp
C:\Program Files\Sybase\PowerBuilder 12.5\DotNET\webroot\Images\drive.gif
C:\Program Files\Sybase\PowerBuilder 12.5\DotNET\webroot\Images\editdisable.bmp
C:\Program Files\Sybase\PowerBuilder 12.5\DotNET\webroot\Images\editenable.bmp
C:\Program Files\Sybase\PowerBuilder 12.5\DotNET\webroot\Images\excl.GIF
C:\Program Files\Sybase\PowerBuilder 12.5\DotNET\webroot\Images\Fgcolor.gif
C:\Program Files\Sybase\PowerBuilder 12.5\DotNET\webroot\Images\filemanager.gif
C:\Program Files\Sybase\PowerBuilder 12.5\DotNET\webroot\Images\fndragno.cur
C:\Program Files\Sybase\PowerBuilder 12.5\DotNET\webroot\Images\folder.gif
C:\Program Files\Sybase\PowerBuilder 12.5\DotNET\webroot\Images\folderopen.gif
C:\Program Files\Sybase\PowerBuilder 12.5\DotNET\webroot\Images\gray.gif
C:\Program Files\Sybase\PowerBuilder 12.5\DotNET\webroot\Images\HSeparator.gif
C:\Program Files\Sybase\PowerBuilder 12.5\DotNET\webroot\Images\htrack.PNG
C:\Program Files\Sybase\PowerBuilder 12.5\DotNET\webroot\Images\h_thumb_back_ground_xp.bmp
C:\Program Files\Sybase\PowerBuilder 12.5\DotNET\webroot\Images\Image.gif
C:\Program Files\Sybase\PowerBuilder 12.5\DotNET\webroot\Images\Indent.gif
C:\Program Files\Sybase\PowerBuilder 12.5\DotNET\webroot\Images\info.GIF
C:\Program Files\Sybase\PowerBuilder 12.5\DotNET\webroot\Images\InsertTable.gif
C:\Program Files\Sybase\PowerBuilder 12.5\DotNET\webroot\Images\Italic.gif
C:\Program Files\Sybase\PowerBuilder 12.5\DotNET\webroot\Images\Left.gif
C:\Program Files\Sybase\PowerBuilder 12.5\DotNET\webroot\Images\left.png
C:\Program Files\Sybase\PowerBuilder 12.5\DotNET\webroot\Images\Link.gif
C:\Program Files\Sybase\PowerBuilder 12.5\DotNET\webroot\Images\mailprofilemgr.GIF
C:\Program Files\Sybase\PowerBuilder 12.5\DotNET\webroot\Images\max.gif
C:\Program Files\Sybase\PowerBuilder 12.5\DotNET\webroot\Images\min.gif
C:\Program Files\Sybase\PowerBuilder 12.5\DotNET\webroot\Images\mode.gif
C:\Program Files\Sybase\PowerBuilder 12.5\DotNET\webroot\Images\null.gif
C:\Program Files\Sybase\PowerBuilder 12.5\DotNET\webroot\Images\Numlist.gif
C:\Program Files\Sybase\PowerBuilder 12.5\DotNET\webroot\Images\Outdent.gif
C:\Program Files\Sybase\PowerBuilder 12.5\DotNET\webroot\Images\Paste.gif
C:\Program Files\Sybase\PowerBuilder 12.5\DotNET\webroot\Images\printer.gif
C:\Program Files\Sybase\PowerBuilder 12.5\DotNET\webroot\Images\printmanager.gif
C:\Program Files\Sybase\PowerBuilder 12.5\DotNET\webroot\Images\quest.GIF
C:\Program Files\Sybase\PowerBuilder 12.5\DotNET\webroot\Images\RadToolbarLeft_c.bmp
C:\Program Files\Sybase\PowerBuilder 12.5\DotNET\webroot\Images\removedisable.bmp
C:\Program Files\Sybase\PowerBuilder 12.5\DotNET\webroot\Images\removeenable.bmp
C:\Program Files\Sybase\PowerBuilder 12.5\DotNET\webroot\Images\restore.gif
C:\Program Files\Sybase\PowerBuilder 12.5\DotNET\webroot\Images\Right.gif
C:\Program Files\Sybase\PowerBuilder 12.5\DotNET\webroot\Images\right.PNG
C:\Program Files\Sybase\PowerBuilder 12.5\DotNET\webroot\Images\root.gif
C:\Program Files\Sybase\PowerBuilder 12.5\DotNET\webroot\Images\scr_down.PNG
C:\Program Files\Sybase\PowerBuilder 12.5\DotNET\webroot\Images\scr_down_xp.PNG
C:\Program Files\Sybase\PowerBuilder 12.5\DotNET\webroot\Images\scr_left.PNG
C:\Program Files\Sybase\PowerBuilder 12.5\DotNET\webroot\Images\scr_left_xp.PNG
C:\Program Files\Sybase\PowerBuilder 12.5\DotNET\webroot\Images\scr_right.PNG
C:\Program Files\Sybase\PowerBuilder 12.5\DotNET\webroot\Images\scr_right_xp.PNG
C:\Program Files\Sybase\PowerBuilder 12.5\DotNET\webroot\Images\scr_up.PNG
C:\Program Files\Sybase\PowerBuilder 12.5\DotNET\webroot\Images\scr_up_xp.PNG
C:\Program Files\Sybase\PowerBuilder 12.5\DotNET\webroot\Images\Show.gif
C:\Program Files\Sybase\PowerBuilder 12.5\DotNET\webroot\Images\Spacer.gif
C:\Program Files\Sybase\PowerBuilder 12.5\DotNET\webroot\Images\stop.GIF
C:\Program Files\Sybase\PowerBuilder 12.5\DotNET\webroot\Images\Table.gif
C:\Program Files\Sybase\PowerBuilder 12.5\DotNET\webroot\Images\tab_close_classic_normal.gif
C:\Program Files\Sybase\PowerBuilder 12.5\DotNET\webroot\Images\tab_close_xp_normal.gif
C:\Program Files\Sybase\PowerBuilder 12.5\DotNET\webroot\Images\tab_left.PNG
C:\Program Files\Sybase\PowerBuilder 12.5\DotNET\webroot\Images\tab_left_bottom.PNG
C:\Program Files\Sybase\PowerBuilder 12.5\DotNET\webroot\Images\tab_left_top.PNG
C:\Program Files\Sybase\PowerBuilder 12.5\DotNET\webroot\Images\tab_scr_down.PNG
C:\Program Files\Sybase\PowerBuilder 12.5\DotNET\webroot\Images\tab_scr_left.PNG
C:\Program Files\Sybase\PowerBuilder 12.5\DotNET\webroot\Images\tab_scr_right.PNG
C:\Program Files\Sybase\PowerBuilder 12.5\DotNET\webroot\Images\tab_scr_up.PNG
C:\Program Files\Sybase\PowerBuilder 12.5\DotNET\webroot\Images\tab_top.PNG
C:\Program Files\Sybase\PowerBuilder 12.5\DotNET\webroot\Images\tab_top_left.PNG
C:\Program Files\Sybase\PowerBuilder 12.5\DotNET\webroot\Images\tab_top_right.PNG
C:\Program Files\Sybase\PowerBuilder 12.5\DotNET\webroot\Images\thememanager.gif
C:\Program Files\Sybase\PowerBuilder 12.5\DotNET\webroot\Images\thumb.png
C:\Program Files\Sybase\PowerBuilder 12.5\DotNET\webroot\Images\thumb_mouse_down.png
C:\Program Files\Sybase\PowerBuilder 12.5\DotNET\webroot\Images\Underline.gif
C:\Program Files\Sybase\PowerBuilder 12.5\DotNET\webroot\Images\up.PNG
C:\Program Files\Sybase\PowerBuilder 12.5\DotNET\webroot\Images\uparrow.cur
C:\Program Files\Sybase\PowerBuilder 12.5\DotNET\webroot\Images\updisable.bmp
C:\Program Files\Sybase\PowerBuilder 12.5\DotNET\webroot\Images\upenable.bmp
C:\Program Files\Sybase\PowerBuilder 12.5\DotNET\webroot\Images\VSeparator.gif
C:\Program Files\Sybase\PowerBuilder 12.5\DotNET\webroot\Images\vtrack.PNG
C:\Program Files\Sybase\PowerBuilder 12.5\DotNET\webroot\Images\v_thumb_back_ground_xp.bmp
C:\Program Files\Sybase\PowerBuilder 12.5\DotNET\webroot\Images\xp_checkbox_1_1_0.jpg
C:\Program Files\Sybase\PowerBuilder 12.5\DotNET\webroot\Images\xp_checkbox_1_1_1.jpg
C:\Program Files\Sybase\PowerBuilder 12.5\DotNET\webroot\Images\xp_checkbox_1_2_0.jpg
C:\Program Files\Sybase\PowerBuilder 12.5\DotNET\webroot\Images\xp_checkbox_1_2_1.jpg
C:\Program Files\Sybase\PowerBuilder 12.5\DotNET\webroot\Images\xp_checkbox_1_3_0.jpg
C:\Program Files\Sybase\PowerBuilder 12.5\DotNET\webroot\Images\xp_checkbox_1_3_1.jpg
C:\Program Files\Sybase\PowerBuilder 12.5\DotNET\webroot\Images\xp_checkbox_2_1_0.jpg
C:\Program Files\Sybase\PowerBuilder 12.5\DotNET\webroot\Images\xp_checkbox_2_1_1.jpg
C:\Program Files\Sybase\PowerBuilder 12.5\DotNET\webroot\Images\xp_checkbox_2_2_0.jpg
C:\Program Files\Sybase\PowerBuilder 12.5\DotNET\webroot\Images\xp_checkbox_2_2_1.jpg
C:\Program Files\Sybase\PowerBuilder 12.5\DotNET\webroot\Images\xp_checkbox_2_3_0.jpg
C:\Program Files\Sybase\PowerBuilder 12.5\DotNET\webroot\Images\xp_checkbox_2_3_1.jpg
C:\Program Files\Sybase\PowerBuilder 12.5\DotNET\webroot\Images\xp_close.gif
C:\Program Files\Sybase\PowerBuilder 12.5\DotNET\webroot\Images\xp_max.gif
C:\Program Files\Sybase\PowerBuilder 12.5\DotNET\webroot\Images\xp_min.gif
C:\Program Files\Sybase\PowerBuilder 12.5\DotNET\webroot\Images\xp_restore.gif
C:\Program Files\Sybase\PowerBuilder 12.5\DotNET\webroot\Images\xp_titlebar.JPG
C:\Program Files\Sybase\PowerBuilder 12.5\DotNET\webroot\Images\xp_web_close.gif
C:\Program Files\Sybase\PowerBuilder 12.5\DotNET\webroot\Images\res\algnbot.bmp
C:\Program Files\Sybase\PowerBuilder 12.5\DotNET\webroot\Images\res\algncntr.bmp
C:\Program Files\Sybase\PowerBuilder 12.5\DotNET\webroot\Images\res\algnhcnt.bmp
C:\Program Files\Sybase\PowerBuilder 12.5\DotNET\webroot\Images\res\algnleft.bmp
C:\Program Files\Sybase\PowerBuilder 12.5\DotNET\webroot\Images\res\algnrght.bmp
C:\Program Files\Sybase\PowerBuilder 12.5\DotNET\webroot\Images\res\algntop.bmp
C:\Program Files\Sybase\PowerBuilder 12.5\DotNET\webroot\Images\res\appstarting.bmp
C:\Program Files\Sybase\PowerBuilder 12.5\DotNET\webroot\Images\res\area2d.ico
C:\Program Files\Sybase\PowerBuilder 12.5\DotNET\webroot\Images\res\area3d.ico
C:\Program Files\Sybase\PowerBuilder 12.5\DotNET\webroot\Images\res\bar2d.ico
C:\Program Files\Sybase\PowerBuilder 12.5\DotNET\webroot\Images\res\bar3d.ico
C:\Program Files\Sybase\PowerBuilder 12.5\DotNET\webroot\Images\res\bar3dobj.ico
C:\Program Files\Sybase\PowerBuilder 12.5\DotNET\webroot\Images\res\barst3do.ico
C:\Program Files\Sybase\PowerBuilder 12.5\DotNET\webroot\Images\res\barstack.ico
C:\Program Files\Sybase\PowerBuilder 12.5\DotNET\webroot\Images\res\col2d.ico
C:\Program Files\Sybase\PowerBuilder 12.5\DotNET\webroot\Images\res\col3d.ico
C:\Program Files\Sybase\PowerBuilder 12.5\DotNET\webroot\Images\res\col3dobj.ico
C:\Program Files\Sybase\PowerBuilder 12.5\DotNET\webroot\Images\res\colst3do.ico
C:\Program Files\Sybase\PowerBuilder 12.5\DotNET\webroot\Images\res\colstack.ico
C:\Program Files\Sybase\PowerBuilder 12.5\DotNET\webroot\Images\res\dtpmask.bmp
C:\Program Files\Sybase\PowerBuilder 12.5\DotNET\webroot\Images\res\dwsyntax.ico
C:\Program Files\Sybase\PowerBuilder 12.5\DotNET\webroot\Images\res\epgchkdd.bmp
C:\Program Files\Sybase\PowerBuilder 12.5\DotNET\webroot\Images\res\epgchked.bmp
C:\Program Files\Sybase\PowerBuilder 12.5\DotNET\webroot\Images\res\exclamation.ico
C:\Program Files\Sybase\PowerBuilder 12.5\DotNET\webroot\Images\res\fn0600.bmp
C:\Program Files\Sybase\PowerBuilder 12.5\DotNET\webroot\Images\res\fn0602.bmp
C:\Program Files\Sybase\PowerBuilder 12.5\DotNET\webroot\Images\res\fn0604.bmp
C:\Program Files\Sybase\PowerBuilder 12.5\DotNET\webroot\Images\res\fn0700.bmp
C:\Program Files\Sybase\PowerBuilder 12.5\DotNET\webroot\Images\res\fn0702.bmp
C:\Program Files\Sybase\PowerBuilder 12.5\DotNET\webroot\Images\res\fn0704.bmp
C:\Program Files\Sybase\PowerBuilder 12.5\DotNET\webroot\Images\res\fn1000.bmp
C:\Program Files\Sybase\PowerBuilder 12.5\DotNET\webroot\Images\res\fn1000.ico
C:\Program Files\Sybase\PowerBuilder 12.5\DotNET\webroot\Images\res\fn1002.bmp
C:\Program Files\Sybase\PowerBuilder 12.5\DotNET\webroot\Images\res\fn1002.ico
C:\Program Files\Sybase\PowerBuilder 12.5\DotNET\webroot\Images\res\fn1004.bmp
C:\Program Files\Sybase\PowerBuilder 12.5\DotNET\webroot\Images\res\fn1004.ico
C:\Program Files\Sybase\PowerBuilder 12.5\DotNET\webroot\Images\res\fn1006.bmp
C:\Program Files\Sybase\PowerBuilder 12.5\DotNET\webroot\Images\res\fn1006.ico
C:\Program Files\Sybase\PowerBuilder 12.5\DotNET\webroot\Images\res\fn1008.bmp
C:\Program Files\Sybase\PowerBuilder 12.5\DotNET\webroot\Images\res\fn1008.ico
C:\Program Files\Sybase\PowerBuilder 12.5\DotNET\webroot\Images\res\fn1010.bmp
C:\Program Files\Sybase\PowerBuilder 12.5\DotNET\webroot\Images\res\fn1012.bmp
C:\Program Files\Sybase\PowerBuilder 12.5\DotNET\webroot\Images\res\fn1014.bmp
C:\Program Files\Sybase\PowerBuilder 12.5\DotNET\webroot\Images\res\fn1014.ico
C:\Program Files\Sybase\PowerBuilder 12.5\DotNET\webroot\Images\res\fn1016.bmp
C:\Program Files\Sybase\PowerBuilder 12.5\DotNET\webroot\Images\res\fn1018.bmp
C:\Program Files\Sybase\PowerBuilder 12.5\DotNET\webroot\Images\res\fn1018.ico
C:\Program Files\Sybase\PowerBuilder 12.5\DotNET\webroot\Images\res\fn1020.bmp
C:\Program Files\Sybase\PowerBuilder 12.5\DotNET\webroot\Images\res\fn1020.ico
C:\Program Files\Sybase\PowerBuilder 12.5\DotNET\webroot\Images\res\fn1022.bmp
C:\Program Files\Sybase\PowerBuilder 12.5\DotNET\webroot\Images\res\fn1022.ico
C:\Program Files\Sybase\PowerBuilder 12.5\DotNET\webroot\Images\res\fn1024.bmp
C:\Program Files\Sybase\PowerBuilder 12.5\DotNET\webroot\Images\res\fn1026.bmp
C:\Program Files\Sybase\PowerBuilder 12.5\DotNET\webroot\Images\res\fn1026.ico
C:\Program Files\Sybase\PowerBuilder 12.5\DotNET\webroot\Images\res\fn1030.bmp
C:\Program Files\Sybase\PowerBuilder 12.5\DotNET\webroot\Images\res\fn1030.ico
C:\Program Files\Sybase\PowerBuilder 12.5\DotNET\webroot\Images\res\fn1032.bmp
C:\Program Files\Sybase\PowerBuilder 12.5\DotNET\webroot\Images\res\fn1032.ico
C:\Program Files\Sybase\PowerBuilder 12.5\DotNET\webroot\Images\res\fn1034.bmp
C:\Program Files\Sybase\PowerBuilder 12.5\DotNET\webroot\Images\res\fn1034.ico
C:\Program Files\Sybase\PowerBuilder 12.5\DotNET\webroot\Images\res\fn1036.bmp
C:\Program Files\Sybase\PowerBuilder 12.5\DotNET\webroot\Images\res\fn1038.bmp
C:\Program Files\Sybase\PowerBuilder 12.5\DotNET\webroot\Images\res\fn1040.bmp
C:\Program Files\Sybase\PowerBuilder 12.5\DotNET\webroot\Images\res\fn1042.bmp
C:\Program Files\Sybase\PowerBuilder 12.5\DotNET\webroot\Images\res\fn1044.bmp
C:\Program Files\Sybase\PowerBuilder 12.5\DotNET\webroot\Images\res\fn1048.bmp
C:\Program Files\Sybase\PowerBuilder 12.5\DotNET\webroot\Images\res\fn1050.bmp
C:\Program Files\Sybase\PowerBuilder 12.5\DotNET\webroot\Images\res\fn1052.bmp
C:\Program Files\Sybase\PowerBuilder 12.5\DotNET\webroot\Images\res\fn1052.ico
C:\Program Files\Sybase\PowerBuilder 12.5\DotNET\webroot\Images\res\fn1054.bmp
C:\Program Files\Sybase\PowerBuilder 12.5\DotNET\webroot\Images\res\fn1056.bmp
C:\Program Files\Sybase\PowerBuilder 12.5\DotNET\webroot\Images\res\fn1060.bmp
C:\Program Files\Sybase\PowerBuilder 12.5\DotNET\webroot\Images\res\fn1060.ico
C:\Program Files\Sybase\PowerBuilder 12.5\DotNET\webroot\Images\res\fn1062.bmp
C:\Program Files\Sybase\PowerBuilder 12.5\DotNET\webroot\Images\res\fn1064.bmp
C:\Program Files\Sybase\PowerBuilder 12.5\DotNET\webroot\Images\res\fn1064.ico
C:\Program Files\Sybase\PowerBuilder 12.5\DotNET\webroot\Images\res\fn1068.bmp
C:\Program Files\Sybase\PowerBuilder 12.5\DotNET\webroot\Images\res\fn1070.bmp
C:\Program Files\Sybase\PowerBuilder 12.5\DotNET\webroot\Images\res\fn1074.bmp
C:\Program Files\Sybase\PowerBuilder 12.5\DotNET\webroot\Images\res\fn1076.bmp
C:\Program Files\Sybase\PowerBuilder 12.5\DotNET\webroot\Images\res\fn1076.ico
C:\Program Files\Sybase\PowerBuilder 12.5\DotNET\webroot\Images\res\fn1078.bmp
C:\Program Files\Sybase\PowerBuilder 12.5\DotNET\webroot\Images\res\fn1080.bmp
C:\Program Files\Sybase\PowerBuilder 12.5\DotNET\webroot\Images\res\fn1082.bmp
C:\Program Files\Sybase\PowerBuilder 12.5\DotNET\webroot\Images\res\fn1084.bmp
C:\Program Files\Sybase\PowerBuilder 12.5\DotNET\webroot\Images\res\fn1086.bmp
C:\Program Files\Sybase\PowerBuilder 12.5\DotNET\webroot\Images\res\fn1088.bmp
C:\Program Files\Sybase\PowerBuilder 12.5\DotNET\webroot\Images\res\fn1090.bmp
C:\Program Files\Sybase\PowerBuilder 12.5\DotNET\webroot\Images\res\fn1092.bmp
C:\Program Files\Sybase\PowerBuilder 12.5\DotNET\webroot\Images\res\fn1094.bmp
C:\Program Files\Sybase\PowerBuilder 12.5\DotNET\webroot\Images\res\fn1096.bmp
C:\Program Files\Sybase\PowerBuilder 12.5\DotNET\webroot\Images\res\fn1098.bmp
C:\Program Files\Sybase\PowerBuilder 12.5\DotNET\webroot\Images\res\fn1100.bmp
C:\Program Files\Sybase\PowerBuilder 12.5\DotNET\webroot\Images\res\fn1100.ico
C:\Program Files\Sybase\PowerBuilder 12.5\DotNET\webroot\Images\res\fn1102.bmp
C:\Program Files\Sybase\PowerBuilder 12.5\DotNET\webroot\Images\res\fn1102.ico
C:\Program Files\Sybase\PowerBuilder 12.5\DotNET\webroot\Images\res\fn1104.bmp
C:\Program Files\Sybase\PowerBuilder 12.5\DotNET\webroot\Images\res\fn1106.bmp
C:\Program Files\Sybase\PowerBuilder 12.5\DotNET\webroot\Images\res\fn1112.bmp
C:\Program Files\Sybase\PowerBuilder 12.5\DotNET\webroot\Images\res\fn1116.bmp
C:\Program Files\Sybase\PowerBuilder 12.5\DotNET\webroot\Images\res\fn1118.bmp
C:\Program Files\Sybase\PowerBuilder 12.5\DotNET\webroot\Images\res\fn1118.ico
C:\Program Files\Sybase\PowerBuilder 12.5\DotNET\webroot\Images\res\fn1120.bmp
C:\Program Files\Sybase\PowerBuilder 12.5\DotNET\webroot\Images\res\fn1124.bmp
C:\Program Files\Sybase\PowerBuilder 12.5\DotNET\webroot\Images\res\fn1126.ico
C:\Program Files\Sybase\PowerBuilder 12.5\DotNET\webroot\Images\res\fn1128.bmp
C:\Program Files\Sybase\PowerBuilder 12.5\DotNET\webroot\Images\res\fn1130.bmp
C:\Program Files\Sybase\PowerBuilder 12.5\DotNET\webroot\Images\res\fn1132.bmp
C:\Program Files\Sybase\PowerBuilder 12.5\DotNET\webroot\Images\res\fn1134.bmp
C:\Program Files\Sybase\PowerBuilder 12.5\DotNET\webroot\Images\res\fn1136.bmp
C:\Program Files\Sybase\PowerBuilder 12.5\DotNET\webroot\Images\res\fn1138.bmp
C:\Program Files\Sybase\PowerBuilder 12.5\DotNET\webroot\Images\res\fn1140.bmp
C:\Program Files\Sybase\PowerBuilder 12.5\DotNET\webroot\Images\res\fn1142.bmp
C:\Program Files\Sybase\PowerBuilder 12.5\DotNET\webroot\Images\res\fn1144.bmp
C:\Program Files\Sybase\PowerBuilder 12.5\DotNET\webroot\Images\res\fn1146.bmp
C:\Program Files\Sybase\PowerBuilder 12.5\DotNET\webroot\Images\res\fn1148.bmp
C:\Program Files\Sybase\PowerBuilder 12.5\DotNET\webroot\Images\res\fn1156.bmp
C:\Program Files\Sybase\PowerBuilder 12.5\DotNET\webroot\Images\res\fn1158.bmp
C:\Program Files\Sybase\PowerBuilder 12.5\DotNET\webroot\Images\res\fn1160.bmp
C:\Program Files\Sybase\PowerBuilder 12.5\DotNET\webroot\Images\res\fn1258.bmp
C:\Program Files\Sybase\PowerBuilder 12.5\DotNET\webroot\Images\res\fn1260.bmp
C:\Program Files\Sybase\PowerBuilder 12.5\DotNET\webroot\Images\res\fn1262.bmp
C:\Program Files\Sybase\PowerBuilder 12.5\DotNET\webroot\Images\res\fn1264.bmp
C:\Program Files\Sybase\PowerBuilder 12.5\DotNET\webroot\Images\res\fn1266.bmp
C:\Program Files\Sybase\PowerBuilder 12.5\DotNET\webroot\Images\res\fn1268.bmp
C:\Program Files\Sybase\PowerBuilder 12.5\DotNET\webroot\Images\res\fn1270.bmp
C:\Program Files\Sybase\PowerBuilder 12.5\DotNET\webroot\Images\res\fn1272.bmp
C:\Program Files\Sybase\PowerBuilder 12.5\DotNET\webroot\Images\res\fn1274.bmp
C:\Program Files\Sybase\PowerBuilder 12.5\DotNET\webroot\Images\res\fn1276.bmp
C:\Program Files\Sybase\PowerBuilder 12.5\DotNET\webroot\Images\res\fn1278.bmp
C:\Program Files\Sybase\PowerBuilder 12.5\DotNET\webroot\Images\res\fn1290.bmp
C:\Program Files\Sybase\PowerBuilder 12.5\DotNET\webroot\Images\res\fn1292.bmp
C:\Program Files\Sybase\PowerBuilder 12.5\DotNET\webroot\Images\res\fn1294.bmp
C:\Program Files\Sybase\PowerBuilder 12.5\DotNET\webroot\Images\res\fn1296.bmp
C:\Program Files\Sybase\PowerBuilder 12.5\DotNET\webroot\Images\res\fn1298.bmp
C:\Program Files\Sybase\PowerBuilder 12.5\DotNET\webroot\Images\res\fn1300.bmp
C:\Program Files\Sybase\PowerBuilder 12.5\DotNET\webroot\Images\res\fn1302.bmp
C:\Program Files\Sybase\PowerBuilder 12.5\DotNET\webroot\Images\res\fn1304.bmp
C:\Program Files\Sybase\PowerBuilder 12.5\DotNET\webroot\Images\res\fn1306.bmp
C:\Program Files\Sybase\PowerBuilder 12.5\DotNET\webroot\Images\res\fn1308.bmp
C:\Program Files\Sybase\PowerBuilder 12.5\DotNET\webroot\Images\res\fn1316.bmp
C:\Program Files\Sybase\PowerBuilder 12.5\DotNET\webroot\Images\res\fn1318.bmp
C:\Program Files\Sybase\PowerBuilder 12.5\DotNET\webroot\Images\res\fn1322.bmp
C:\Program Files\Sybase\PowerBuilder 12.5\DotNET\webroot\Images\res\fn1324.bmp
C:\Program Files\Sybase\PowerBuilder 12.5\DotNET\webroot\Images\res\fn1326.bmp
C:\Program Files\Sybase\PowerBuilder 12.5\DotNET\webroot\Images\res\fn1328.bmp
C:\Program Files\Sybase\PowerBuilder 12.5\DotNET\webroot\Images\res\fn1330.bmp
C:\Program Files\Sybase\PowerBuilder 12.5\DotNET\webroot\Images\res\fn1332.bmp
C:\Program Files\Sybase\PowerBuilder 12.5\DotNET\webroot\Images\res\fn1334.bmp
C:\Program Files\Sybase\PowerBuilder 12.5\DotNET\webroot\Images\res\fn1336.bmp
C:\Program Files\Sybase\PowerBuilder 12.5\DotNET\webroot\Images\res\fn1338.bmp
C:\Program Files\Sybase\PowerBuilder 12.5\DotNET\webroot\Images\res\fn1340.bmp
C:\Program Files\Sybase\PowerBuilder 12.5\DotNET\webroot\Images\res\fn1342.bmp
C:\Program Files\Sybase\PowerBuilder 12.5\DotNET\webroot\Images\res\fn1344.bmp
C:\Program Files\Sybase\PowerBuilder 12.5\DotNET\webroot\Images\res\fn1346.bmp
C:\Program Files\Sybase\PowerBuilder 12.5\DotNET\webroot\Images\res\fn1348.bmp
C:\Program Files\Sybase\PowerBuilder 12.5\DotNET\webroot\Images\res\fn1350.bmp
C:\Program Files\Sybase\PowerBuilder 12.5\DotNET\webroot\Images\res\fn1352.bmp
C:\Program Files\Sybase\PowerBuilder 12.5\DotNET\webroot\Images\res\fn1354.bmp
C:\Program Files\Sybase\PowerBuilder 12.5\DotNET\webroot\Images\res\fn1356.bmp
C:\Program Files\Sybase\PowerBuilder 12.5\DotNET\webroot\Images\res\fn1358.bmp
C:\Program Files\Sybase\PowerBuilder 12.5\DotNET\webroot\Images\res\fn1360.bmp
C:\Program Files\Sybase\PowerBuilder 12.5\DotNET\webroot\Images\res\fn1362.bmp
C:\Program Files\Sybase\PowerBuilder 12.5\DotNET\webroot\Images\res\fn1364.bmp
C:\Program Files\Sybase\PowerBuilder 12.5\DotNET\webroot\Images\res\fn1366.bmp
C:\Program Files\Sybase\PowerBuilder 12.5\DotNET\webroot\Images\res\fn1368.bmp
C:\Program Files\Sybase\PowerBuilder 12.5\DotNET\webroot\Images\res\fn1370.bmp
C:\Program Files\Sybase\PowerBuilder 12.5\DotNET\webroot\Images\res\fn1372.bmp
C:\Program Files\Sybase\PowerBuilder 12.5\DotNET\webroot\Images\res\fn1374.bmp
C:\Program Files\Sybase\PowerBuilder 12.5\DotNET\webroot\Images\res\fn1386.bmp
C:\Program Files\Sybase\PowerBuilder 12.5\DotNET\webroot\Images\res\fn1388.bmp
C:\Program Files\Sybase\PowerBuilder 12.5\DotNET\webroot\Images\res\fn1390.bmp
C:\Program Files\Sybase\PowerBuilder 12.5\DotNET\webroot\Images\res\fn1392.bmp
C:\Program Files\Sybase\PowerBuilder 12.5\DotNET\webroot\Images\res\fn1394.bmp
C:\Program Files\Sybase\PowerBuilder 12.5\DotNET\webroot\Images\res\fn1396.bmp
C:\Program Files\Sybase\PowerBuilder 12.5\DotNET\webroot\Images\res\fn1398.bmp
C:\Program Files\Sybase\PowerBuilder 12.5\DotNET\webroot\Images\res\fn1400.bmp
C:\Program Files\Sybase\PowerBuilder 12.5\DotNET\webroot\Images\res\fn1402.bmp
C:\Program Files\Sybase\PowerBuilder 12.5\DotNET\webroot\Images\res\fn1404.bmp
C:\Program Files\Sybase\PowerBuilder 12.5\DotNET\webroot\Images\res\fn1406.bmp
C:\Program Files\Sybase\PowerBuilder 12.5\DotNET\webroot\Images\res\fn1408.bmp
C:\Program Files\Sybase\PowerBuilder 12.5\DotNET\webroot\Images\res\fn1410.bmp
C:\Program Files\Sybase\PowerBuilder 12.5\DotNET\webroot\Images\res\fn1412.bmp
C:\Program Files\Sybase\PowerBuilder 12.5\DotNET\webroot\Images\res\fn1414.bmp
C:\Program Files\Sybase\PowerBuilder 12.5\DotNET\webroot\Images\res\fn1416.bmp
C:\Program Files\Sybase\PowerBuilder 12.5\DotNET\webroot\Images\res\fn1418.bmp
C:\Program Files\Sybase\PowerBuilder 12.5\DotNET\webroot\Images\res\fn1420.bmp
C:\Program Files\Sybase\PowerBuilder 12.5\DotNET\webroot\Images\res\fn1422.bmp
C:\Program Files\Sybase\PowerBuilder 12.5\DotNET\webroot\Images\res\fn1432.bmp
C:\Program Files\Sybase\PowerBuilder 12.5\DotNET\webroot\Images\res\fn1436.bmp
C:\Program Files\Sybase\PowerBuilder 12.5\DotNET\webroot\Images\res\fn1438.bmp
C:\Program Files\Sybase\PowerBuilder 12.5\DotNET\webroot\Images\res\fn1440.bmp
C:\Program Files\Sybase\PowerBuilder 12.5\DotNET\webroot\Images\res\fn1442.bmp
C:\Program Files\Sybase\PowerBuilder 12.5\DotNET\webroot\Images\res\fn1444.bmp
C:\Program Files\Sybase\PowerBuilder 12.5\DotNET\webroot\Images\res\fn1446.bmp
C:\Program Files\Sybase\PowerBuilder 12.5\DotNET\webroot\Images\res\fn1448.bmp
C:\Program Files\Sybase\PowerBuilder 12.5\DotNET\webroot\Images\res\fn1450.bmp
C:\Program Files\Sybase\PowerBuilder 12.5\DotNET\webroot\Images\res\fn1452.bmp
C:\Program Files\Sybase\PowerBuilder 12.5\DotNET\webroot\Images\res\fn1454.bmp
C:\Program Files\Sybase\PowerBuilder 12.5\DotNET\webroot\Images\res\fn1456.bmp
C:\Program Files\Sybase\PowerBuilder 12.5\DotNET\webroot\Images\res\fn1458.bmp
C:\Program Files\Sybase\PowerBuilder 12.5\DotNET\webroot\Images\res\fn1460.bmp
C:\Program Files\Sybase\PowerBuilder 12.5\DotNET\webroot\Images\res\fn1462.bmp
C:\Program Files\Sybase\PowerBuilder 12.5\DotNET\webroot\Images\res\fn1464.bmp
C:\Program Files\Sybase\PowerBuilder 12.5\DotNET\webroot\Images\res\fn1466.bmp
C:\Program Files\Sybase\PowerBuilder 12.5\DotNET\webroot\Images\res\fn1468.bmp
C:\Program Files\Sybase\PowerBuilder 12.5\DotNET\webroot\Images\res\fn1470.bmp
C:\Program Files\Sybase\PowerBuilder 12.5\DotNET\webroot\Images\res\fn1472.bmp
C:\Program Files\Sybase\PowerBuilder 12.5\DotNET\webroot\Images\res\fn1474.bmp
C:\Program Files\Sybase\PowerBuilder 12.5\DotNET\webroot\Images\res\fn1476.bmp
C:\Program Files\Sybase\PowerBuilder 12.5\DotNET\webroot\Images\res\fn1478.bmp
C:\Program Files\Sybase\PowerBuilder 12.5\DotNET\webroot\Images\res\fn1480.bmp
C:\Program Files\Sybase\PowerBuilder 12.5\DotNET\webroot\Images\res\fn1482.bmp
C:\Program Files\Sybase\PowerBuilder 12.5\DotNET\webroot\Images\res\fn1484.bmp
C:\Program Files\Sybase\PowerBuilder 12.5\DotNET\webroot\Images\res\fn1486.bmp
C:\Program Files\Sybase\PowerBuilder 12.5\DotNET\webroot\Images\res\fn1488.bmp
C:\Program Files\Sybase\PowerBuilder 12.5\DotNET\webroot\Images\res\fn1490.bmp
C:\Program Files\Sybase\PowerBuilder 12.5\DotNET\webroot\Images\res\fn1492.bmp
C:\Program Files\Sybase\PowerBuilder 12.5\DotNET\webroot\Images\res\fn1496.bmp
C:\Program Files\Sybase\PowerBuilder 12.5\DotNET\webroot\Images\res\fn1497.bmp
C:\Program Files\Sybase\PowerBuilder 12.5\DotNET\webroot\Images\res\fn1498minusxp.bmp
C:\Program Files\Sybase\PowerBuilder 12.5\DotNET\webroot\Images\res\fn1499plusxp.bmp
C:\Program Files\Sybase\PowerBuilder 12.5\DotNET\webroot\Images\res\fn1546.bmp
C:\Program Files\Sybase\PowerBuilder 12.5\DotNET\webroot\Images\res\fn1548.bmp
C:\Program Files\Sybase\PowerBuilder 12.5\DotNET\webroot\Images\res\fn1550.bmp
C:\Program Files\Sybase\PowerBuilder 12.5\DotNET\webroot\Images\res\fn1552.bmp
C:\Program Files\Sybase\PowerBuilder 12.5\DotNET\webroot\Images\res\fn1610.bmp
C:\Program Files\Sybase\PowerBuilder 12.5\DotNET\webroot\Images\res\fn1610.ico
C:\Program Files\Sybase\PowerBuilder 12.5\DotNET\webroot\Images\res\fn1612.bmp
C:\Program Files\Sybase\PowerBuilder 12.5\DotNET\webroot\Images\res\fn1614.bmp
C:\Program Files\Sybase\PowerBuilder 12.5\DotNET\webroot\Images\res\fn1616.bmp
C:\Program Files\Sybase\PowerBuilder 12.5\DotNET\webroot\Images\res\fn1618.bmp
C:\Program Files\Sybase\PowerBuilder 12.5\DotNET\webroot\Images\res\fn1620.bmp
C:\Program Files\Sybase\PowerBuilder 12.5\DotNET\webroot\Images\res\fn1622.bmp
C:\Program Files\Sybase\PowerBuilder 12.5\DotNET\webroot\Images\res\fn1624.bmp
C:\Program Files\Sybase\PowerBuilder 12.5\DotNET\webroot\Images\res\fn1626.bmp
C:\Program Files\Sybase\PowerBuilder 12.5\DotNET\webroot\Images\res\fn1628.bmp
C:\Program Files\Sybase\PowerBuilder 12.5\DotNET\webroot\Images\res\fn1630.bmp
C:\Program Files\Sybase\PowerBuilder 12.5\DotNET\webroot\Images\res\fn1632.bmp
C:\Program Files\Sybase\PowerBuilder 12.5\DotNET\webroot\Images\res\fn1634.bmp
C:\Program Files\Sybase\PowerBuilder 12.5\DotNET\webroot\Images\res\fn1636.ico
C:\Program Files\Sybase\PowerBuilder 12.5\DotNET\webroot\Images\res\fn1638.ico
C:\Program Files\Sybase\PowerBuilder 12.5\DotNET\webroot\Images\res\fn1640.bmp
C:\Program Files\Sybase\PowerBuilder 12.5\DotNET\webroot\Images\res\fn1674.bmp
C:\Program Files\Sybase\PowerBuilder 12.5\DotNET\webroot\Images\res\fn1676.bmp
C:\Program Files\Sybase\PowerBuilder 12.5\DotNET\webroot\Images\res\fn1678.bmp
C:\Program Files\Sybase\PowerBuilder 12.5\DotNET\webroot\Images\res\fn1680.bmp
C:\Program Files\Sybase\PowerBuilder 12.5\DotNET\webroot\Images\res\fn1682.bmp
C:\Program Files\Sybase\PowerBuilder 12.5\DotNET\webroot\Images\res\fn1684.bmp
C:\Program Files\Sybase\PowerBuilder 12.5\DotNET\webroot\Images\res\fn1686.bmp
C:\Program Files\Sybase\PowerBuilder 12.5\DotNET\webroot\Images\res\fn1688.bmp
C:\Program Files\Sybase\PowerBuilder 12.5\DotNET\webroot\Images\res\fn1690.bmp
C:\Program Files\Sybase\PowerBuilder 12.5\DotNET\webroot\Images\res\fn1692.bmp
C:\Program Files\Sybase\PowerBuilder 12.5\DotNET\webroot\Images\res\fn1694.bmp
C:\Program Files\Sybase\PowerBuilder 12.5\DotNET\webroot\Images\res\fn1696.bmp
C:\Program Files\Sybase\PowerBuilder 12.5\DotNET\webroot\Images\res\fn1698.bmp
C:\Program Files\Sybase\PowerBuilder 12.5\DotNET\webroot\Images\res\fn1700.bmp
C:\Program Files\Sybase\PowerBuilder 12.5\DotNET\webroot\Images\res\fn1702.bmp
C:\Program Files\Sybase\PowerBuilder 12.5\DotNET\webroot\Images\res\fn1704.bmp
C:\Program Files\Sybase\PowerBuilder 12.5\DotNET\webroot\Images\res\fn1706.bmp
C:\Program Files\Sybase\PowerBuilder 12.5\DotNET\webroot\Images\res\fn1708.bmp
C:\Program Files\Sybase\PowerBuilder 12.5\DotNET\webroot\Images\res\fn1738.bmp
C:\Program Files\Sybase\PowerBuilder 12.5\DotNET\webroot\Images\res\fn1740.bmp
C:\Program Files\Sybase\PowerBuilder 12.5\DotNET\webroot\Images\res\fn1742.bmp
C:\Program Files\Sybase\PowerBuilder 12.5\DotNET\webroot\Images\res\fn1744.bmp
C:\Program Files\Sybase\PowerBuilder 12.5\DotNET\webroot\Images\res\fn1746.bmp
C:\Program Files\Sybase\PowerBuilder 12.5\DotNET\webroot\Images\res\fn1748.bmp
C:\Program Files\Sybase\PowerBuilder 12.5\DotNET\webroot\Images\res\fn1750.bmp
C:\Program Files\Sybase\PowerBuilder 12.5\DotNET\webroot\Images\res\fn1752.bmp
C:\Program Files\Sybase\PowerBuilder 12.5\DotNET\webroot\Images\res\fn1754.bmp
C:\Program Files\Sybase\PowerBuilder 12.5\DotNET\webroot\Images\res\fn1756.bmp
C:\Program Files\Sybase\PowerBuilder 12.5\DotNET\webroot\Images\res\fn1760.bmp
C:\Program Files\Sybase\PowerBuilder 12.5\DotNET\webroot\Images\res\fn1762.bmp
C:\Program Files\Sybase\PowerBuilder 12.5\DotNET\webroot\Images\res\fn1764.bmp
C:\Program Files\Sybase\PowerBuilder 12.5\DotNET\webroot\Images\res\fn1766.bmp
C:\Program Files\Sybase\PowerBuilder 12.5\DotNET\webroot\Images\res\fn1768.bmp
C:\Program Files\Sybase\PowerBuilder 12.5\DotNET\webroot\Images\res\fn1770.bmp
C:\Program Files\Sybase\PowerBuilder 12.5\DotNET\webroot\Images\res\fn1772.bmp
C:\Program Files\Sybase\PowerBuilder 12.5\DotNET\webroot\Images\res\fn1774.bmp
C:\Program Files\Sybase\PowerBuilder 12.5\DotNET\webroot\Images\res\fn1776.bmp
C:\Program Files\Sybase\PowerBuilder 12.5\DotNET\webroot\Images\res\fn1778.bmp
C:\Program Files\Sybase\PowerBuilder 12.5\DotNET\webroot\Images\res\fn1780.bmp
C:\Program Files\Sybase\PowerBuilder 12.5\DotNET\webroot\Images\res\fn1782.bmp
C:\Program Files\Sybase\PowerBuilder 12.5\DotNET\webroot\Images\res\fn1784.bmp
C:\Program Files\Sybase\PowerBuilder 12.5\DotNET\webroot\Images\res\fn1786.bmp
C:\Program Files\Sybase\PowerBuilder 12.5\DotNET\webroot\Images\res\fn1788.bmp
C:\Program Files\Sybase\PowerBuilder 12.5\DotNET\webroot\Images\res\fn1790.bmp
C:\Program Files\Sybase\PowerBuilder 12.5\DotNET\webroot\Images\res\fn1792.bmp
C:\Program Files\Sybase\PowerBuilder 12.5\DotNET\webroot\Images\res\fn1796.bmp
C:\Program Files\Sybase\PowerBuilder 12.5\DotNET\webroot\Images\res\fn1798.bmp
C:\Program Files\Sybase\PowerBuilder 12.5\DotNET\webroot\Images\res\fn1800.bmp
C:\Program Files\Sybase\PowerBuilder 12.5\DotNET\webroot\Images\res\fn1802.bmp
C:\Program Files\Sybase\PowerBuilder 12.5\DotNET\webroot\Images\res\fn1804.bmp
C:\Program Files\Sybase\PowerBuilder 12.5\DotNET\webroot\Images\res\fn1806.bmp
C:\Program Files\Sybase\PowerBuilder 12.5\DotNET\webroot\Images\res\fn1808.bmp
C:\Program Files\Sybase\PowerBuilder 12.5\DotNET\webroot\Images\res\fn1810.bmp
C:\Program Files\Sybase\PowerBuilder 12.5\DotNET\webroot\Images\res\fn1812.bmp
C:\Program Files\Sybase\PowerBuilder 12.5\DotNET\webroot\Images\res\fn1816.bmp
C:\Program Files\Sybase\PowerBuilder 12.5\DotNET\webroot\Images\res\fn1818.bmp
C:\Program Files\Sybase\PowerBuilder 12.5\DotNET\webroot\Images\res\fn1850.bmp
C:\Program Files\Sybase\PowerBuilder 12.5\DotNET\webroot\Images\res\fn1852.bmp
C:\Program Files\Sybase\PowerBuilder 12.5\DotNET\webroot\Images\res\fn1854.bmp
C:\Program Files\Sybase\PowerBuilder 12.5\DotNET\webroot\Images\res\fn1856.bmp
C:\Program Files\Sybase\PowerBuilder 12.5\DotNET\webroot\Images\res\fn1858.bmp
C:\Program Files\Sybase\PowerBuilder 12.5\DotNET\webroot\Images\res\fn1860.bmp
C:\Program Files\Sybase\PowerBuilder 12.5\DotNET\webroot\Images\res\fn1862.bmp
C:\Program Files\Sybase\PowerBuilder 12.5\DotNET\webroot\Images\res\fn1864.bmp
C:\Program Files\Sybase\PowerBuilder 12.5\DotNET\webroot\Images\res\fn1866.bmp
C:\Program Files\Sybase\PowerBuilder 12.5\DotNET\webroot\Images\res\fn1868.bmp
C:\Program Files\Sybase\PowerBuilder 12.5\DotNET\webroot\Images\res\fn1934.bmp
C:\Program Files\Sybase\PowerBuilder 12.5\DotNET\webroot\Images\res\fn1994.bmp
C:\Program Files\Sybase\PowerBuilder 12.5\DotNET\webroot\Images\res\fn1996.bmp
C:\Program Files\Sybase\PowerBuilder 12.5\DotNET\webroot\Images\res\fn1998.bmp
C:\Program Files\Sybase\PowerBuilder 12.5\DotNET\webroot\Images\res\fn2000.bmp
C:\Program Files\Sybase\PowerBuilder 12.5\DotNET\webroot\Images\res\fn2002.bmp
C:\Program Files\Sybase\PowerBuilder 12.5\DotNET\webroot\Images\res\fn2004.bmp
C:\Program Files\Sybase\PowerBuilder 12.5\DotNET\webroot\Images\res\fn2006.bmp
C:\Program Files\Sybase\PowerBuilder 12.5\DotNET\webroot\Images\res\fn2122.bmp
C:\Program Files\Sybase\PowerBuilder 12.5\DotNET\webroot\Images\res\fn2128.bmp
C:\Program Files\Sybase\PowerBuilder 12.5\DotNET\webroot\Images\res\fn2130.bmp
C:\Program Files\Sybase\PowerBuilder 12.5\DotNET\webroot\Images\res\fn2132.bmp
C:\Program Files\Sybase\PowerBuilder 12.5\DotNET\webroot\Images\res\fn2134.bmp
C:\Program Files\Sybase\PowerBuilder 12.5\DotNET\webroot\Images\res\fn2136.bmp
C:\Program Files\Sybase\PowerBuilder 12.5\DotNET\webroot\Images\res\fn2140.bmp
C:\Program Files\Sybase\PowerBuilder 12.5\DotNET\webroot\Images\res\fn2142.bmp
C:\Program Files\Sybase\PowerBuilder 12.5\DotNET\webroot\Images\res\fn2144.bmp
C:\Program Files\Sybase\PowerBuilder 12.5\DotNET\webroot\Images\res\fn2152.bmp
C:\Program Files\Sybase\PowerBuilder 12.5\DotNET\webroot\Images\res\fn2156.bmp
C:\Program Files\Sybase\PowerBuilder 12.5\DotNET\webroot\Images\res\fn2160.bmp
C:\Program Files\Sybase\PowerBuilder 12.5\DotNET\webroot\Images\res\fn2164.bmp
C:\Program Files\Sybase\PowerBuilder 12.5\DotNET\webroot\Images\res\fn2166.bmp
C:\Program Files\Sybase\PowerBuilder 12.5\DotNET\webroot\Images\res\fn2168.bmp
C:\Program Files\Sybase\PowerBuilder 12.5\DotNET\webroot\Images\res\fn2170.bmp
C:\Program Files\Sybase\PowerBuilder 12.5\DotNET\webroot\Images\res\fn2172.bmp
C:\Program Files\Sybase\PowerBuilder 12.5\DotNET\webroot\Images\res\fn2178.bmp
C:\Program Files\Sybase\PowerBuilder 12.5\DotNET\webroot\Images\res\fn2282.bmp
C:\Program Files\Sybase\PowerBuilder 12.5\DotNET\webroot\Images\res\fn2286.bmp
C:\Program Files\Sybase\PowerBuilder 12.5\DotNET\webroot\Images\res\fn2288.bmp
C:\Program Files\Sybase\PowerBuilder 12.5\DotNET\webroot\Images\res\fn2290.bmp
C:\Program Files\Sybase\PowerBuilder 12.5\DotNET\webroot\Images\res\fn2292.bmp
C:\Program Files\Sybase\PowerBuilder 12.5\DotNET\webroot\Images\res\fn2294.bmp
C:\Program Files\Sybase\PowerBuilder 12.5\DotNET\webroot\Images\res\fn2298.bmp
C:\Program Files\Sybase\PowerBuilder 12.5\DotNET\webroot\Images\res\fn2300.bmp
C:\Program Files\Sybase\PowerBuilder 12.5\DotNET\webroot\Images\res\fn2348.bmp
C:\Program Files\Sybase\PowerBuilder 12.5\DotNET\webroot\Images\res\fn2410.bmp
C:\Program Files\Sybase\PowerBuilder 12.5\DotNET\webroot\Images\res\fn2412.bmp
C:\Program Files\Sybase\PowerBuilder 12.5\DotNET\webroot\Images\res\fn2414.bmp
C:\Program Files\Sybase\PowerBuilder 12.5\DotNET\webroot\Images\res\fn2416.bmp
C:\Program Files\Sybase\PowerBuilder 12.5\DotNET\webroot\Images\res\fn2418.bmp
C:\Program Files\Sybase\PowerBuilder 12.5\DotNET\webroot\Images\res\fn2420.bmp
C:\Program Files\Sybase\PowerBuilder 12.5\DotNET\webroot\Images\res\fn2422.bmp
C:\Program Files\Sybase\PowerBuilder 12.5\DotNET\webroot\Images\res\fn2424.bmp
C:\Program Files\Sybase\PowerBuilder 12.5\DotNET\webroot\Images\res\fn2426.bmp
C:\Program Files\Sybase\PowerBuilder 12.5\DotNET\webroot\Images\res\fn2428.bmp
C:\Program Files\Sybase\PowerBuilder 12.5\DotNET\webroot\Images\res\fn2430.bmp
C:\Program Files\Sybase\PowerBuilder 12.5\DotNET\webroot\Images\res\fn2432.bmp
C:\Program Files\Sybase\PowerBuilder 12.5\DotNET\webroot\Images\res\fn2434.bmp
C:\Program Files\Sybase\PowerBuilder 12.5\DotNET\webroot\Images\res\fn2436.bmp
C:\Program Files\Sybase\PowerBuilder 12.5\DotNET\webroot\Images\res\fn2438.bmp
C:\Program Files\Sybase\PowerBuilder 12.5\DotNET\webroot\Images\res\fn2440.bmp
C:\Program Files\Sybase\PowerBuilder 12.5\DotNET\webroot\Images\res\fn2442.bmp
C:\Program Files\Sybase\PowerBuilder 12.5\DotNET\webroot\Images\res\fn2444.bmp
C:\Program Files\Sybase\PowerBuilder 12.5\DotNET\webroot\Images\res\fn2446.bmp
C:\Program Files\Sybase\PowerBuilder 12.5\DotNET\webroot\Images\res\fn2448.bmp
C:\Program Files\Sybase\PowerBuilder 12.5\DotNET\webroot\Images\res\fn2450.bmp
C:\Program Files\Sybase\PowerBuilder 12.5\DotNET\webroot\Images\res\fn2452.bmp
C:\Program Files\Sybase\PowerBuilder 12.5\DotNET\webroot\Images\res\fn2454.bmp
C:\Program Files\Sybase\PowerBuilder 12.5\DotNET\webroot\Images\res\fn2456.bmp
C:\Program Files\Sybase\PowerBuilder 12.5\DotNET\webroot\Images\res\fn2458.bmp
C:\Program Files\Sybase\PowerBuilder 12.5\DotNET\webroot\Images\res\fn2460.bmp
C:\Program Files\Sybase\PowerBuilder 12.5\DotNET\webroot\Images\res\fn2462.bmp
C:\Program Files\Sybase\PowerBuilder 12.5\DotNET\webroot\Images\res\fn2464.bmp
C:\Program Files\Sybase\PowerBuilder 12.5\DotNET\webroot\Images\res\fn2466.bmp
C:\Program Files\Sybase\PowerBuilder 12.5\DotNET\webroot\Images\res\fn2468.bmp
C:\Program Files\Sybase\PowerBuilder 12.5\DotNET\webroot\Images\res\fn2470.bmp
C:\Program Files\Sybase\PowerBuilder 12.5\DotNET\webroot\Images\res\fn2472.bmp
C:\Program Files\Sybase\PowerBuilder 12.5\DotNET\webroot\Images\res\fn2474.bmp
C:\Program Files\Sybase\PowerBuilder 12.5\DotNET\webroot\Images\res\fn2476.bmp
C:\Program Files\Sybase\PowerBuilder 12.5\DotNET\webroot\Images\res\fn2478.bmp
C:\Program Files\Sybase\PowerBuilder 12.5\DotNET\webroot\Images\res\fn2480.bmp
C:\Program Files\Sybase\PowerBuilder 12.5\DotNET\webroot\Images\res\fn2482.bmp
C:\Program Files\Sybase\PowerBuilder 12.5\DotNET\webroot\Images\res\fn2484.bmp
C:\Program Files\Sybase\PowerBuilder 12.5\DotNET\webroot\Images\res\fn2486.bmp
C:\Program Files\Sybase\PowerBuilder 12.5\DotNET\webroot\Images\res\fn2488.bmp
C:\Program Files\Sybase\PowerBuilder 12.5\DotNET\webroot\Images\res\fn2490.bmp
C:\Program Files\Sybase\PowerBuilder 12.5\DotNET\webroot\Images\res\fn2492.bmp
C:\Program Files\Sybase\PowerBuilder 12.5\DotNET\webroot\Images\res\fn2494.bmp
C:\Program Files\Sybase\PowerBuilder 12.5\DotNET\webroot\Images\res\fn2496.bmp
C:\Program Files\Sybase\PowerBuilder 12.5\DotNET\webroot\Images\res\fn2498.bmp
C:\Program Files\Sybase\PowerBuilder 12.5\DotNET\webroot\Images\res\fn2500.bmp
C:\Program Files\Sybase\PowerBuilder 12.5\DotNET\webroot\Images\res\fn2502.bmp
C:\Program Files\Sybase\PowerBuilder 12.5\DotNET\webroot\Images\res\fn2504.bmp
C:\Program Files\Sybase\PowerBuilder 12.5\DotNET\webroot\Images\res\fn2506.bmp
C:\Program Files\Sybase\PowerBuilder 12.5\DotNET\webroot\Images\res\fn2508.bmp
C:\Program Files\Sybase\PowerBuilder 12.5\DotNET\webroot\Images\res\fn2510.bmp
C:\Program Files\Sybase\PowerBuilder 12.5\DotNET\webroot\Images\res\fn2512.bmp
C:\Program Files\Sybase\PowerBuilder 12.5\DotNET\webroot\Images\res\fn2514.bmp
C:\Program Files\Sybase\PowerBuilder 12.5\DotNET\webroot\Images\res\fn2516.bmp
C:\Program Files\Sybase\PowerBuilder 12.5\DotNET\webroot\Images\res\fn2518.bmp
C:\Program Files\Sybase\PowerBuilder 12.5\DotNET\webroot\Images\res\fn2520.bmp
C:\Program Files\Sybase\PowerBuilder 12.5\DotNET\webroot\Images\res\fn2522.bmp
C:\Program Files\Sybase\PowerBuilder 12.5\DotNET\webroot\Images\res\fn2524.bmp
C:\Program Files\Sybase\PowerBuilder 12.5\DotNET\webroot\Images\res\fn2526.bmp
C:\Program Files\Sybase\PowerBuilder 12.5\DotNET\webroot\Images\res\fn2528.bmp
C:\Program Files\Sybase\PowerBuilder 12.5\DotNET\webroot\Images\res\fn2530.bmp
C:\Program Files\Sybase\PowerBuilder 12.5\DotNET\webroot\Images\res\fn2532.bmp
C:\Program Files\Sybase\PowerBuilder 12.5\DotNET\webroot\Images\res\fn2534.bmp
C:\Program Files\Sybase\PowerBuilder 12.5\DotNET\webroot\Images\res\fn2536.bmp
C:\Program Files\Sybase\PowerBuilder 12.5\DotNET\webroot\Images\res\fn2538.bmp
C:\Program Files\Sybase\PowerBuilder 12.5\DotNET\webroot\Images\res\fn2540.bmp
C:\Program Files\Sybase\PowerBuilder 12.5\DotNET\webroot\Images\res\fn2542.bmp
C:\Program Files\Sybase\PowerBuilder 12.5\DotNET\webroot\Images\res\fn2544.bmp
C:\Program Files\Sybase\PowerBuilder 12.5\DotNET\webroot\Images\res\fn2546.bmp
C:\Program Files\Sybase\PowerBuilder 12.5\DotNET\webroot\Images\res\fn2548.bmp
C:\Program Files\Sybase\PowerBuilder 12.5\DotNET\webroot\Images\res\fn2550.bmp
C:\Program Files\Sybase\PowerBuilder 12.5\DotNET\webroot\Images\res\fn2552.bmp
C:\Program Files\Sybase\PowerBuilder 12.5\DotNET\webroot\Images\res\fn2554.bmp
C:\Program Files\Sybase\PowerBuilder 12.5\DotNET\webroot\Images\res\fn2556.bmp
C:\Program Files\Sybase\PowerBuilder 12.5\DotNET\webroot\Images\res\fn2558.bmp
C:\Program Files\Sybase\PowerBuilder 12.5\DotNET\webroot\Images\res\fn2560.bmp
C:\Program Files\Sybase\PowerBuilder 12.5\DotNET\webroot\Images\res\fn2562.bmp
C:\Program Files\Sybase\PowerBuilder 12.5\DotNET\webroot\Images\res\fn2564.bmp
C:\Program Files\Sybase\PowerBuilder 12.5\DotNET\webroot\Images\res\fn2566.bmp
C:\Program Files\Sybase\PowerBuilder 12.5\DotNET\webroot\Images\res\fn2568.bmp
C:\Program Files\Sybase\PowerBuilder 12.5\DotNET\webroot\Images\res\fn2570.bmp
C:\Program Files\Sybase\PowerBuilder 12.5\DotNET\webroot\Images\res\fn2572.bmp
C:\Program Files\Sybase\PowerBuilder 12.5\DotNET\webroot\Images\res\fn2574.bmp
C:\Program Files\Sybase\PowerBuilder 12.5\DotNET\webroot\Images\res\fn2576.bmp
C:\Program Files\Sybase\PowerBuilder 12.5\DotNET\webroot\Images\res\fn2578.bmp
C:\Program Files\Sybase\PowerBuilder 12.5\DotNET\webroot\Images\res\fn2580.bmp
C:\Program Files\Sybase\PowerBuilder 12.5\DotNET\webroot\Images\res\fn2582.bmp
C:\Program Files\Sybase\PowerBuilder 12.5\DotNET\webroot\Images\res\fn2584.bmp
C:\Program Files\Sybase\PowerBuilder 12.5\DotNET\webroot\Images\res\fn2586.bmp
C:\Program Files\Sybase\PowerBuilder 12.5\DotNET\webroot\Images\res\fn2588.bmp
C:\Program Files\Sybase\PowerBuilder 12.5\DotNET\webroot\Images\res\fn2590.bmp
C:\Program Files\Sybase\PowerBuilder 12.5\DotNET\webroot\Images\res\fn2592.bmp
C:\Program Files\Sybase\PowerBuilder 12.5\DotNET\webroot\Images\res\fn2594.bmp
C:\Program Files\Sybase\PowerBuilder 12.5\DotNET\webroot\Images\res\fn2596.bmp
C:\Program Files\Sybase\PowerBuilder 12.5\DotNET\webroot\Images\res\fn2598.bmp
C:\Program Files\Sybase\PowerBuilder 12.5\DotNET\webroot\Images\res\fn2600.bmp
C:\Program Files\Sybase\PowerBuilder 12.5\DotNET\webroot\Images\res\fn2602.bmp
C:\Program Files\Sybase\PowerBuilder 12.5\DotNET\webroot\Images\res\fn2604.bmp
C:\Program Files\Sybase\PowerBuilder 12.5\DotNET\webroot\Images\res\fn2606.bmp
C:\Program Files\Sybase\PowerBuilder 12.5\DotNET\webroot\Images\res\fn2608.bmp
C:\Program Files\Sybase\PowerBuilder 12.5\DotNET\webroot\Images\res\fn2610.bmp
C:\Program Files\Sybase\PowerBuilder 12.5\DotNET\webroot\Images\res\fn2668.bmp
C:\Program Files\Sybase\PowerBuilder 12.5\DotNET\webroot\Images\res\fn2670.bmp
C:\Program Files\Sybase\PowerBuilder 12.5\DotNET\webroot\Images\res\fn2672.bmp
C:\Program Files\Sybase\PowerBuilder 12.5\DotNET\webroot\Images\res\fn2674.bmp
C:\Program Files\Sybase\PowerBuilder 12.5\DotNET\webroot\Images\res\fn2676.bmp
C:\Program Files\Sybase\PowerBuilder 12.5\DotNET\webroot\Images\res\fn2678.bmp
C:\Program Files\Sybase\PowerBuilder 12.5\DotNET\webroot\Images\res\fn2680.bmp
C:\Program Files\Sybase\PowerBuilder 12.5\DotNET\webroot\Images\res\fn2682.bmp
C:\Program Files\Sybase\PowerBuilder 12.5\DotNET\webroot\Images\res\fn2684.bmp
C:\Program Files\Sybase\PowerBuilder 12.5\DotNET\webroot\Images\res\fn2686.bmp
C:\Program Files\Sybase\PowerBuilder 12.5\DotNET\webroot\Images\res\fn2688.bmp
C:\Program Files\Sybase\PowerBuilder 12.5\DotNET\webroot\Images\res\fn2690.bmp
C:\Program Files\Sybase\PowerBuilder 12.5\DotNET\webroot\Images\res\fn2692.bmp
C:\Program Files\Sybase\PowerBuilder 12.5\DotNET\webroot\Images\res\fn2694.bmp
C:\Program Files\Sybase\PowerBuilder 12.5\DotNET\webroot\Images\res\fn2696.bmp
C:\Program Files\Sybase\PowerBuilder 12.5\DotNET\webroot\Images\res\fn2698.bmp
C:\Program Files\Sybase\PowerBuilder 12.5\DotNET\webroot\Images\res\fn2700.bmp
C:\Program Files\Sybase\PowerBuilder 12.5\DotNET\webroot\Images\res\fn2702.bmp
C:\Program Files\Sybase\PowerBuilder 12.5\DotNET\webroot\Images\res\fn2704.bmp
C:\Program Files\Sybase\PowerBuilder 12.5\DotNET\webroot\Images\res\fn2706.bmp
C:\Program Files\Sybase\PowerBuilder 12.5\DotNET\webroot\Images\res\fn2708.bmp
C:\Program Files\Sybase\PowerBuilder 12.5\DotNET\webroot\Images\res\fn2710.bmp
C:\Program Files\Sybase\PowerBuilder 12.5\DotNET\webroot\Images\res\fn2712.bmp
C:\Program Files\Sybase\PowerBuilder 12.5\DotNET\webroot\Images\res\fn2714.bmp
C:\Program Files\Sybase\PowerBuilder 12.5\DotNET\webroot\Images\res\fn2716.bmp
C:\Program Files\Sybase\PowerBuilder 12.5\DotNET\webroot\Images\res\fn2718.bmp
C:\Program Files\Sybase\PowerBuilder 12.5\DotNET\webroot\Images\res\fn2720.bmp
C:\Program Files\Sybase\PowerBuilder 12.5\DotNET\webroot\Images\res\fn2722.bmp
C:\Program Files\Sybase\PowerBuilder 12.5\DotNET\webroot\Images\res\fn2724.bmp
C:\Program Files\Sybase\PowerBuilder 12.5\DotNET\webroot\Images\res\fn2726.bmp
C:\Program Files\Sybase\PowerBuilder 12.5\DotNET\webroot\Images\res\fn2728.bmp
C:\Program Files\Sybase\PowerBuilder 12.5\DotNET\webroot\Images\res\fn2730.bmp
C:\Program Files\Sybase\PowerBuilder 12.5\DotNET\webroot\Images\res\fn2732.bmp
C:\Program Files\Sybase\PowerBuilder 12.5\DotNET\webroot\Images\res\fn2734.bmp
C:\Program Files\Sybase\PowerBuilder 12.5\DotNET\webroot\Images\res\fn2736.bmp
C:\Program Files\Sybase\PowerBuilder 12.5\DotNET\webroot\Images\res\fn2738.bmp
C:\Program Files\Sybase\PowerBuilder 12.5\DotNET\webroot\Images\res\fn2740.bmp
C:\Program Files\Sybase\PowerBuilder 12.5\DotNET\webroot\Images\res\fn2742.bmp
C:\Program Files\Sybase\PowerBuilder 12.5\DotNET\webroot\Images\res\fn2744.bmp
C:\Program Files\Sybase\PowerBuilder 12.5\DotNET\webroot\Images\res\fn2746.bmp
C:\Program Files\Sybase\PowerBuilder 12.5\DotNET\webroot\Images\res\fn2748.bmp
C:\Program Files\Sybase\PowerBuilder 12.5\DotNET\webroot\Images\res\fn2750.bmp
C:\Program Files\Sybase\PowerBuilder 12.5\DotNET\webroot\Images\res\fn2752.bmp
C:\Program Files\Sybase\PowerBuilder 12.5\DotNET\webroot\Images\res\fn2754.bmp
C:\Program Files\Sybase\PowerBuilder 12.5\DotNET\webroot\Images\res\fn2756.bmp
C:\Program Files\Sybase\PowerBuilder 12.5\DotNET\webroot\Images\res\fn2758.bmp
C:\Program Files\Sybase\PowerBuilder 12.5\DotNET\webroot\Images\res\fn2760.bmp
C:\Program Files\Sybase\PowerBuilder 12.5\DotNET\webroot\Images\res\fn2762.bmp
C:\Program Files\Sybase\PowerBuilder 12.5\DotNET\webroot\Images\res\fn2764.bmp
C:\Program Files\Sybase\PowerBuilder 12.5\DotNET\webroot\Images\res\fn2766.bmp
C:\Program Files\Sybase\PowerBuilder 12.5\DotNET\webroot\Images\res\fn2768.bmp
C:\Program Files\Sybase\PowerBuilder 12.5\DotNET\webroot\Images\res\fn2770.bmp
C:\Program Files\Sybase\PowerBuilder 12.5\DotNET\webroot\Images\res\fn2772.bmp
C:\Program Files\Sybase\PowerBuilder 12.5\DotNET\webroot\Images\res\fn2774.bmp
C:\Program Files\Sybase\PowerBuilder 12.5\DotNET\webroot\Images\res\fn2776.bmp
C:\Program Files\Sybase\PowerBuilder 12.5\DotNET\webroot\Images\res\fn2778.bmp
C:\Program Files\Sybase\PowerBuilder 12.5\DotNET\webroot\Images\res\fn2780.bmp
C:\Program Files\Sybase\PowerBuilder 12.5\DotNET\webroot\Images\res\fn2782.bmp
C:\Program Files\Sybase\PowerBuilder 12.5\DotNET\webroot\Images\res\fn2784.bmp
C:\Program Files\Sybase\PowerBuilder 12.5\DotNET\webroot\Images\res\fn2786.bmp
C:\Program Files\Sybase\PowerBuilder 12.5\DotNET\webroot\Images\res\fn2788.bmp
C:\Program Files\Sybase\PowerBuilder 12.5\DotNET\webroot\Images\res\fn2790.bmp
C:\Program Files\Sybase\PowerBuilder 12.5\DotNET\webroot\Images\res\fn2792.bmp
C:\Program Files\Sybase\PowerBuilder 12.5\DotNET\webroot\Images\res\fn2794.bmp
C:\Program Files\Sybase\PowerBuilder 12.5\DotNET\webroot\Images\res\fn2796.bmp
C:\Program Files\Sybase\PowerBuilder 12.5\DotNET\webroot\Images\res\fn2798.bmp
C:\Program Files\Sybase\PowerBuilder 12.5\DotNET\webroot\Images\res\fn2800.bmp
C:\Program Files\Sybase\PowerBuilder 12.5\DotNET\webroot\Images\res\fn2802.bmp
C:\Program Files\Sybase\PowerBuilder 12.5\DotNET\webroot\Images\res\fn2804.bmp
C:\Program Files\Sybase\PowerBuilder 12.5\DotNET\webroot\Images\res\fn2806.bmp
C:\Program Files\Sybase\PowerBuilder 12.5\DotNET\webroot\Images\res\fn2808.bmp
C:\Program Files\Sybase\PowerBuilder 12.5\DotNET\webroot\Images\res\fn2810.bmp
C:\Program Files\Sybase\PowerBuilder 12.5\DotNET\webroot\Images\res\fn2812.bmp
C:\Program Files\Sybase\PowerBuilder 12.5\DotNET\webroot\Images\res\fn2814.bmp
C:\Program Files\Sybase\PowerBuilder 12.5\DotNET\webroot\Images\res\fn2816.bmp
C:\Program Files\Sybase\PowerBuilder 12.5\DotNET\webroot\Images\res\fn2818.bmp
C:\Program Files\Sybase\PowerBuilder 12.5\DotNET\webroot\Images\res\fn2820.bmp
C:\Program Files\Sybase\PowerBuilder 12.5\DotNET\webroot\Images\res\fn2822.bmp
C:\Program Files\Sybase\PowerBuilder 12.5\DotNET\webroot\Images\res\fn2824.bmp
C:\Program Files\Sybase\PowerBuilder 12.5\DotNET\webroot\Images\res\fn2826.bmp
C:\Program Files\Sybase\PowerBuilder 12.5\DotNET\webroot\Images\res\fn2828.bmp
C:\Program Files\Sybase\PowerBuilder 12.5\DotNET\webroot\Images\res\fn2830.bmp
C:\Program Files\Sybase\PowerBuilder 12.5\DotNET\webroot\Images\res\fn2832.bmp
C:\Program Files\Sybase\PowerBuilder 12.5\DotNET\webroot\Images\res\fn2834.bmp
C:\Program Files\Sybase\PowerBuilder 12.5\DotNET\webroot\Images\res\fn2836.bmp
C:\Program Files\Sybase\PowerBuilder 12.5\DotNET\webroot\Images\res\fn2838.bmp
C:\Program Files\Sybase\PowerBuilder 12.5\DotNET\webroot\Images\res\fn2840.bmp
C:\Program Files\Sybase\PowerBuilder 12.5\DotNET\webroot\Images\res\fn2842.bmp
C:\Program Files\Sybase\PowerBuilder 12.5\DotNET\webroot\Images\res\fn2844.bmp
C:\Program Files\Sybase\PowerBuilder 12.5\DotNET\webroot\Images\res\fn2846.bmp
C:\Program Files\Sybase\PowerBuilder 12.5\DotNET\webroot\Images\res\fn2848.bmp
C:\Program Files\Sybase\PowerBuilder 12.5\DotNET\webroot\Images\res\fn2850.bmp
C:\Program Files\Sybase\PowerBuilder 12.5\DotNET\webroot\Images\res\fn2852.bmp
C:\Program Files\Sybase\PowerBuilder 12.5\DotNET\webroot\Images\res\fn2854.bmp
C:\Program Files\Sybase\PowerBuilder 12.5\DotNET\webroot\Images\res\fn2856.bmp
C:\Program Files\Sybase\PowerBuilder 12.5\DotNET\webroot\Images\res\fn2858.bmp
C:\Program Files\Sybase\PowerBuilder 12.5\DotNET\webroot\Images\res\fn2860.bmp
C:\Program Files\Sybase\PowerBuilder 12.5\DotNET\webroot\Images\res\fn2862.bmp
C:\Program Files\Sybase\PowerBuilder 12.5\DotNET\webroot\Images\res\fn2864.bmp
C:\Program Files\Sybase\PowerBuilder 12.5\DotNET\webroot\Images\res\fn2866.bmp
C:\Program Files\Sybase\PowerBuilder 12.5\DotNET\webroot\Images\res\fn2868.bmp
C:\Program Files\Sybase\PowerBuilder 12.5\DotNET\webroot\Images\res\fn2870.bmp
C:\Program Files\Sybase\PowerBuilder 12.5\DotNET\webroot\Images\res\fn2872.bmp
C:\Program Files\Sybase\PowerBuilder 12.5\DotNET\webroot\Images\res\fn2874.bmp
C:\Program Files\Sybase\PowerBuilder 12.5\DotNET\webroot\Images\res\fn2876.bmp
C:\Program Files\Sybase\PowerBuilder 12.5\DotNET\webroot\Images\res\fn2878.bmp
C:\Program Files\Sybase\PowerBuilder 12.5\DotNET\webroot\Images\res\fn2880.bmp
C:\Program Files\Sybase\PowerBuilder 12.5\DotNET\webroot\Images\res\fn2882.bmp
C:\Program Files\Sybase\PowerBuilder 12.5\DotNET\webroot\Images\res\fn2884.bmp
C:\Program Files\Sybase\PowerBuilder 12.5\DotNET\webroot\Images\res\fn2886.bmp
C:\Program Files\Sybase\PowerBuilder 12.5\DotNET\webroot\Images\res\fn2888.bmp
C:\Program Files\Sybase\PowerBuilder 12.5\DotNET\webroot\Images\res\fn2890.bmp
C:\Program Files\Sybase\PowerBuilder 12.5\DotNET\webroot\Images\res\fn2892.bmp
C:\Program Files\Sybase\PowerBuilder 12.5\DotNET\webroot\Images\res\fn2894.bmp
C:\Program Files\Sybase\PowerBuilder 12.5\DotNET\webroot\Images\res\fn2896.bmp
C:\Program Files\Sybase\PowerBuilder 12.5\DotNET\webroot\Images\res\fn2898.bmp
C:\Program Files\Sybase\PowerBuilder 12.5\DotNET\webroot\Images\res\fn2900.bmp
C:\Program Files\Sybase\PowerBuilder 12.5\DotNET\webroot\Images\res\fn2902.bmp
C:\Program Files\Sybase\PowerBuilder 12.5\DotNET\webroot\Images\res\fn2904.bmp
C:\Program Files\Sybase\PowerBuilder 12.5\DotNET\webroot\Images\res\fn2906.bmp
C:\Program Files\Sybase\PowerBuilder 12.5\DotNET\webroot\Images\res\fn2908.bmp
C:\Program Files\Sybase\PowerBuilder 12.5\DotNET\webroot\Images\res\fn2911.bmp
C:\Program Files\Sybase\PowerBuilder 12.5\DotNET\webroot\Images\res\fn2912.bmp
C:\Program Files\Sybase\PowerBuilder 12.5\DotNET\webroot\Images\res\fn2913.bmp
C:\Program Files\Sybase\PowerBuilder 12.5\DotNET\webroot\Images\res\fn2914.bmp
C:\Program Files\Sybase\PowerBuilder 12.5\DotNET\webroot\Images\res\fn2915.bmp
C:\Program Files\Sybase\PowerBuilder 12.5\DotNET\webroot\Images\res\fn2916.bmp
C:\Program Files\Sybase\PowerBuilder 12.5\DotNET\webroot\Images\res\fn2917.bmp
C:\Program Files\Sybase\PowerBuilder 12.5\DotNET\webroot\Images\res\fn2918.bmp
C:\Program Files\Sybase\PowerBuilder 12.5\DotNET\webroot\Images\res\fn2919.bmp
C:\Program Files\Sybase\PowerBuilder 12.5\DotNET\webroot\Images\res\fn2920.bmp
C:\Program Files\Sybase\PowerBuilder 12.5\DotNET\webroot\Images\res\fn2921.bmp
C:\Program Files\Sybase\PowerBuilder 12.5\DotNET\webroot\Images\res\fn2922.bmp
C:\Program Files\Sybase\PowerBuilder 12.5\DotNET\webroot\Images\res\fn2923.bmp
C:\Program Files\Sybase\PowerBuilder 12.5\DotNET\webroot\Images\res\fn2924.bmp
C:\Program Files\Sybase\PowerBuilder 12.5\DotNET\webroot\Images\res\fn2926.bmp
C:\Program Files\Sybase\PowerBuilder 12.5\DotNET\webroot\Images\res\fn2928.ico
C:\Program Files\Sybase\PowerBuilder 12.5\DotNET\webroot\Images\res\fn2930.ico
C:\Program Files\Sybase\PowerBuilder 12.5\DotNET\webroot\Images\res\fn3000.bmp
C:\Program Files\Sybase\PowerBuilder 12.5\DotNET\webroot\Images\res\fn3001.bmp
C:\Program Files\Sybase\PowerBuilder 12.5\DotNET\webroot\Images\res\fn3002.bmp
C:\Program Files\Sybase\PowerBuilder 12.5\DotNET\webroot\Images\res\fn3003.bmp
C:\Program Files\Sybase\PowerBuilder 12.5\DotNET\webroot\Images\res\fn3004.bmp
C:\Program Files\Sybase\PowerBuilder 12.5\DotNET\webroot\Images\res\fn3005.bmp
C:\Program Files\Sybase\PowerBuilder 12.5\DotNET\webroot\Images\res\fn3006.bmp
C:\Program Files\Sybase\PowerBuilder 12.5\DotNET\webroot\Images\res\fn3007.bmp
C:\Program Files\Sybase\PowerBuilder 12.5\DotNET\webroot\Images\res\fn3008.bmp
C:\Program Files\Sybase\PowerBuilder 12.5\DotNET\webroot\Images\res\fn3009.bmp
C:\Program Files\Sybase\PowerBuilder 12.5\DotNET\webroot\Images\res\fn3010.bmp
C:\Program Files\Sybase\PowerBuilder 12.5\DotNET\webroot\Images\res\fn3011.bmp
C:\Program Files\Sybase\PowerBuilder 12.5\DotNET\webroot\Images\res\fn3012.bmp
C:\Program Files\Sybase\PowerBuilder 12.5\DotNET\webroot\Images\res\fn3013.bmp
C:\Program Files\Sybase\PowerBuilder 12.5\DotNET\webroot\Images\res\fn3014.bmp
C:\Program Files\Sybase\PowerBuilder 12.5\DotNET\webroot\Images\res\fn3015.bmp
C:\Program Files\Sybase\PowerBuilder 12.5\DotNET\webroot\Images\res\fn3016.bmp
C:\Program Files\Sybase\PowerBuilder 12.5\DotNET\webroot\Images\res\fnappend.bmp
C:\Program Files\Sybase\PowerBuilder 12.5\DotNET\webroot\Images\res\fndddn.bmp
C:\Program Files\Sybase\PowerBuilder 12.5\DotNET\webroot\Images\res\fnddup.bmp
C:\Program Files\Sybase\PowerBuilder 12.5\DotNET\webroot\Images\res\fndither.bmp
C:\Program Files\Sybase\PowerBuilder 12.5\DotNET\webroot\Images\res\fndragno.ico
C:\Program Files\Sybase\PowerBuilder 12.5\DotNET\webroot\Images\res\fnhand.cur
C:\Program Files\Sybase\PowerBuilder 12.5\DotNET\webroot\Images\res\fnmask.bmp
C:\Program Files\Sybase\PowerBuilder 12.5\DotNET\webroot\Images\res\fnruler.bmp
C:\Program Files\Sybase\PowerBuilder 12.5\DotNET\webroot\Images\res\fntooldn.bmp
C:\Program Files\Sybase\PowerBuilder 12.5\DotNET\webroot\Images\res\fntoolup.bmp
C:\Program Files\Sybase\PowerBuilder 12.5\DotNET\webroot\Images\res\hourglass.bmp
C:\Program Files\Sybase\PowerBuilder 12.5\DotNET\webroot\Images\res\hyperlink.bmp
C:\Program Files\Sybase\PowerBuilder 12.5\DotNET\webroot\Images\res\icon.bmp
C:\Program Files\Sybase\PowerBuilder 12.5\DotNET\webroot\Images\res\information.ico
C:\Program Files\Sybase\PowerBuilder 12.5\DotNET\webroot\Images\res\jagcomp.bmp
C:\Program Files\Sybase\PowerBuilder 12.5\DotNET\webroot\Images\res\jagfldrs.bmp
C:\Program Files\Sybase\PowerBuilder 12.5\DotNET\webroot\Images\res\jagpack.bmp
C:\Program Files\Sybase\PowerBuilder 12.5\DotNET\webroot\Images\res\jagserv.bmp
C:\Program Files\Sybase\PowerBuilder 12.5\DotNET\webroot\Images\res\jpgchkdd.bmp
C:\Program Files\Sybase\PowerBuilder 12.5\DotNET\webroot\Images\res\jpgchked.bmp
C:\Program Files\Sybase\PowerBuilder 12.5\DotNET\webroot\Images\res\line2d.ico
C:\Program Files\Sybase\PowerBuilder 12.5\DotNET\webroot\Images\res\line3d.ico
C:\Program Files\Sybase\PowerBuilder 12.5\DotNET\webroot\Images\res\meta.bmp
C:\Program Files\Sybase\PowerBuilder 12.5\DotNET\webroot\Images\res\no.bmp
C:\Program Files\Sybase\PowerBuilder 12.5\DotNET\webroot\Images\res\owactvx.ico
C:\Program Files\Sybase\PowerBuilder 12.5\DotNET\webroot\Images\res\owapp.ico
C:\Program Files\Sybase\PowerBuilder 12.5\DotNET\webroot\Images\res\owappsrv.ico
C:\Program Files\Sybase\PowerBuilder 12.5\DotNET\webroot\Images\res\owapptpl.ico
C:\Program Files\Sybase\PowerBuilder 12.5\DotNET\webroot\Images\res\owauto.ico
C:\Program Files\Sybase\PowerBuilder 12.5\DotNET\webroot\Images\res\owcom.ico
C:\Program Files\Sybase\PowerBuilder 12.5\DotNET\webroot\Images\res\owjag.ico
C:\Program Files\Sybase\PowerBuilder 12.5\DotNET\webroot\Images\res\padata.bmp
C:\Program Files\Sybase\PowerBuilder 12.5\DotNET\webroot\Images\res\PB.exe.manifest
C:\Program Files\Sybase\PowerBuilder 12.5\DotNET\webroot\Images\res\pbcdrag.cur
C:\Program Files\Sybase\PowerBuilder 12.5\DotNET\webroot\Images\res\pbcross.bmp
C:\Program Files\Sybase\PowerBuilder 12.5\DotNET\webroot\Images\res\pbdpp.ico
C:\Program Files\Sybase\PowerBuilder 12.5\DotNET\webroot\Images\res\pbewizd.ico
C:\Program Files\Sybase\PowerBuilder 12.5\DotNET\webroot\Images\res\pbewize.ico
C:\Program Files\Sybase\PowerBuilder 12.5\DotNET\webroot\Images\res\pbewizm.ico
C:\Program Files\Sybase\PowerBuilder 12.5\DotNET\webroot\Images\res\pbewizq.ico
C:\Program Files\Sybase\PowerBuilder 12.5\DotNET\webroot\Images\res\pbewizv.ico
C:\Program Files\Sybase\PowerBuilder 12.5\DotNET\webroot\Images\res\pbhyp.ico
C:\Program Files\Sybase\PowerBuilder 12.5\DotNET\webroot\Images\res\pbprfont.bmp
C:\Program Files\Sybase\PowerBuilder 12.5\DotNET\webroot\Images\res\pbqcksel.ico
C:\Program Files\Sybase\PowerBuilder 12.5\DotNET\webroot\Images\res\pbqry.ico
C:\Program Files\Sybase\PowerBuilder 12.5\DotNET\webroot\Images\res\pbttfont.bmp
C:\Program Files\Sybase\PowerBuilder 12.5\DotNET\webroot\Images\res\pb_b_dn.bmp
C:\Program Files\Sybase\PowerBuilder 12.5\DotNET\webroot\Images\res\pb_b_up.bmp
C:\Program Files\Sybase\PowerBuilder 12.5\DotNET\webroot\Images\res\pb_c_dn.bmp
C:\Program Files\Sybase\PowerBuilder 12.5\DotNET\webroot\Images\res\pb_c_up.bmp
C:\Program Files\Sybase\PowerBuilder 12.5\DotNET\webroot\Images\res\pb_i_dn.bmp
C:\Program Files\Sybase\PowerBuilder 12.5\DotNET\webroot\Images\res\pb_i_up.bmp
C:\Program Files\Sybase\PowerBuilder 12.5\DotNET\webroot\Images\res\pb_l_dn.bmp
C:\Program Files\Sybase\PowerBuilder 12.5\DotNET\webroot\Images\res\pb_l_up.bmp
C:\Program Files\Sybase\PowerBuilder 12.5\DotNET\webroot\Images\res\pb_r_dn.bmp
C:\Program Files\Sybase\PowerBuilder 12.5\DotNET\webroot\Images\res\pb_r_up.bmp
C:\Program Files\Sybase\PowerBuilder 12.5\DotNET\webroot\Images\res\pb_u_dn.bmp
C:\Program Files\Sybase\PowerBuilder 12.5\DotNET\webroot\Images\res\pb_u_up.bmp
C:\Program Files\Sybase\PowerBuilder 12.5\DotNET\webroot\Images\res\pdtdata.bmp
C:\Program Files\Sybase\PowerBuilder 12.5\DotNET\webroot\Images\res\pdtes1.bmp
C:\Program Files\Sybase\PowerBuilder 12.5\DotNET\webroot\Images\res\pdtes10.bmp
C:\Program Files\Sybase\PowerBuilder 12.5\DotNET\webroot\Images\res\pdtes2.bmp
C:\Program Files\Sybase\PowerBuilder 12.5\DotNET\webroot\Images\res\pdtes3.bmp
C:\Program Files\Sybase\PowerBuilder 12.5\DotNET\webroot\Images\res\pdtes8.bmp
C:\Program Files\Sybase\PowerBuilder 12.5\DotNET\webroot\Images\res\pdtes9.bmp
C:\Program Files\Sybase\PowerBuilder 12.5\DotNET\webroot\Images\res\pdthand.bmp
C:\Program Files\Sybase\PowerBuilder 12.5\DotNET\webroot\Images\res\pdvcalc.bmp
C:\Program Files\Sybase\PowerBuilder 12.5\DotNET\webroot\Images\res\pdvcurs.ico
C:\Program Files\Sybase\PowerBuilder 12.5\DotNET\webroot\Images\res\pdvdcur.ico
C:\Program Files\Sybase\PowerBuilder 12.5\DotNET\webroot\Images\res\pdvdel.ico
C:\Program Files\Sybase\PowerBuilder 12.5\DotNET\webroot\Images\res\pdvdproc.ico
C:\Program Files\Sybase\PowerBuilder 12.5\DotNET\webroot\Images\res\pdvdrtn.bmp
C:\Program Files\Sybase\PowerBuilder 12.5\DotNET\webroot\Images\res\pdvfet.ico
C:\Program Files\Sybase\PowerBuilder 12.5\DotNET\webroot\Images\res\pdvfproc.ico
C:\Program Files\Sybase\PowerBuilder 12.5\DotNET\webroot\Images\res\pdvins.ico
C:\Program Files\Sybase\PowerBuilder 12.5\DotNET\webroot\Images\res\pdvjoin.cur
C:\Program Files\Sybase\PowerBuilder 12.5\DotNET\webroot\Images\res\pdvscrpt.bmp
C:\Program Files\Sybase\PowerBuilder 12.5\DotNET\webroot\Images\res\pdvsel.cur
C:\Program Files\Sybase\PowerBuilder 12.5\DotNET\webroot\Images\res\pdvsel.ico
C:\Program Files\Sybase\PowerBuilder 12.5\DotNET\webroot\Images\res\pdvucur.ico
C:\Program Files\Sybase\PowerBuilder 12.5\DotNET\webroot\Images\res\pdvupd.ico
C:\Program Files\Sybase\PowerBuilder 12.5\DotNET\webroot\Images\res\pdwcol.bmp
C:\Program Files\Sybase\PowerBuilder 12.5\DotNET\webroot\Images\res\pdwcross.ico
C:\Program Files\Sybase\PowerBuilder 12.5\DotNET\webroot\Images\res\pdwewiz.ico
C:\Program Files\Sybase\PowerBuilder 12.5\DotNET\webroot\Images\res\pdwexpr1.bmp
C:\Program Files\Sybase\PowerBuilder 12.5\DotNET\webroot\Images\res\pdwexpr2.bmp
C:\Program Files\Sybase\PowerBuilder 12.5\DotNET\webroot\Images\res\pdwform.ico
C:\Program Files\Sybase\PowerBuilder 12.5\DotNET\webroot\Images\res\pdwgrid.ico
C:\Program Files\Sybase\PowerBuilder 12.5\DotNET\webroot\Images\res\pdwgroup.ico
C:\Program Files\Sybase\PowerBuilder 12.5\DotNET\webroot\Images\res\pdwlabel.ico
C:\Program Files\Sybase\PowerBuilder 12.5\DotNET\webroot\Images\res\pdwnst.ico
C:\Program Files\Sybase\PowerBuilder 12.5\DotNET\webroot\Images\res\pdwnup.ico
C:\Program Files\Sybase\PowerBuilder 12.5\DotNET\webroot\Images\res\pdwole.ico
C:\Program Files\Sybase\PowerBuilder 12.5\DotNET\webroot\Images\res\pdwoval.bmp
C:\Program Files\Sybase\PowerBuilder 12.5\DotNET\webroot\Images\res\pdwrrect.bmp
C:\Program Files\Sybase\PowerBuilder 12.5\DotNET\webroot\Images\res\pdwrte.ico
C:\Program Files\Sybase\PowerBuilder 12.5\DotNET\webroot\Images\res\pdwscrpt.ico
C:\Program Files\Sybase\PowerBuilder 12.5\DotNET\webroot\Images\res\pdwsp.ico
C:\Program Files\Sybase\PowerBuilder 12.5\DotNET\webroot\Images\res\pdwsqls.ico
C:\Program Files\Sybase\PowerBuilder 12.5\DotNET\webroot\Images\res\pdwsqlsa.ico
C:\Program Files\Sybase\PowerBuilder 12.5\DotNET\webroot\Images\res\pdwtabl.ico
C:\Program Files\Sybase\PowerBuilder 12.5\DotNET\webroot\Images\res\pdwtree.ico
C:\Program Files\Sybase\PowerBuilder 12.5\DotNET\webroot\Images\res\pdx1.bmp
C:\Program Files\Sybase\PowerBuilder 12.5\DotNET\webroot\Images\res\pdx10.bmp
C:\Program Files\Sybase\PowerBuilder 12.5\DotNET\webroot\Images\res\pdx2.bmp
C:\Program Files\Sybase\PowerBuilder 12.5\DotNET\webroot\Images\res\pdx3.bmp
C:\Program Files\Sybase\PowerBuilder 12.5\DotNET\webroot\Images\res\pdx8.bmp
C:\Program Files\Sybase\PowerBuilder 12.5\DotNET\webroot\Images\res\pdx9.bmp
C:\Program Files\Sybase\PowerBuilder 12.5\DotNET\webroot\Images\res\pdxbut1.bmp
C:\Program Files\Sybase\PowerBuilder 12.5\DotNET\webroot\Images\res\pdxbut10.bmp
C:\Program Files\Sybase\PowerBuilder 12.5\DotNET\webroot\Images\res\pdxbut2.bmp
C:\Program Files\Sybase\PowerBuilder 12.5\DotNET\webroot\Images\res\pdxbut3.bmp
C:\Program Files\Sybase\PowerBuilder 12.5\DotNET\webroot\Images\res\pdxbut8.bmp
C:\Program Files\Sybase\PowerBuilder 12.5\DotNET\webroot\Images\res\pdxbut9.bmp
C:\Program Files\Sybase\PowerBuilder 12.5\DotNET\webroot\Images\res\pdxshare.bmp
C:\Program Files\Sybase\PowerBuilder 12.5\DotNET\webroot\Images\res\pgactvx.ico
C:\Program Files\Sybase\PowerBuilder 12.5\DotNET\webroot\Images\res\pgapptpl.ico
C:\Program Files\Sybase\PowerBuilder 12.5\DotNET\webroot\Images\res\pgauto.ico
C:\Program Files\Sybase\PowerBuilder 12.5\DotNET\webroot\Images\res\pgcom.ico
C:\Program Files\Sybase\PowerBuilder 12.5\DotNET\webroot\Images\res\pgejbpxy.ico
C:\Program Files\Sybase\PowerBuilder 12.5\DotNET\webroot\Images\res\pgjag.ico
C:\Program Files\Sybase\PowerBuilder 12.5\DotNET\webroot\Images\res\pgjagpxy.ico
C:\Program Files\Sybase\PowerBuilder 12.5\DotNET\webroot\Images\res\pgwsprxy.ico
C:\Program Files\Sybase\PowerBuilder 12.5\DotNET\webroot\Images\res\pie2d.ico
C:\Program Files\Sybase\PowerBuilder 12.5\DotNET\webroot\Images\res\pie3d.ico
C:\Program Files\Sybase\PowerBuilder 12.5\DotNET\webroot\Images\res\pjwsprxy.ico
C:\Program Files\Sybase\PowerBuilder 12.5\DotNET\webroot\Images\res\plappl.bmp
C:\Program Files\Sybase\PowerBuilder 12.5\DotNET\webroot\Images\res\pldatwin.bmp
C:\Program Files\Sybase\PowerBuilder 12.5\DotNET\webroot\Images\res\plfunc.bmp
C:\Program Files\Sybase\PowerBuilder 12.5\DotNET\webroot\Images\res\plmenu.bmp
C:\Program Files\Sybase\PowerBuilder 12.5\DotNET\webroot\Images\res\plstruct.bmp
C:\Program Files\Sybase\PowerBuilder 12.5\DotNET\webroot\Images\res\pludo.bmp
C:\Program Files\Sybase\PowerBuilder 12.5\DotNET\webroot\Images\res\plwindow.bmp
C:\Program Files\Sybase\PowerBuilder 12.5\DotNET\webroot\Images\res\pl_0pb00.bmp
C:\Program Files\Sybase\PowerBuilder 12.5\DotNET\webroot\Images\res\pl_0pb11.bmp
C:\Program Files\Sybase\PowerBuilder 12.5\DotNET\webroot\Images\res\pl_0pb12.bmp
C:\Program Files\Sybase\PowerBuilder 12.5\DotNET\webroot\Images\res\pl_0pb13.bmp
C:\Program Files\Sybase\PowerBuilder 12.5\DotNET\webroot\Images\res\pl_0pb14.bmp
C:\Program Files\Sybase\PowerBuilder 12.5\DotNET\webroot\Images\res\pl_0pb21.bmp
C:\Program Files\Sybase\PowerBuilder 12.5\DotNET\webroot\Images\res\pl_0pb22.bmp
C:\Program Files\Sybase\PowerBuilder 12.5\DotNET\webroot\Images\res\pl_0pb23.bmp
C:\Program Files\Sybase\PowerBuilder 12.5\DotNET\webroot\Images\res\pl_0pb24.bmp
C:\Program Files\Sybase\PowerBuilder 12.5\DotNET\webroot\Images\res\pl_0pb31.bmp
C:\Program Files\Sybase\PowerBuilder 12.5\DotNET\webroot\Images\res\pl_0pb32.bmp
C:\Program Files\Sybase\PowerBuilder 12.5\DotNET\webroot\Images\res\pl_0pb33.bmp
C:\Program Files\Sybase\PowerBuilder 12.5\DotNET\webroot\Images\res\pl_0pb34.bmp
C:\Program Files\Sybase\PowerBuilder 12.5\DotNET\webroot\Images\res\pl_0pb41.bmp
C:\Program Files\Sybase\PowerBuilder 12.5\DotNET\webroot\Images\res\pl_0pb42.bmp
C:\Program Files\Sybase\PowerBuilder 12.5\DotNET\webroot\Images\res\pl_0pb43.bmp
C:\Program Files\Sybase\PowerBuilder 12.5\DotNET\webroot\Images\res\pl_0pb44.bmp
C:\Program Files\Sybase\PowerBuilder 12.5\DotNET\webroot\Images\res\pl_0pt00.bmp
C:\Program Files\Sybase\PowerBuilder 12.5\DotNET\webroot\Images\res\pl_0pt11.bmp
C:\Program Files\Sybase\PowerBuilder 12.5\DotNET\webroot\Images\res\pl_0pt12.bmp
C:\Program Files\Sybase\PowerBuilder 12.5\DotNET\webroot\Images\res\pl_0pt13.bmp
C:\Program Files\Sybase\PowerBuilder 12.5\DotNET\webroot\Images\res\pl_0pt14.bmp
C:\Program Files\Sybase\PowerBuilder 12.5\DotNET\webroot\Images\res\pl_0pt21.bmp
C:\Program Files\Sybase\PowerBuilder 12.5\DotNET\webroot\Images\res\pl_0pt22.bmp
C:\Program Files\Sybase\PowerBuilder 12.5\DotNET\webroot\Images\res\pl_0pt23.bmp
C:\Program Files\Sybase\PowerBuilder 12.5\DotNET\webroot\Images\res\pl_0pt24.bmp
C:\Program Files\Sybase\PowerBuilder 12.5\DotNET\webroot\Images\res\pl_0pt31.bmp
C:\Program Files\Sybase\PowerBuilder 12.5\DotNET\webroot\Images\res\pl_0pt32.bmp
C:\Program Files\Sybase\PowerBuilder 12.5\DotNET\webroot\Images\res\pl_0pt33.bmp
C:\Program Files\Sybase\PowerBuilder 12.5\DotNET\webroot\Images\res\pl_0pt34.bmp
C:\Program Files\Sybase\PowerBuilder 12.5\DotNET\webroot\Images\res\pl_0pt41.bmp
C:\Program Files\Sybase\PowerBuilder 12.5\DotNET\webroot\Images\res\pl_0pt42.bmp
C:\Program Files\Sybase\PowerBuilder 12.5\DotNET\webroot\Images\res\pl_0pt43.bmp
C:\Program Files\Sybase\PowerBuilder 12.5\DotNET\webroot\Images\res\pl_0pt44.bmp
C:\Program Files\Sybase\PowerBuilder 12.5\DotNET\webroot\Images\res\pl_0pv00.bmp
C:\Program Files\Sybase\PowerBuilder 12.5\DotNET\webroot\Images\res\pl_0pv11.bmp
C:\Program Files\Sybase\PowerBuilder 12.5\DotNET\webroot\Images\res\pl_0pv12.bmp
C:\Program Files\Sybase\PowerBuilder 12.5\DotNET\webroot\Images\res\pl_0pv13.bmp
C:\Program Files\Sybase\PowerBuilder 12.5\DotNET\webroot\Images\res\pl_0pv14.bmp
C:\Program Files\Sybase\PowerBuilder 12.5\DotNET\webroot\Images\res\pl_0pv21.bmp
C:\Program Files\Sybase\PowerBuilder 12.5\DotNET\webroot\Images\res\pl_0pv22.bmp
C:\Program Files\Sybase\PowerBuilder 12.5\DotNET\webroot\Images\res\pl_0pv23.bmp
C:\Program Files\Sybase\PowerBuilder 12.5\DotNET\webroot\Images\res\pl_0pv24.bmp
C:\Program Files\Sybase\PowerBuilder 12.5\DotNET\webroot\Images\res\pl_0pv31.bmp
C:\Program Files\Sybase\PowerBuilder 12.5\DotNET\webroot\Images\res\pl_0pv32.bmp
C:\Program Files\Sybase\PowerBuilder 12.5\DotNET\webroot\Images\res\pl_0pv33.bmp
C:\Program Files\Sybase\PowerBuilder 12.5\DotNET\webroot\Images\res\pl_0pv34.bmp
C:\Program Files\Sybase\PowerBuilder 12.5\DotNET\webroot\Images\res\pl_0pv41.bmp
C:\Program Files\Sybase\PowerBuilder 12.5\DotNET\webroot\Images\res\pl_0pv42.bmp
C:\Program Files\Sybase\PowerBuilder 12.5\DotNET\webroot\Images\res\pl_0pv43.bmp
C:\Program Files\Sybase\PowerBuilder 12.5\DotNET\webroot\Images\res\pl_0pv44.bmp
C:\Program Files\Sybase\PowerBuilder 12.5\DotNET\webroot\Images\res\pl_blank.bmp
C:\Program Files\Sybase\PowerBuilder 12.5\DotNET\webroot\Images\res\pl_fold.bmp
C:\Program Files\Sybase\PowerBuilder 12.5\DotNET\webroot\Images\res\pl_ipb00.bmp
C:\Program Files\Sybase\PowerBuilder 12.5\DotNET\webroot\Images\res\pl_ipb11.bmp
C:\Program Files\Sybase\PowerBuilder 12.5\DotNET\webroot\Images\res\pl_ipb12.bmp
C:\Program Files\Sybase\PowerBuilder 12.5\DotNET\webroot\Images\res\pl_ipb13.bmp
C:\Program Files\Sybase\PowerBuilder 12.5\DotNET\webroot\Images\res\pl_ipb14.bmp
C:\Program Files\Sybase\PowerBuilder 12.5\DotNET\webroot\Images\res\pl_ipb21.bmp
C:\Program Files\Sybase\PowerBuilder 12.5\DotNET\webroot\Images\res\pl_ipb22.bmp
C:\Program Files\Sybase\PowerBuilder 12.5\DotNET\webroot\Images\res\pl_ipb23.bmp
C:\Program Files\Sybase\PowerBuilder 12.5\DotNET\webroot\Images\res\pl_ipb24.bmp
C:\Program Files\Sybase\PowerBuilder 12.5\DotNET\webroot\Images\res\pl_ipb31.bmp
C:\Program Files\Sybase\PowerBuilder 12.5\DotNET\webroot\Images\res\pl_ipb32.bmp
C:\Program Files\Sybase\PowerBuilder 12.5\DotNET\webroot\Images\res\pl_ipb33.bmp
C:\Program Files\Sybase\PowerBuilder 12.5\DotNET\webroot\Images\res\pl_ipb34.bmp
C:\Program Files\Sybase\PowerBuilder 12.5\DotNET\webroot\Images\res\pl_ipb41.bmp
C:\Program Files\Sybase\PowerBuilder 12.5\DotNET\webroot\Images\res\pl_ipb42.bmp
C:\Program Files\Sybase\PowerBuilder 12.5\DotNET\webroot\Images\res\pl_ipb43.bmp
C:\Program Files\Sybase\PowerBuilder 12.5\DotNET\webroot\Images\res\pl_ipb44.bmp
C:\Program Files\Sybase\PowerBuilder 12.5\DotNET\webroot\Images\res\pl_ipt00.bmp
C:\Program Files\Sybase\PowerBuilder 12.5\DotNET\webroot\Images\res\pl_ipt11.bmp
C:\Program Files\Sybase\PowerBuilder 12.5\DotNET\webroot\Images\res\pl_ipt12.bmp
C:\Program Files\Sybase\PowerBuilder 12.5\DotNET\webroot\Images\res\pl_ipt13.bmp
C:\Program Files\Sybase\PowerBuilder 12.5\DotNET\webroot\Images\res\pl_ipt14.bmp
C:\Program Files\Sybase\PowerBuilder 12.5\DotNET\webroot\Images\res\pl_ipt21.bmp
C:\Program Files\Sybase\PowerBuilder 12.5\DotNET\webroot\Images\res\pl_ipt22.bmp
C:\Program Files\Sybase\PowerBuilder 12.5\DotNET\webroot\Images\res\pl_ipt23.bmp
C:\Program Files\Sybase\PowerBuilder 12.5\DotNET\webroot\Images\res\pl_ipt24.bmp
C:\Program Files\Sybase\PowerBuilder 12.5\DotNET\webroot\Images\res\pl_ipt31.bmp
C:\Program Files\Sybase\PowerBuilder 12.5\DotNET\webroot\Images\res\pl_ipt32.bmp
C:\Program Files\Sybase\PowerBuilder 12.5\DotNET\webroot\Images\res\pl_ipt33.bmp
C:\Program Files\Sybase\PowerBuilder 12.5\DotNET\webroot\Images\res\pl_ipt34.bmp
C:\Program Files\Sybase\PowerBuilder 12.5\DotNET\webroot\Images\res\pl_ipt41.bmp
C:\Program Files\Sybase\PowerBuilder 12.5\DotNET\webroot\Images\res\pl_ipt42.bmp
C:\Program Files\Sybase\PowerBuilder 12.5\DotNET\webroot\Images\res\pl_ipt43.bmp
C:\Program Files\Sybase\PowerBuilder 12.5\DotNET\webroot\Images\res\pl_ipt44.bmp
C:\Program Files\Sybase\PowerBuilder 12.5\DotNET\webroot\Images\res\pl_ipv00.bmp
C:\Program Files\Sybase\PowerBuilder 12.5\DotNET\webroot\Images\res\pl_ipv11.bmp
C:\Program Files\Sybase\PowerBuilder 12.5\DotNET\webroot\Images\res\pl_ipv12.bmp
C:\Program Files\Sybase\PowerBuilder 12.5\DotNET\webroot\Images\res\pl_ipv13.bmp
C:\Program Files\Sybase\PowerBuilder 12.5\DotNET\webroot\Images\res\pl_ipv14.bmp
C:\Program Files\Sybase\PowerBuilder 12.5\DotNET\webroot\Images\res\pl_ipv21.bmp
C:\Program Files\Sybase\PowerBuilder 12.5\DotNET\webroot\Images\res\pl_ipv22.bmp
C:\Program Files\Sybase\PowerBuilder 12.5\DotNET\webroot\Images\res\pl_ipv23.bmp
C:\Program Files\Sybase\PowerBuilder 12.5\DotNET\webroot\Images\res\pl_ipv24.bmp
C:\Program Files\Sybase\PowerBuilder 12.5\DotNET\webroot\Images\res\pl_ipv31.bmp
C:\Program Files\Sybase\PowerBuilder 12.5\DotNET\webroot\Images\res\pl_ipv32.bmp
C:\Program Files\Sybase\PowerBuilder 12.5\DotNET\webroot\Images\res\pl_ipv33.bmp
C:\Program Files\Sybase\PowerBuilder 12.5\DotNET\webroot\Images\res\pl_ipv34.bmp
C:\Program Files\Sybase\PowerBuilder 12.5\DotNET\webroot\Images\res\pl_ipv41.bmp
C:\Program Files\Sybase\PowerBuilder 12.5\DotNET\webroot\Images\res\pl_ipv42.bmp
C:\Program Files\Sybase\PowerBuilder 12.5\DotNET\webroot\Images\res\pl_ipv43.bmp
C:\Program Files\Sybase\PowerBuilder 12.5\DotNET\webroot\Images\res\pl_ipv44.bmp
C:\Program Files\Sybase\PowerBuilder 12.5\DotNET\webroot\Images\res\pst_drag.cur
C:\Program Files\Sybase\PowerBuilder 12.5\DotNET\webroot\Images\res\pwactvx.ico
C:\Program Files\Sybase\PowerBuilder 12.5\DotNET\webroot\Images\res\pwapptpl.ico
C:\Program Files\Sybase\PowerBuilder 12.5\DotNET\webroot\Images\res\pwarrow.bmp
C:\Program Files\Sybase\PowerBuilder 12.5\DotNET\webroot\Images\res\pwauto.ico
C:\Program Files\Sybase\PowerBuilder 12.5\DotNET\webroot\Images\res\pwbmap.bmp
C:\Program Files\Sybase\PowerBuilder 12.5\DotNET\webroot\Images\res\pwcom.ico
C:\Program Files\Sybase\PowerBuilder 12.5\DotNET\webroot\Images\res\pwdebug.bmp
C:\Program Files\Sybase\PowerBuilder 12.5\DotNET\webroot\Images\res\pwejbpxy.ico
C:\Program Files\Sybase\PowerBuilder 12.5\DotNET\webroot\Images\res\pwjag.ico
C:\Program Files\Sybase\PowerBuilder 12.5\DotNET\webroot\Images\res\pwjagpxy.ico
C:\Program Files\Sybase\PowerBuilder 12.5\DotNET\webroot\Images\res\pwline.bmp
C:\Program Files\Sybase\PowerBuilder 12.5\DotNET\webroot\Images\res\pwrect.bmp
C:\Program Files\Sybase\PowerBuilder 12.5\DotNET\webroot\Images\res\pwrun.bmp
C:\Program Files\Sybase\PowerBuilder 12.5\DotNET\webroot\Images\res\pwtext.bmp
C:\Program Files\Sybase\PowerBuilder 12.5\DotNET\webroot\Images\res\pwwsprxy.ico
C:\Program Files\Sybase\PowerBuilder 12.5\DotNET\webroot\Images\res\question.ico
C:\Program Files\Sybase\PowerBuilder 12.5\DotNET\webroot\Images\res\rtc.resources
C:\Program Files\Sybase\PowerBuilder 12.5\DotNET\webroot\Images\res\rtc.resX
C:\Program Files\Sybase\PowerBuilder 12.5\DotNET\webroot\Images\res\scat2d.ico
C:\Program Files\Sybase\PowerBuilder 12.5\DotNET\webroot\Images\res\size.bmp
C:\Program Files\Sybase\PowerBuilder 12.5\DotNET\webroot\Images\res\sizenesw.bmp
C:\Program Files\Sybase\PowerBuilder 12.5\DotNET\webroot\Images\res\sizens.bmp
C:\Program Files\Sybase\PowerBuilder 12.5\DotNET\webroot\Images\res\sizenwse.bmp
C:\Program Files\Sybase\PowerBuilder 12.5\DotNET\webroot\Images\res\sizewe.bmp
C:\Program Files\Sybase\PowerBuilder 12.5\DotNET\webroot\Images\res\sizhght.bmp
C:\Program Files\Sybase\PowerBuilder 12.5\DotNET\webroot\Images\res\sizwidth.bmp
C:\Program Files\Sybase\PowerBuilder 12.5\DotNET\webroot\Images\res\spchorz.bmp
C:\Program Files\Sybase\PowerBuilder 12.5\DotNET\webroot\Images\res\spcvert.bmp
C:\Program Files\Sybase\PowerBuilder 12.5\DotNET\webroot\Images\res\stopsign.ico
C:\Program Files\Sybase\PowerBuilder 12.5\DotNET\webroot\Images\res\swactvx.ico
C:\Program Files\Sybase\PowerBuilder 12.5\DotNET\webroot\Images\res\swapp.ico
C:\Program Files\Sybase\PowerBuilder 12.5\DotNET\webroot\Images\res\swappsrv.ico
C:\Program Files\Sybase\PowerBuilder 12.5\DotNET\webroot\Images\res\swapptpl.ico
C:\Program Files\Sybase\PowerBuilder 12.5\DotNET\webroot\Images\res\swauto.ico
C:\Program Files\Sybase\PowerBuilder 12.5\DotNET\webroot\Images\res\swcom.ico
C:\Program Files\Sybase\PowerBuilder 12.5\DotNET\webroot\Images\res\swjag.ico
C:\Program Files\Sybase\PowerBuilder 12.5\DotNET\webroot\Images\res\uparrow.bmp
C:\Program Files\Sybase\PowerBuilder 12.5\DotNET\webroot\Images\res\winlogo.ico
C:\Program Files\Sybase\PowerBuilder 12.5\DotNET\webroot\Images\res\wpgchkdd.bmp
C:\Program Files\Sybase\PowerBuilder 12.5\DotNET\webroot\Images\res\wpgchked.bmp
C:\Program Files\Sybase\PowerBuilder 12.5\DotNET\webroot\Images\res\wpgfldrs.bmp
C:\Program Files\Sybase\PowerBuilder 12.5\DotNET\webroot\Images\res\wpgport.bmp
C:\Program Files\Sybase\PowerBuilder 12.5\DotNET\webroot\Images\res\wpgserv.bmp
C:\Program Files\Sybase\PowerBuilder 12.5\DotNET\webroot\Images\res\wpgsvc.bmp
C:\Program Files\Sybase\PowerBuilder 12.5\DotNET\webroot\Scripts\AppendRow.gif
C:\Program Files\Sybase\PowerBuilder 12.5\DotNET\webroot\Scripts\Cancel.gif
C:\Program Files\Sybase\PowerBuilder 12.5\DotNET\webroot\Scripts\DeleteRow.gif
C:\Program Files\Sybase\PowerBuilder 12.5\DotNET\webroot\Scripts\dwcommon.js
C:\Program Files\Sybase\PowerBuilder 12.5\DotNET\webroot\Scripts\dwdatetime.js
C:\Program Files\Sybase\PowerBuilder 12.5\DotNET\webroot\Scripts\dwnumber.js
C:\Program Files\Sybase\PowerBuilder 12.5\DotNET\webroot\Scripts\dwstring.js
C:\Program Files\Sybase\PowerBuilder 12.5\DotNET\webroot\Scripts\Filter.gif
C:\Program Files\Sybase\PowerBuilder 12.5\DotNET\webroot\Scripts\InsertRow.gif
C:\Program Files\Sybase\PowerBuilder 12.5\DotNET\webroot\Scripts\PageFirst.gif
C:\Program Files\Sybase\PowerBuilder 12.5\DotNET\webroot\Scripts\PageLast.gif
C:\Program Files\Sybase\PowerBuilder 12.5\DotNET\webroot\Scripts\PageNext.gif
C:\Program Files\Sybase\PowerBuilder 12.5\DotNET\webroot\Scripts\PagePrior.gif
C:\Program Files\Sybase\PowerBuilder 12.5\DotNET\webroot\Scripts\PBCheckBox.js
C:\Program Files\Sybase\PowerBuilder 12.5\DotNET\webroot\Scripts\PBCollections.js
C:\Program Files\Sybase\PowerBuilder 12.5\DotNET\webroot\Scripts\PBCommonUtil.js
C:\Program Files\Sybase\PowerBuilder 12.5\DotNET\webroot\Scripts\PBConst.js
C:\Program Files\Sybase\PowerBuilder 12.5\DotNET\webroot\Scripts\PBDataWindow.js
C:\Program Files\Sybase\PowerBuilder 12.5\DotNET\webroot\Scripts\PBDatePicker.js
C:\Program Files\Sybase\PowerBuilder 12.5\DotNET\webroot\Scripts\PBEditMask.js
C:\Program Files\Sybase\PowerBuilder 12.5\DotNET\webroot\Scripts\PBFile.js
C:\Program Files\Sybase\PowerBuilder 12.5\DotNET\webroot\Scripts\PBGraph.js
C:\Program Files\Sybase\PowerBuilder 12.5\DotNET\webroot\Scripts\PBListView.js
C:\Program Files\Sybase\PowerBuilder 12.5\DotNET\webroot\Scripts\PBMenu.htc
C:\Program Files\Sybase\PowerBuilder 12.5\DotNET\webroot\Scripts\PBPDFPrinting.js
C:\Program Files\Sybase\PowerBuilder 12.5\DotNET\webroot\Scripts\PBPicture.js
C:\Program Files\Sybase\PowerBuilder 12.5\DotNET\webroot\Scripts\PBPictureListBox.js
C:\Program Files\Sybase\PowerBuilder 12.5\DotNET\webroot\Scripts\PBProgressBar.js
C:\Program Files\Sybase\PowerBuilder 12.5\DotNET\webroot\Scripts\PBRichEdit.js
C:\Program Files\Sybase\PowerBuilder 12.5\DotNET\webroot\Scripts\PBScrollBar.js
C:\Program Files\Sybase\PowerBuilder 12.5\DotNET\webroot\Scripts\PBStatic.js
C:\Program Files\Sybase\PowerBuilder 12.5\DotNET\webroot\Scripts\PBTab.js
C:\Program Files\Sybase\PowerBuilder 12.5\DotNET\webroot\Scripts\PBTextBox.js
C:\Program Files\Sybase\PowerBuilder 12.5\DotNET\webroot\Scripts\PBTextBoxWithoutClipboard.js
C:\Program Files\Sybase\PowerBuilder 12.5\DotNET\webroot\Scripts\PBTreeView.js
C:\Program Files\Sybase\PowerBuilder 12.5\DotNET\webroot\Scripts\PBWindow.js
C:\Program Files\Sybase\PowerBuilder 12.5\DotNET\webroot\Scripts\Preview.gif
C:\Program Files\Sybase\PowerBuilder 12.5\DotNET\webroot\Scripts\Print2.gif
C:\Program Files\Sybase\PowerBuilder 12.5\DotNET\webroot\Scripts\QueryClear.gif
C:\Program Files\Sybase\PowerBuilder 12.5\DotNET\webroot\Scripts\QueryModeOn.gif
C:\Program Files\Sybase\PowerBuilder 12.5\DotNET\webroot\Scripts\QuerySortOn.gif
C:\Program Files\Sybase\PowerBuilder 12.5\DotNET\webroot\Scripts\Retrieve.gif
C:\Program Files\Sybase\PowerBuilder 12.5\DotNET\webroot\Scripts\Ruler.gif
C:\Program Files\Sybase\PowerBuilder 12.5\DotNET\webroot\Scripts\SaveRowsAs.gif
C:\Program Files\Sybase\PowerBuilder 12.5\DotNET\webroot\Scripts\Sort.gif
C:\Program Files\Sybase\PowerBuilder 12.5\DotNET\webroot\Scripts\Update.gif
复制了 1079 个文件

C:\project\SMJL\smjl_webform.pbt_build\smjl>xcopy /D /Y "C:\Program Files\Sybase\PowerBuilder 12.5\DotNET\bin\Sybase.PowerBuilder.System.pbd" "..\smjl_root"\file\common\c\~pl_\ 
C:\Program Files\Sybase\PowerBuilder 12.5\DotNET\bin\Sybase.PowerBuilder.System.pbd
复制了 1 个文件

C:\project\SMJL\smjl_webform.pbt_build\smjl>if exist "C:\Program Files\Sybase\PowerBuilder 12.5\DotNET\bin\RadTreeView.Net2.dll" xcopy /D /Y "C:\Program Files\Sybase\PowerBuilder 12.5\DotNET\bin\RadTreeView.Net2.dll" release\ 
复制了 0 个文件

C:\project\SMJL\smjl_webform.pbt_build\smjl>if exist "C:\Program Files\Sybase\PowerBuilder 12.5\DotNET\bin\RadMenu.Net2.dll" xcopy /D /Y "C:\Program Files\Sybase\PowerBuilder 12.5\DotNET\bin\RadMenu.Net2.dll" release\ 
复制了 0 个文件

C:\project\SMJL\smjl_webform.pbt_build\smjl>if exist "C:\Program Files\Sybase\PowerBuilder 12.5\DotNET\bin\RadToolbar.Net2.dll" xcopy /D /Y "C:\Program Files\Sybase\PowerBuilder 12.5\DotNET\bin\RadToolbar.Net2.dll" release\ 
复制了 0 个文件

C:\project\SMJL\smjl_webform.pbt_build\smjl>if exist "C:\Program Files\Sybase\PowerBuilder 12.5\DotNET\bin\RadCalendar.Net2.dll" xcopy /D /Y "C:\Program Files\Sybase\PowerBuilder 12.5\DotNET\bin\RadCalendar.Net2.dll" release\ 
复制了 0 个文件

C:\project\SMJL\smjl_webform.pbt_build\smjl>if exist "C:\Program Files\Sybase\PowerBuilder 12.5\DotNET\bin\RadInput.Net2.dll" xcopy /D /Y "C:\Program Files\Sybase\PowerBuilder 12.5\DotNET\bin\RadInput.Net2.dll" release\ 
复制了 0 个文件

C:\project\SMJL\smjl_webform.pbt_build\smjl>if exist "C:\Program Files\Sybase\PowerBuilder 12.5\DotNET\bin\PBRTCFileTransform120.exe" xcopy /D /Y "C:\Program Files\Sybase\PowerBuilder 12.5\DotNET\bin\PBRTCFileTransform120.exe" release\ 

C:\project\SMJL\smjl_webform.pbt_build\smjl>reg import "C:\Program Files\Sybase\PowerBuilder 12.5\DotNET\bin\PBExceptionTrace.reg" 

操作成功结束

C:\project\SMJL\smjl_webform.pbt_build\smjl>if "C:\project\SMJL\smjl_webform.pbt_build\csc_output_file_name.txt" == "" (C:\WINDOWS\Microsoft.NET\Framework\v4.0.30319\csc /t:library /optimize+   /platform:x86 "/r:C:\Program Files\Sybase\PowerBuilder 12.5\DotNET\bin\Sybase.PowerBuilder.Core.dll;C:\Program Files\Sybase\PowerBuilder 12.5\DotNET\bin\Sybase.PowerBuilder.Interop.dll;C:\Program Files\Sybase\PowerBuilder 12.5\DotNET\bin\Sybase.PowerBuilder.Common.dll;C:\Program Files\Sybase\PowerBuilder 12.5\DotNET\bin\Sybase.PowerBuilder.Web.dll;C:\Program Files\Sybase\PowerBuilder 12.5\DotNET\bin\Sybase.PowerBuilder.WinWebDataWindowCommon.dll;C:\Program Files\Sybase\PowerBuilder 12.5\DotNET\bin\com.sybase.ejb.net.dll;C:\Program Files\Sybase\PowerBuilder 12.5\DotNET\bin\com.sybase.iiop.net.dll" /out:"release\smjl.dll" @mb.rsp )  else (C:\WINDOWS\Microsoft.NET\Framework\v4.0.30319\csc /t:library /optimize+   /platform:x86 "/r:C:\Program Files\Sybase\PowerBuilder 12.5\DotNET\bin\Sybase.PowerBuilder.Core.dll;C:\Program Files\Sybase\PowerBuilder 12.5\DotNET\bin\Sybase.PowerBuilder.Interop.dll;C:\Program Files\Sybase\PowerBuilder 12.5\DotNET\bin\Sybase.PowerBuilder.Common.dll;C:\Program Files\Sybase\PowerBuilder 12.5\DotNET\bin\Sybase.PowerBuilder.Web.dll;C:\Program Files\Sybase\PowerBuilder 12.5\DotNET\bin\Sybase.PowerBuilder.WinWebDataWindowCommon.dll;C:\Program Files\Sybase\PowerBuilder 12.5\DotNET\bin\com.sybase.ejb.net.dll;C:\Program Files\Sybase\PowerBuilder 12.5\DotNET\bin\com.sybase.iiop.net.dll" /out:"release\smjl.dll" @mb.rsp  1>"C:\project\SMJL\smjl_webform.pbt_build\csc_output_file_name.txt" ) 
Build Succeeded.

C:\project\SMJL\smjl_webform.pbt_build\smjl>goto end 

C:\project\SMJL\smjl_webform.pbt_build\smjl>md bin 

C:\project\SMJL\smjl_webform.pbt_build\smjl>xcopy /D /Y /E release\*.* bin\ 
release\pbglobal_pbl.netmodule
release\RadCalendar.Net2.dll
release\RadInput.Net2.dll
release\RadMenu.Net2.dll
release\RadToolbar.Net2.dll
release\RadTreeView.Net2.dll
release\smjl.dll
release\smjl_pbl.netmodule
复制了 8 个文件

C:\project\SMJL\smjl_webform.pbt_build\smjl>rem endlocal 

C:\project\SMJL\smjl_webform.pbt_build\smjl>if ERRORLEVEL 1 exit 2 

C:\project\SMJL\smjl_webform.pbt_build\smjl>if exist "C:\project\SMJL\smjl_webform.pbt_build\smjl\*.cs" del "C:\project\SMJL\smjl_webform.pbt_build\smjl\*.cs" 
Generating PowerBuilder .NET assemblies succeeded.

C:\project\SMJL\smjl_webform.pbt_build>if not exist "C:\project\SMJL\smjl_webform.pbt_build\Release" mkdir "C:\project\SMJL\smjl_webform.pbt_build\Release"  

C:\project\SMJL\smjl_webform.pbt_build>xcopy /Y /E /D "C:\project\SMJL\smjl_webform.pbt_build\smjl\Release" "C:\project\SMJL\smjl_webform.pbt_build\Release"  
C:\project\SMJL\smjl_webform.pbt_build\smjl\Release\pbglobal_pbl.netmodule
C:\project\SMJL\smjl_webform.pbt_build\smjl\Release\RadCalendar.Net2.dll
C:\project\SMJL\smjl_webform.pbt_build\smjl\Release\RadInput.Net2.dll
C:\project\SMJL\smjl_webform.pbt_build\smjl\Release\RadMenu.Net2.dll
C:\project\SMJL\smjl_webform.pbt_build\smjl\Release\RadToolbar.Net2.dll
C:\project\SMJL\smjl_webform.pbt_build\smjl\Release\RadTreeView.Net2.dll
C:\project\SMJL\smjl_webform.pbt_build\smjl\Release\smjl.dll
C:\project\SMJL\smjl_webform.pbt_build\smjl\Release\smjl_pbl.netmodule
复制了 8 个文件

C:\project\SMJL\smjl_webform.pbt_build>rd /S /Q "C:\project\SMJL\smjl_webform.pbt_build\smjl\Release"  
Copying files from C:\project\SMJL\smjl_webform.pbt_build\smjl\Release to C:\project\SMJL\smjl_webform.pbt_build\Release succeeded.

C:\project\SMJL\smjl_webform.pbt_build>call "C:\project\SMJL\smjl_webform.pbt_build\deploytoserver.bat"  

C:\project\SMJL\smjl_webform.pbt_build>if exist "c:\inetpub\wwwroot\smjl\bin" rd /S /Q "c:\inetpub\wwwroot\smjl\bin"  

C:\project\SMJL\smjl_webform.pbt_build>if not exist "c:\inetpub\wwwroot\smjl\..\smjl_root\file\common\C\project\SMJL" mkdir "c:\inetpub\wwwroot\smjl\..\smjl_root\file\common\C\project\SMJL" 

C:\project\SMJL\smjl_webform.pbt_build>xcopy /H /D /Y "C:\project\SMJL\smjl_webform.pbt_build\pbd\smjl.pbd" "c:\inetpub\wwwroot\smjl\..\smjl_root\file\common\c\~pl_\" 
C:\project\SMJL\smjl_webform.pbt_build\pbd\smjl.pbd
复制了 1 个文件

C:\project\SMJL\smjl_webform.pbt_build>del "C:\project\SMJL\smjl_webform.pbt_build\deploytoserver.bat"  

C:\project\SMJL\smjl_webform.pbt_build>call "C:\project\SMJL\smjl_webform.pbt_build\createvdir_smjl.bat"  

C:\project\SMJL\smjl_webform.pbt_build>if not exist "c:\inetpub\wwwroot\smjl" mkdir "c:\inetpub\wwwroot\smjl" 

C:\project\SMJL\smjl_webform.pbt_build>"C:\project\SMJL\smjl_webform.pbt_build\createvroot_smjl.vbs"

C:\project\SMJL\smjl_webform.pbt_build>del "C:\project\SMJL\smjl_webform.pbt_build\createvroot_smjl.vbs" 

C:\project\SMJL\smjl_webform.pbt_build>del "C:\project\SMJL\smjl_webform.pbt_build\createvdir_smjl.bat" 
找不到批处理文件。

C:\project\SMJL\smjl_webform.pbt_build>if not exist "c:\inetpub\wwwroot\smjl" mkdir "c:\inetpub\wwwroot\smjl"  

C:\project\SMJL\smjl_webform.pbt_build>xcopy /Y /E /D /R "C:\project\SMJL\smjl_webform.pbt_build\smjl" "c:\inetpub\wwwroot\smjl"  
C:\project\SMJL\smjl_webform.pbt_build\smjl\classic.css
C:\project\SMJL\smjl_webform.pbt_build\smjl\default.aspx
C:\project\SMJL\smjl_webform.pbt_build\smjl\default.htm
C:\project\SMJL\smjl_webform.pbt_build\smjl\default_sy.aspx
C:\project\SMJL\smjl_webform.pbt_build\smjl\download.htm
C:\project\SMJL\smjl_webform.pbt_build\smjl\execute_error.htm
C:\project\SMJL\smjl_webform.pbt_build\smjl\Global.asax
C:\project\SMJL\smjl_webform.pbt_build\smjl\Global.asax.resx
C:\project\SMJL\smjl_webform.pbt_build\smjl\GraphStreamImageContainerPage.aspx
C:\project\SMJL\smjl_webform.pbt_build\smjl\iframe_control.htm
C:\project\SMJL\smjl_webform.pbt_build\smjl\insert_image.html
C:\project\SMJL\smjl_webform.pbt_build\smjl\insert_table.html
C:\project\SMJL\smjl_webform.pbt_build\smjl\log.txt
C:\project\SMJL\smjl_webform.pbt_build\smjl\Login.aspx
C:\project\SMJL\smjl_webform.pbt_build\smjl\mb.rsp
C:\project\SMJL\smjl_webform.pbt_build\smjl\pbopenfile.aspx
C:\project\SMJL\smjl_webform.pbt_build\smjl\pbuploadfile.aspx
C:\project\SMJL\smjl_webform.pbt_build\smjl\StreamImageContainerPage.aspx
C:\project\SMJL\smjl_webform.pbt_build\smjl\too_many_users.htm
C:\project\SMJL\smjl_webform.pbt_build\smjl\UsersInit.aspx
C:\project\SMJL\smjl_webform.pbt_build\smjl\wait.htm
C:\project\SMJL\smjl_webform.pbt_build\smjl\web.config
C:\project\SMJL\smjl_webform.pbt_build\smjl\xp.css
C:\project\SMJL\smjl_webform.pbt_build\smjl\admin\UserAdd.aspx
C:\project\SMJL\smjl_webform.pbt_build\smjl\admin\UserAdd.aspx.cs
C:\project\SMJL\smjl_webform.pbt_build\smjl\admin\UserEdit.aspx
C:\project\SMJL\smjl_webform.pbt_build\smjl\admin\UserEdit.aspx.cs
C:\project\SMJL\smjl_webform.pbt_build\smjl\admin\Users.aspx
C:\project\SMJL\smjl_webform.pbt_build\smjl\admin\Users.aspx.cs
C:\project\SMJL\smjl_webform.pbt_build\smjl\bin\pbglobal_pbl.netmodule
C:\project\SMJL\smjl_webform.pbt_build\smjl\bin\RadCalendar.Net2.dll
C:\project\SMJL\smjl_webform.pbt_build\smjl\bin\RadInput.Net2.dll
C:\project\SMJL\smjl_webform.pbt_build\smjl\bin\RadMenu.Net2.dll
C:\project\SMJL\smjl_webform.pbt_build\smjl\bin\RadToolbar.Net2.dll
C:\project\SMJL\smjl_webform.pbt_build\smjl\bin\RadTreeView.Net2.dll
C:\project\SMJL\smjl_webform.pbt_build\smjl\bin\smjl.dll
C:\project\SMJL\smjl_webform.pbt_build\smjl\bin\smjl_pbl.netmodule
C:\project\SMJL\smjl_webform.pbt_build\smjl\images\ajax-loader.gif
C:\project\SMJL\smjl_webform.pbt_build\smjl\images\arrow_black.gif
C:\project\SMJL\smjl_webform.pbt_build\smjl\images\bg.gif
C:\project\SMJL\smjl_webform.pbt_build\smjl\images\Bgcolor.gif
C:\project\SMJL\smjl_webform.pbt_build\smjl\images\Bold.gif
C:\project\SMJL\smjl_webform.pbt_build\smjl\images\break.gif
C:\project\SMJL\smjl_webform.pbt_build\smjl\images\Bullist.gif
C:\project\SMJL\smjl_webform.pbt_build\smjl\images\Center.gif
C:\project\SMJL\smjl_webform.pbt_build\smjl\images\checkbox_1_2.jpg
C:\project\SMJL\smjl_webform.pbt_build\smjl\images\classic_checkbox_1_1_0.jpg
C:\project\SMJL\smjl_webform.pbt_build\smjl\images\classic_checkbox_1_1_1.jpg
C:\project\SMJL\smjl_webform.pbt_build\smjl\images\classic_checkbox_1_2_0.jpg
C:\project\SMJL\smjl_webform.pbt_build\smjl\images\classic_checkbox_1_2_1.jpg
C:\project\SMJL\smjl_webform.pbt_build\smjl\images\classic_checkbox_1_3_0.jpg
C:\project\SMJL\smjl_webform.pbt_build\smjl\images\classic_checkbox_1_3_1.jpg
C:\project\SMJL\smjl_webform.pbt_build\smjl\images\classic_checkbox_2_1_0.jpg
C:\project\SMJL\smjl_webform.pbt_build\smjl\images\classic_checkbox_2_1_1.jpg
C:\project\SMJL\smjl_webform.pbt_build\smjl\images\classic_checkbox_2_2_0.jpg
C:\project\SMJL\smjl_webform.pbt_build\smjl\images\classic_checkbox_2_2_1.jpg
C:\project\SMJL\smjl_webform.pbt_build\smjl\images\classic_checkbox_2_3_0.jpg
C:\project\SMJL\smjl_webform.pbt_build\smjl\images\classic_checkbox_2_3_1.jpg
C:\project\SMJL\smjl_webform.pbt_build\smjl\images\classic_close.gif
C:\project\SMJL\smjl_webform.pbt_build\smjl\images\classic_max.gif
C:\project\SMJL\smjl_webform.pbt_build\smjl\images\classic_min.gif
C:\project\SMJL\smjl_webform.pbt_build\smjl\images\classic_restore.gif
C:\project\SMJL\smjl_webform.pbt_build\smjl\images\classic_web_close.gif
C:\project\SMJL\smjl_webform.pbt_build\smjl\images\ClipboardPaste.gif
C:\project\SMJL\smjl_webform.pbt_build\smjl\images\close.gif
C:\project\SMJL\smjl_webform.pbt_build\smjl\images\Copy.gif
C:\project\SMJL\smjl_webform.pbt_build\smjl\images\Cut.gif
C:\project\SMJL\smjl_webform.pbt_build\smjl\images\Date.gif
C:\project\SMJL\smjl_webform.pbt_build\smjl\images\dddw.gif
C:\project\SMJL\smjl_webform.pbt_build\smjl\images\dddw1.gif
C:\project\SMJL\smjl_webform.pbt_build\smjl\images\def_top_left.PNG
C:\project\SMJL\smjl_webform.pbt_build\smjl\images\def_top_right.PNG
C:\project\SMJL\smjl_webform.pbt_build\smjl\images\disable_scr_down.PNG
C:\project\SMJL\smjl_webform.pbt_build\smjl\images\disable_scr_down_xp.png
C:\project\SMJL\smjl_webform.pbt_build\smjl\images\down.PNG
C:\project\SMJL\smjl_webform.pbt_build\smjl\images\downdisable.bmp
C:\project\SMJL\smjl_webform.pbt_build\smjl\images\downenable.bmp
C:\project\SMJL\smjl_webform.pbt_build\smjl\images\drive.gif
C:\project\SMJL\smjl_webform.pbt_build\smjl\images\editdisable.bmp
C:\project\SMJL\smjl_webform.pbt_build\smjl\images\editenable.bmp
C:\project\SMJL\smjl_webform.pbt_build\smjl\images\excl.GIF
C:\project\SMJL\smjl_webform.pbt_build\smjl\images\Fgcolor.gif
C:\project\SMJL\smjl_webform.pbt_build\smjl\images\filemanager.gif
C:\project\SMJL\smjl_webform.pbt_build\smjl\images\fndragno.cur
C:\project\SMJL\smjl_webform.pbt_build\smjl\images\folder.gif
C:\project\SMJL\smjl_webform.pbt_build\smjl\images\folderopen.gif
C:\project\SMJL\smjl_webform.pbt_build\smjl\images\gray.gif
C:\project\SMJL\smjl_webform.pbt_build\smjl\images\HSeparator.gif
C:\project\SMJL\smjl_webform.pbt_build\smjl\images\htrack.PNG
C:\project\SMJL\smjl_webform.pbt_build\smjl\images\h_thumb_back_ground_xp.bmp
C:\project\SMJL\smjl_webform.pbt_build\smjl\images\Image.gif
C:\project\SMJL\smjl_webform.pbt_build\smjl\images\Indent.gif
C:\project\SMJL\smjl_webform.pbt_build\smjl\images\info.GIF
C:\project\SMJL\smjl_webform.pbt_build\smjl\images\InsertTable.gif
C:\project\SMJL\smjl_webform.pbt_build\smjl\images\Italic.gif
C:\project\SMJL\smjl_webform.pbt_build\smjl\images\Left.gif
C:\project\SMJL\smjl_webform.pbt_build\smjl\images\left.png
C:\project\SMJL\smjl_webform.pbt_build\smjl\images\Link.gif
C:\project\SMJL\smjl_webform.pbt_build\smjl\images\mailprofilemgr.GIF
C:\project\SMJL\smjl_webform.pbt_build\smjl\images\max.gif
C:\project\SMJL\smjl_webform.pbt_build\smjl\images\min.gif
C:\project\SMJL\smjl_webform.pbt_build\smjl\images\mode.gif
C:\project\SMJL\smjl_webform.pbt_build\smjl\images\null.gif
C:\project\SMJL\smjl_webform.pbt_build\smjl\images\Numlist.gif
C:\project\SMJL\smjl_webform.pbt_build\smjl\images\Outdent.gif
C:\project\SMJL\smjl_webform.pbt_build\smjl\images\Paste.gif
C:\project\SMJL\smjl_webform.pbt_build\smjl\images\printer.gif
C:\project\SMJL\smjl_webform.pbt_build\smjl\images\printmanager.gif
C:\project\SMJL\smjl_webform.pbt_build\smjl\images\quest.GIF
C:\project\SMJL\smjl_webform.pbt_build\smjl\images\RadToolbarLeft_c.bmp
C:\project\SMJL\smjl_webform.pbt_build\smjl\images\removedisable.bmp
C:\project\SMJL\smjl_webform.pbt_build\smjl\images\removeenable.bmp
C:\project\SMJL\smjl_webform.pbt_build\smjl\images\restore.gif
C:\project\SMJL\smjl_webform.pbt_build\smjl\images\Right.gif
C:\project\SMJL\smjl_webform.pbt_build\smjl\images\right.PNG
C:\project\SMJL\smjl_webform.pbt_build\smjl\images\root.gif
C:\project\SMJL\smjl_webform.pbt_build\smjl\images\scr_down.PNG
C:\project\SMJL\smjl_webform.pbt_build\smjl\images\scr_down_xp.PNG
C:\project\SMJL\smjl_webform.pbt_build\smjl\images\scr_left.PNG
C:\project\SMJL\smjl_webform.pbt_build\smjl\images\scr_left_xp.PNG
C:\project\SMJL\smjl_webform.pbt_build\smjl\images\scr_right.PNG
C:\project\SMJL\smjl_webform.pbt_build\smjl\images\scr_right_xp.PNG
C:\project\SMJL\smjl_webform.pbt_build\smjl\images\scr_up.PNG
C:\project\SMJL\smjl_webform.pbt_build\smjl\images\scr_up_xp.PNG
C:\project\SMJL\smjl_webform.pbt_build\smjl\images\Show.gif
C:\project\SMJL\smjl_webform.pbt_build\smjl\images\Spacer.gif
C:\project\SMJL\smjl_webform.pbt_build\smjl\images\stop.GIF
C:\project\SMJL\smjl_webform.pbt_build\smjl\images\Table.gif
C:\project\SMJL\smjl_webform.pbt_build\smjl\images\tab_close_classic_normal.gif
C:\project\SMJL\smjl_webform.pbt_build\smjl\images\tab_close_xp_normal.gif
C:\project\SMJL\smjl_webform.pbt_build\smjl\images\tab_left.PNG
C:\project\SMJL\smjl_webform.pbt_build\smjl\images\tab_left_bottom.PNG
C:\project\SMJL\smjl_webform.pbt_build\smjl\images\tab_left_top.PNG
C:\project\SMJL\smjl_webform.pbt_build\smjl\images\tab_scr_down.PNG
C:\project\SMJL\smjl_webform.pbt_build\smjl\images\tab_scr_left.PNG
C:\project\SMJL\smjl_webform.pbt_build\smjl\images\tab_scr_right.PNG
C:\project\SMJL\smjl_webform.pbt_build\smjl\images\tab_scr_up.PNG
C:\project\SMJL\smjl_webform.pbt_build\smjl\images\tab_top.PNG
C:\project\SMJL\smjl_webform.pbt_build\smjl\images\tab_top_left.PNG
C:\project\SMJL\smjl_webform.pbt_build\smjl\images\tab_top_right.PNG
C:\project\SMJL\smjl_webform.pbt_build\smjl\images\thememanager.gif
C:\project\SMJL\smjl_webform.pbt_build\smjl\images\thumb.png
C:\project\SMJL\smjl_webform.pbt_build\smjl\images\thumb_mouse_down.png
C:\project\SMJL\smjl_webform.pbt_build\smjl\images\Underline.gif
C:\project\SMJL\smjl_webform.pbt_build\smjl\images\up.PNG
C:\project\SMJL\smjl_webform.pbt_build\smjl\images\uparrow.cur
C:\project\SMJL\smjl_webform.pbt_build\smjl\images\updisable.bmp
C:\project\SMJL\smjl_webform.pbt_build\smjl\images\upenable.bmp
C:\project\SMJL\smjl_webform.pbt_build\smjl\images\VSeparator.gif
C:\project\SMJL\smjl_webform.pbt_build\smjl\images\vtrack.PNG
C:\project\SMJL\smjl_webform.pbt_build\smjl\images\v_thumb_back_ground_xp.bmp
C:\project\SMJL\smjl_webform.pbt_build\smjl\images\xp_checkbox_1_1_0.jpg
C:\project\SMJL\smjl_webform.pbt_build\smjl\images\xp_checkbox_1_1_1.jpg
C:\project\SMJL\smjl_webform.pbt_build\smjl\images\xp_checkbox_1_2_0.jpg
C:\project\SMJL\smjl_webform.pbt_build\smjl\images\xp_checkbox_1_2_1.jpg
C:\project\SMJL\smjl_webform.pbt_build\smjl\images\xp_checkbox_1_3_0.jpg
C:\project\SMJL\smjl_webform.pbt_build\smjl\images\xp_checkbox_1_3_1.jpg
C:\project\SMJL\smjl_webform.pbt_build\smjl\images\xp_checkbox_2_1_0.jpg
C:\project\SMJL\smjl_webform.pbt_build\smjl\images\xp_checkbox_2_1_1.jpg
C:\project\SMJL\smjl_webform.pbt_build\smjl\images\xp_checkbox_2_2_0.jpg
C:\project\SMJL\smjl_webform.pbt_build\smjl\images\xp_checkbox_2_2_1.jpg
C:\project\SMJL\smjl_webform.pbt_build\smjl\images\xp_checkbox_2_3_0.jpg
C:\project\SMJL\smjl_webform.pbt_build\smjl\images\xp_checkbox_2_3_1.jpg
C:\project\SMJL\smjl_webform.pbt_build\smjl\images\xp_close.gif
C:\project\SMJL\smjl_webform.pbt_build\smjl\images\xp_max.gif
C:\project\SMJL\smjl_webform.pbt_build\smjl\images\xp_min.gif
C:\project\SMJL\smjl_webform.pbt_build\smjl\images\xp_restore.gif
C:\project\SMJL\smjl_webform.pbt_build\smjl\images\xp_titlebar.JPG
C:\project\SMJL\smjl_webform.pbt_build\smjl\images\xp_web_close.gif
C:\project\SMJL\smjl_webform.pbt_build\smjl\images\res\algnbot.bmp
C:\project\SMJL\smjl_webform.pbt_build\smjl\images\res\algncntr.bmp
C:\project\SMJL\smjl_webform.pbt_build\smjl\images\res\algnhcnt.bmp
C:\project\SMJL\smjl_webform.pbt_build\smjl\images\res\algnleft.bmp
C:\project\SMJL\smjl_webform.pbt_build\smjl\images\res\algnrght.bmp
C:\project\SMJL\smjl_webform.pbt_build\smjl\images\res\algntop.bmp
C:\project\SMJL\smjl_webform.pbt_build\smjl\images\res\appstarting.bmp
C:\project\SMJL\smjl_webform.pbt_build\smjl\images\res\area2d.ico
C:\project\SMJL\smjl_webform.pbt_build\smjl\images\res\area3d.ico
C:\project\SMJL\smjl_webform.pbt_build\smjl\images\res\bar2d.ico
C:\project\SMJL\smjl_webform.pbt_build\smjl\images\res\bar3d.ico
C:\project\SMJL\smjl_webform.pbt_build\smjl\images\res\bar3dobj.ico
C:\project\SMJL\smjl_webform.pbt_build\smjl\images\res\barst3do.ico
C:\project\SMJL\smjl_webform.pbt_build\smjl\images\res\barstack.ico
C:\project\SMJL\smjl_webform.pbt_build\smjl\images\res\col2d.ico
C:\project\SMJL\smjl_webform.pbt_build\smjl\images\res\col3d.ico
C:\project\SMJL\smjl_webform.pbt_build\smjl\images\res\col3dobj.ico
C:\project\SMJL\smjl_webform.pbt_build\smjl\images\res\colst3do.ico
C:\project\SMJL\smjl_webform.pbt_build\smjl\images\res\colstack.ico
C:\project\SMJL\smjl_webform.pbt_build\smjl\images\res\dtpmask.bmp
C:\project\SMJL\smjl_webform.pbt_build\smjl\images\res\dwsyntax.ico
C:\project\SMJL\smjl_webform.pbt_build\smjl\images\res\epgchkdd.bmp
C:\project\SMJL\smjl_webform.pbt_build\smjl\images\res\epgchked.bmp
C:\project\SMJL\smjl_webform.pbt_build\smjl\images\res\exclamation.ico
C:\project\SMJL\smjl_webform.pbt_build\smjl\images\res\fn0600.bmp
C:\project\SMJL\smjl_webform.pbt_build\smjl\images\res\fn0602.bmp
C:\project\SMJL\smjl_webform.pbt_build\smjl\images\res\fn0604.bmp
C:\project\SMJL\smjl_webform.pbt_build\smjl\images\res\fn0700.bmp
C:\project\SMJL\smjl_webform.pbt_build\smjl\images\res\fn0702.bmp
C:\project\SMJL\smjl_webform.pbt_build\smjl\images\res\fn0704.bmp
C:\project\SMJL\smjl_webform.pbt_build\smjl\images\res\fn1000.bmp
C:\project\SMJL\smjl_webform.pbt_build\smjl\images\res\fn1000.ico
C:\project\SMJL\smjl_webform.pbt_build\smjl\images\res\fn1002.bmp
C:\project\SMJL\smjl_webform.pbt_build\smjl\images\res\fn1002.ico
C:\project\SMJL\smjl_webform.pbt_build\smjl\images\res\fn1004.bmp
C:\project\SMJL\smjl_webform.pbt_build\smjl\images\res\fn1004.ico
C:\project\SMJL\smjl_webform.pbt_build\smjl\images\res\fn1006.bmp
C:\project\SMJL\smjl_webform.pbt_build\smjl\images\res\fn1006.ico
C:\project\SMJL\smjl_webform.pbt_build\smjl\images\res\fn1008.bmp
C:\project\SMJL\smjl_webform.pbt_build\smjl\images\res\fn1008.ico
C:\project\SMJL\smjl_webform.pbt_build\smjl\images\res\fn1010.bmp
C:\project\SMJL\smjl_webform.pbt_build\smjl\images\res\fn1012.bmp
C:\project\SMJL\smjl_webform.pbt_build\smjl\images\res\fn1014.bmp
C:\project\SMJL\smjl_webform.pbt_build\smjl\images\res\fn1014.ico
C:\project\SMJL\smjl_webform.pbt_build\smjl\images\res\fn1016.bmp
C:\project\SMJL\smjl_webform.pbt_build\smjl\images\res\fn1018.bmp
C:\project\SMJL\smjl_webform.pbt_build\smjl\images\res\fn1018.ico
C:\project\SMJL\smjl_webform.pbt_build\smjl\images\res\fn1020.bmp
C:\project\SMJL\smjl_webform.pbt_build\smjl\images\res\fn1020.ico
C:\project\SMJL\smjl_webform.pbt_build\smjl\images\res\fn1022.bmp
C:\project\SMJL\smjl_webform.pbt_build\smjl\images\res\fn1022.ico
C:\project\SMJL\smjl_webform.pbt_build\smjl\images\res\fn1024.bmp
C:\project\SMJL\smjl_webform.pbt_build\smjl\images\res\fn1026.bmp
C:\project\SMJL\smjl_webform.pbt_build\smjl\images\res\fn1026.ico
C:\project\SMJL\smjl_webform.pbt_build\smjl\images\res\fn1030.bmp
C:\project\SMJL\smjl_webform.pbt_build\smjl\images\res\fn1030.ico
C:\project\SMJL\smjl_webform.pbt_build\smjl\images\res\fn1032.bmp
C:\project\SMJL\smjl_webform.pbt_build\smjl\images\res\fn1032.ico
C:\project\SMJL\smjl_webform.pbt_build\smjl\images\res\fn1034.bmp
C:\project\SMJL\smjl_webform.pbt_build\smjl\images\res\fn1034.ico
C:\project\SMJL\smjl_webform.pbt_build\smjl\images\res\fn1036.bmp
C:\project\SMJL\smjl_webform.pbt_build\smjl\images\res\fn1038.bmp
C:\project\SMJL\smjl_webform.pbt_build\smjl\images\res\fn1040.bmp
C:\project\SMJL\smjl_webform.pbt_build\smjl\images\res\fn1042.bmp
C:\project\SMJL\smjl_webform.pbt_build\smjl\images\res\fn1044.bmp
C:\project\SMJL\smjl_webform.pbt_build\smjl\images\res\fn1048.bmp
C:\project\SMJL\smjl_webform.pbt_build\smjl\images\res\fn1050.bmp
C:\project\SMJL\smjl_webform.pbt_build\smjl\images\res\fn1052.bmp
C:\project\SMJL\smjl_webform.pbt_build\smjl\images\res\fn1052.ico
C:\project\SMJL\smjl_webform.pbt_build\smjl\images\res\fn1054.bmp
C:\project\SMJL\smjl_webform.pbt_build\smjl\images\res\fn1056.bmp
C:\project\SMJL\smjl_webform.pbt_build\smjl\images\res\fn1060.bmp
C:\project\SMJL\smjl_webform.pbt_build\smjl\images\res\fn1060.ico
C:\project\SMJL\smjl_webform.pbt_build\smjl\images\res\fn1062.bmp
C:\project\SMJL\smjl_webform.pbt_build\smjl\images\res\fn1064.bmp
C:\project\SMJL\smjl_webform.pbt_build\smjl\images\res\fn1064.ico
C:\project\SMJL\smjl_webform.pbt_build\smjl\images\res\fn1068.bmp
C:\project\SMJL\smjl_webform.pbt_build\smjl\images\res\fn1070.bmp
C:\project\SMJL\smjl_webform.pbt_build\smjl\images\res\fn1074.bmp
C:\project\SMJL\smjl_webform.pbt_build\smjl\images\res\fn1076.bmp
C:\project\SMJL\smjl_webform.pbt_build\smjl\images\res\fn1076.ico
C:\project\SMJL\smjl_webform.pbt_build\smjl\images\res\fn1078.bmp
C:\project\SMJL\smjl_webform.pbt_build\smjl\images\res\fn1080.bmp
C:\project\SMJL\smjl_webform.pbt_build\smjl\images\res\fn1082.bmp
C:\project\SMJL\smjl_webform.pbt_build\smjl\images\res\fn1084.bmp
C:\project\SMJL\smjl_webform.pbt_build\smjl\images\res\fn1086.bmp
C:\project\SMJL\smjl_webform.pbt_build\smjl\images\res\fn1088.bmp
C:\project\SMJL\smjl_webform.pbt_build\smjl\images\res\fn1090.bmp
C:\project\SMJL\smjl_webform.pbt_build\smjl\images\res\fn1092.bmp
C:\project\SMJL\smjl_webform.pbt_build\smjl\images\res\fn1094.bmp
C:\project\SMJL\smjl_webform.pbt_build\smjl\images\res\fn1096.bmp
C:\project\SMJL\smjl_webform.pbt_build\smjl\images\res\fn1098.bmp
C:\project\SMJL\smjl_webform.pbt_build\smjl\images\res\fn1100.bmp
C:\project\SMJL\smjl_webform.pbt_build\smjl\images\res\fn1100.ico
C:\project\SMJL\smjl_webform.pbt_build\smjl\images\res\fn1102.bmp
C:\project\SMJL\smjl_webform.pbt_build\smjl\images\res\fn1102.ico
C:\project\SMJL\smjl_webform.pbt_build\smjl\images\res\fn1104.bmp
C:\project\SMJL\smjl_webform.pbt_build\smjl\images\res\fn1106.bmp
C:\project\SMJL\smjl_webform.pbt_build\smjl\images\res\fn1112.bmp
C:\project\SMJL\smjl_webform.pbt_build\smjl\images\res\fn1116.bmp
C:\project\SMJL\smjl_webform.pbt_build\smjl\images\res\fn1118.bmp
C:\project\SMJL\smjl_webform.pbt_build\smjl\images\res\fn1118.ico
C:\project\SMJL\smjl_webform.pbt_build\smjl\images\res\fn1120.bmp
C:\project\SMJL\smjl_webform.pbt_build\smjl\images\res\fn1124.bmp
C:\project\SMJL\smjl_webform.pbt_build\smjl\images\res\fn1126.ico
C:\project\SMJL\smjl_webform.pbt_build\smjl\images\res\fn1128.bmp
C:\project\SMJL\smjl_webform.pbt_build\smjl\images\res\fn1130.bmp
C:\project\SMJL\smjl_webform.pbt_build\smjl\images\res\fn1132.bmp
C:\project\SMJL\smjl_webform.pbt_build\smjl\images\res\fn1134.bmp
C:\project\SMJL\smjl_webform.pbt_build\smjl\images\res\fn1136.bmp
C:\project\SMJL\smjl_webform.pbt_build\smjl\images\res\fn1138.bmp
C:\project\SMJL\smjl_webform.pbt_build\smjl\images\res\fn1140.bmp
C:\project\SMJL\smjl_webform.pbt_build\smjl\images\res\fn1142.bmp
C:\project\SMJL\smjl_webform.pbt_build\smjl\images\res\fn1144.bmp
C:\project\SMJL\smjl_webform.pbt_build\smjl\images\res\fn1146.bmp
C:\project\SMJL\smjl_webform.pbt_build\smjl\images\res\fn1148.bmp
C:\project\SMJL\smjl_webform.pbt_build\smjl\images\res\fn1156.bmp
C:\project\SMJL\smjl_webform.pbt_build\smjl\images\res\fn1158.bmp
C:\project\SMJL\smjl_webform.pbt_build\smjl\images\res\fn1160.bmp
C:\project\SMJL\smjl_webform.pbt_build\smjl\images\res\fn1258.bmp
C:\project\SMJL\smjl_webform.pbt_build\smjl\images\res\fn1260.bmp
C:\project\SMJL\smjl_webform.pbt_build\smjl\images\res\fn1262.bmp
C:\project\SMJL\smjl_webform.pbt_build\smjl\images\res\fn1264.bmp
C:\project\SMJL\smjl_webform.pbt_build\smjl\images\res\fn1266.bmp
C:\project\SMJL\smjl_webform.pbt_build\smjl\images\res\fn1268.bmp
C:\project\SMJL\smjl_webform.pbt_build\smjl\images\res\fn1270.bmp
C:\project\SMJL\smjl_webform.pbt_build\smjl\images\res\fn1272.bmp
C:\project\SMJL\smjl_webform.pbt_build\smjl\images\res\fn1274.bmp
C:\project\SMJL\smjl_webform.pbt_build\smjl\images\res\fn1276.bmp
C:\project\SMJL\smjl_webform.pbt_build\smjl\images\res\fn1278.bmp
C:\project\SMJL\smjl_webform.pbt_build\smjl\images\res\fn1290.bmp
C:\project\SMJL\smjl_webform.pbt_build\smjl\images\res\fn1292.bmp
C:\project\SMJL\smjl_webform.pbt_build\smjl\images\res\fn1294.bmp
C:\project\SMJL\smjl_webform.pbt_build\smjl\images\res\fn1296.bmp
C:\project\SMJL\smjl_webform.pbt_build\smjl\images\res\fn1298.bmp
C:\project\SMJL\smjl_webform.pbt_build\smjl\images\res\fn1300.bmp
C:\project\SMJL\smjl_webform.pbt_build\smjl\images\res\fn1302.bmp
C:\project\SMJL\smjl_webform.pbt_build\smjl\images\res\fn1304.bmp
C:\project\SMJL\smjl_webform.pbt_build\smjl\images\res\fn1306.bmp
C:\project\SMJL\smjl_webform.pbt_build\smjl\images\res\fn1308.bmp
C:\project\SMJL\smjl_webform.pbt_build\smjl\images\res\fn1316.bmp
C:\project\SMJL\smjl_webform.pbt_build\smjl\images\res\fn1318.bmp
C:\project\SMJL\smjl_webform.pbt_build\smjl\images\res\fn1322.bmp
C:\project\SMJL\smjl_webform.pbt_build\smjl\images\res\fn1324.bmp
C:\project\SMJL\smjl_webform.pbt_build\smjl\images\res\fn1326.bmp
C:\project\SMJL\smjl_webform.pbt_build\smjl\images\res\fn1328.bmp
C:\project\SMJL\smjl_webform.pbt_build\smjl\images\res\fn1330.bmp
C:\project\SMJL\smjl_webform.pbt_build\smjl\images\res\fn1332.bmp
C:\project\SMJL\smjl_webform.pbt_build\smjl\images\res\fn1334.bmp
C:\project\SMJL\smjl_webform.pbt_build\smjl\images\res\fn1336.bmp
C:\project\SMJL\smjl_webform.pbt_build\smjl\images\res\fn1338.bmp
C:\project\SMJL\smjl_webform.pbt_build\smjl\images\res\fn1340.bmp
C:\project\SMJL\smjl_webform.pbt_build\smjl\images\res\fn1342.bmp
C:\project\SMJL\smjl_webform.pbt_build\smjl\images\res\fn1344.bmp
C:\project\SMJL\smjl_webform.pbt_build\smjl\images\res\fn1346.bmp
C:\project\SMJL\smjl_webform.pbt_build\smjl\images\res\fn1348.bmp
C:\project\SMJL\smjl_webform.pbt_build\smjl\images\res\fn1350.bmp
C:\project\SMJL\smjl_webform.pbt_build\smjl\images\res\fn1352.bmp
C:\project\SMJL\smjl_webform.pbt_build\smjl\images\res\fn1354.bmp
C:\project\SMJL\smjl_webform.pbt_build\smjl\images\res\fn1356.bmp
C:\project\SMJL\smjl_webform.pbt_build\smjl\images\res\fn1358.bmp
C:\project\SMJL\smjl_webform.pbt_build\smjl\images\res\fn1360.bmp
C:\project\SMJL\smjl_webform.pbt_build\smjl\images\res\fn1362.bmp
C:\project\SMJL\smjl_webform.pbt_build\smjl\images\res\fn1364.bmp
C:\project\SMJL\smjl_webform.pbt_build\smjl\images\res\fn1366.bmp
C:\project\SMJL\smjl_webform.pbt_build\smjl\images\res\fn1368.bmp
C:\project\SMJL\smjl_webform.pbt_build\smjl\images\res\fn1370.bmp
C:\project\SMJL\smjl_webform.pbt_build\smjl\images\res\fn1372.bmp
C:\project\SMJL\smjl_webform.pbt_build\smjl\images\res\fn1374.bmp
C:\project\SMJL\smjl_webform.pbt_build\smjl\images\res\fn1386.bmp
C:\project\SMJL\smjl_webform.pbt_build\smjl\images\res\fn1388.bmp
C:\project\SMJL\smjl_webform.pbt_build\smjl\images\res\fn1390.bmp
C:\project\SMJL\smjl_webform.pbt_build\smjl\images\res\fn1392.bmp
C:\project\SMJL\smjl_webform.pbt_build\smjl\images\res\fn1394.bmp
C:\project\SMJL\smjl_webform.pbt_build\smjl\images\res\fn1396.bmp
C:\project\SMJL\smjl_webform.pbt_build\smjl\images\res\fn1398.bmp
C:\project\SMJL\smjl_webform.pbt_build\smjl\images\res\fn1400.bmp
C:\project\SMJL\smjl_webform.pbt_build\smjl\images\res\fn1402.bmp
C:\project\SMJL\smjl_webform.pbt_build\smjl\images\res\fn1404.bmp
C:\project\SMJL\smjl_webform.pbt_build\smjl\images\res\fn1406.bmp
C:\project\SMJL\smjl_webform.pbt_build\smjl\images\res\fn1408.bmp
C:\project\SMJL\smjl_webform.pbt_build\smjl\images\res\fn1410.bmp
C:\project\SMJL\smjl_webform.pbt_build\smjl\images\res\fn1412.bmp
C:\project\SMJL\smjl_webform.pbt_build\smjl\images\res\fn1414.bmp
C:\project\SMJL\smjl_webform.pbt_build\smjl\images\res\fn1416.bmp
C:\project\SMJL\smjl_webform.pbt_build\smjl\images\res\fn1418.bmp
C:\project\SMJL\smjl_webform.pbt_build\smjl\images\res\fn1420.bmp
C:\project\SMJL\smjl_webform.pbt_build\smjl\images\res\fn1422.bmp
C:\project\SMJL\smjl_webform.pbt_build\smjl\images\res\fn1432.bmp
C:\project\SMJL\smjl_webform.pbt_build\smjl\images\res\fn1436.bmp
C:\project\SMJL\smjl_webform.pbt_build\smjl\images\res\fn1438.bmp
C:\project\SMJL\smjl_webform.pbt_build\smjl\images\res\fn1440.bmp
C:\project\SMJL\smjl_webform.pbt_build\smjl\images\res\fn1442.bmp
C:\project\SMJL\smjl_webform.pbt_build\smjl\images\res\fn1444.bmp
C:\project\SMJL\smjl_webform.pbt_build\smjl\images\res\fn1446.bmp
C:\project\SMJL\smjl_webform.pbt_build\smjl\images\res\fn1448.bmp
C:\project\SMJL\smjl_webform.pbt_build\smjl\images\res\fn1450.bmp
C:\project\SMJL\smjl_webform.pbt_build\smjl\images\res\fn1452.bmp
C:\project\SMJL\smjl_webform.pbt_build\smjl\images\res\fn1454.bmp
C:\project\SMJL\smjl_webform.pbt_build\smjl\images\res\fn1456.bmp
C:\project\SMJL\smjl_webform.pbt_build\smjl\images\res\fn1458.bmp
C:\project\SMJL\smjl_webform.pbt_build\smjl\images\res\fn1460.bmp
C:\project\SMJL\smjl_webform.pbt_build\smjl\images\res\fn1462.bmp
C:\project\SMJL\smjl_webform.pbt_build\smjl\images\res\fn1464.bmp
C:\project\SMJL\smjl_webform.pbt_build\smjl\images\res\fn1466.bmp
C:\project\SMJL\smjl_webform.pbt_build\smjl\images\res\fn1468.bmp
C:\project\SMJL\smjl_webform.pbt_build\smjl\images\res\fn1470.bmp
C:\project\SMJL\smjl_webform.pbt_build\smjl\images\res\fn1472.bmp
C:\project\SMJL\smjl_webform.pbt_build\smjl\images\res\fn1474.bmp
C:\project\SMJL\smjl_webform.pbt_build\smjl\images\res\fn1476.bmp
C:\project\SMJL\smjl_webform.pbt_build\smjl\images\res\fn1478.bmp
C:\project\SMJL\smjl_webform.pbt_build\smjl\images\res\fn1480.bmp
C:\project\SMJL\smjl_webform.pbt_build\smjl\images\res\fn1482.bmp
C:\project\SMJL\smjl_webform.pbt_build\smjl\images\res\fn1484.bmp
C:\project\SMJL\smjl_webform.pbt_build\smjl\images\res\fn1486.bmp
C:\project\SMJL\smjl_webform.pbt_build\smjl\images\res\fn1488.bmp
C:\project\SMJL\smjl_webform.pbt_build\smjl\images\res\fn1490.bmp
C:\project\SMJL\smjl_webform.pbt_build\smjl\images\res\fn1492.bmp
C:\project\SMJL\smjl_webform.pbt_build\smjl\images\res\fn1496.bmp
C:\project\SMJL\smjl_webform.pbt_build\smjl\images\res\fn1497.bmp
C:\project\SMJL\smjl_webform.pbt_build\smjl\images\res\fn1498minusxp.bmp
C:\project\SMJL\smjl_webform.pbt_build\smjl\images\res\fn1499plusxp.bmp
C:\project\SMJL\smjl_webform.pbt_build\smjl\images\res\fn1546.bmp
C:\project\SMJL\smjl_webform.pbt_build\smjl\images\res\fn1548.bmp
C:\project\SMJL\smjl_webform.pbt_build\smjl\images\res\fn1550.bmp
C:\project\SMJL\smjl_webform.pbt_build\smjl\images\res\fn1552.bmp
C:\project\SMJL\smjl_webform.pbt_build\smjl\images\res\fn1610.bmp
C:\project\SMJL\smjl_webform.pbt_build\smjl\images\res\fn1610.ico
C:\project\SMJL\smjl_webform.pbt_build\smjl\images\res\fn1612.bmp
C:\project\SMJL\smjl_webform.pbt_build\smjl\images\res\fn1614.bmp
C:\project\SMJL\smjl_webform.pbt_build\smjl\images\res\fn1616.bmp
C:\project\SMJL\smjl_webform.pbt_build\smjl\images\res\fn1618.bmp
C:\project\SMJL\smjl_webform.pbt_build\smjl\images\res\fn1620.bmp
C:\project\SMJL\smjl_webform.pbt_build\smjl\images\res\fn1622.bmp
C:\project\SMJL\smjl_webform.pbt_build\smjl\images\res\fn1624.bmp
C:\project\SMJL\smjl_webform.pbt_build\smjl\images\res\fn1626.bmp
C:\project\SMJL\smjl_webform.pbt_build\smjl\images\res\fn1628.bmp
C:\project\SMJL\smjl_webform.pbt_build\smjl\images\res\fn1630.bmp
C:\project\SMJL\smjl_webform.pbt_build\smjl\images\res\fn1632.bmp
C:\project\SMJL\smjl_webform.pbt_build\smjl\images\res\fn1634.bmp
C:\project\SMJL\smjl_webform.pbt_build\smjl\images\res\fn1636.ico
C:\project\SMJL\smjl_webform.pbt_build\smjl\images\res\fn1638.ico
C:\project\SMJL\smjl_webform.pbt_build\smjl\images\res\fn1640.bmp
C:\project\SMJL\smjl_webform.pbt_build\smjl\images\res\fn1674.bmp
C:\project\SMJL\smjl_webform.pbt_build\smjl\images\res\fn1676.bmp
C:\project\SMJL\smjl_webform.pbt_build\smjl\images\res\fn1678.bmp
C:\project\SMJL\smjl_webform.pbt_build\smjl\images\res\fn1680.bmp
C:\project\SMJL\smjl_webform.pbt_build\smjl\images\res\fn1682.bmp
C:\project\SMJL\smjl_webform.pbt_build\smjl\images\res\fn1684.bmp
C:\project\SMJL\smjl_webform.pbt_build\smjl\images\res\fn1686.bmp
C:\project\SMJL\smjl_webform.pbt_build\smjl\images\res\fn1688.bmp
C:\project\SMJL\smjl_webform.pbt_build\smjl\images\res\fn1690.bmp
C:\project\SMJL\smjl_webform.pbt_build\smjl\images\res\fn1692.bmp
C:\project\SMJL\smjl_webform.pbt_build\smjl\images\res\fn1694.bmp
C:\project\SMJL\smjl_webform.pbt_build\smjl\images\res\fn1696.bmp
C:\project\SMJL\smjl_webform.pbt_build\smjl\images\res\fn1698.bmp
C:\project\SMJL\smjl_webform.pbt_build\smjl\images\res\fn1700.bmp
C:\project\SMJL\smjl_webform.pbt_build\smjl\images\res\fn1702.bmp
C:\project\SMJL\smjl_webform.pbt_build\smjl\images\res\fn1704.bmp
C:\project\SMJL\smjl_webform.pbt_build\smjl\images\res\fn1706.bmp
C:\project\SMJL\smjl_webform.pbt_build\smjl\images\res\fn1708.bmp
C:\project\SMJL\smjl_webform.pbt_build\smjl\images\res\fn1738.bmp
C:\project\SMJL\smjl_webform.pbt_build\smjl\images\res\fn1740.bmp
C:\project\SMJL\smjl_webform.pbt_build\smjl\images\res\fn1742.bmp
C:\project\SMJL\smjl_webform.pbt_build\smjl\images\res\fn1744.bmp
C:\project\SMJL\smjl_webform.pbt_build\smjl\images\res\fn1746.bmp
C:\project\SMJL\smjl_webform.pbt_build\smjl\images\res\fn1748.bmp
C:\project\SMJL\smjl_webform.pbt_build\smjl\images\res\fn1750.bmp
C:\project\SMJL\smjl_webform.pbt_build\smjl\images\res\fn1752.bmp
C:\project\SMJL\smjl_webform.pbt_build\smjl\images\res\fn1754.bmp
C:\project\SMJL\smjl_webform.pbt_build\smjl\images\res\fn1756.bmp
C:\project\SMJL\smjl_webform.pbt_build\smjl\images\res\fn1760.bmp
C:\project\SMJL\smjl_webform.pbt_build\smjl\images\res\fn1762.bmp
C:\project\SMJL\smjl_webform.pbt_build\smjl\images\res\fn1764.bmp
C:\project\SMJL\smjl_webform.pbt_build\smjl\images\res\fn1766.bmp
C:\project\SMJL\smjl_webform.pbt_build\smjl\images\res\fn1768.bmp
C:\project\SMJL\smjl_webform.pbt_build\smjl\images\res\fn1770.bmp
C:\project\SMJL\smjl_webform.pbt_build\smjl\images\res\fn1772.bmp
C:\project\SMJL\smjl_webform.pbt_build\smjl\images\res\fn1774.bmp
C:\project\SMJL\smjl_webform.pbt_build\smjl\images\res\fn1776.bmp
C:\project\SMJL\smjl_webform.pbt_build\smjl\images\res\fn1778.bmp
C:\project\SMJL\smjl_webform.pbt_build\smjl\images\res\fn1780.bmp
C:\project\SMJL\smjl_webform.pbt_build\smjl\images\res\fn1782.bmp
C:\project\SMJL\smjl_webform.pbt_build\smjl\images\res\fn1784.bmp
C:\project\SMJL\smjl_webform.pbt_build\smjl\images\res\fn1786.bmp
C:\project\SMJL\smjl_webform.pbt_build\smjl\images\res\fn1788.bmp
C:\project\SMJL\smjl_webform.pbt_build\smjl\images\res\fn1790.bmp
C:\project\SMJL\smjl_webform.pbt_build\smjl\images\res\fn1792.bmp
C:\project\SMJL\smjl_webform.pbt_build\smjl\images\res\fn1796.bmp
C:\project\SMJL\smjl_webform.pbt_build\smjl\images\res\fn1798.bmp
C:\project\SMJL\smjl_webform.pbt_build\smjl\images\res\fn1800.bmp
C:\project\SMJL\smjl_webform.pbt_build\smjl\images\res\fn1802.bmp
C:\project\SMJL\smjl_webform.pbt_build\smjl\images\res\fn1804.bmp
C:\project\SMJL\smjl_webform.pbt_build\smjl\images\res\fn1806.bmp
C:\project\SMJL\smjl_webform.pbt_build\smjl\images\res\fn1808.bmp
C:\project\SMJL\smjl_webform.pbt_build\smjl\images\res\fn1810.bmp
C:\project\SMJL\smjl_webform.pbt_build\smjl\images\res\fn1812.bmp
C:\project\SMJL\smjl_webform.pbt_build\smjl\images\res\fn1816.bmp
C:\project\SMJL\smjl_webform.pbt_build\smjl\images\res\fn1818.bmp
C:\project\SMJL\smjl_webform.pbt_build\smjl\images\res\fn1850.bmp
C:\project\SMJL\smjl_webform.pbt_build\smjl\images\res\fn1852.bmp
C:\project\SMJL\smjl_webform.pbt_build\smjl\images\res\fn1854.bmp
C:\project\SMJL\smjl_webform.pbt_build\smjl\images\res\fn1856.bmp
C:\project\SMJL\smjl_webform.pbt_build\smjl\images\res\fn1858.bmp
C:\project\SMJL\smjl_webform.pbt_build\smjl\images\res\fn1860.bmp
C:\project\SMJL\smjl_webform.pbt_build\smjl\images\res\fn1862.bmp
C:\project\SMJL\smjl_webform.pbt_build\smjl\images\res\fn1864.bmp
C:\project\SMJL\smjl_webform.pbt_build\smjl\images\res\fn1866.bmp
C:\project\SMJL\smjl_webform.pbt_build\smjl\images\res\fn1868.bmp
C:\project\SMJL\smjl_webform.pbt_build\smjl\images\res\fn1934.bmp
C:\project\SMJL\smjl_webform.pbt_build\smjl\images\res\fn1994.bmp
C:\project\SMJL\smjl_webform.pbt_build\smjl\images\res\fn1996.bmp
C:\project\SMJL\smjl_webform.pbt_build\smjl\images\res\fn1998.bmp
C:\project\SMJL\smjl_webform.pbt_build\smjl\images\res\fn2000.bmp
C:\project\SMJL\smjl_webform.pbt_build\smjl\images\res\fn2002.bmp
C:\project\SMJL\smjl_webform.pbt_build\smjl\images\res\fn2004.bmp
C:\project\SMJL\smjl_webform.pbt_build\smjl\images\res\fn2006.bmp
C:\project\SMJL\smjl_webform.pbt_build\smjl\images\res\fn2122.bmp
C:\project\SMJL\smjl_webform.pbt_build\smjl\images\res\fn2128.bmp
C:\project\SMJL\smjl_webform.pbt_build\smjl\images\res\fn2130.bmp
C:\project\SMJL\smjl_webform.pbt_build\smjl\images\res\fn2132.bmp
C:\project\SMJL\smjl_webform.pbt_build\smjl\images\res\fn2134.bmp
C:\project\SMJL\smjl_webform.pbt_build\smjl\images\res\fn2136.bmp
C:\project\SMJL\smjl_webform.pbt_build\smjl\images\res\fn2140.bmp
C:\project\SMJL\smjl_webform.pbt_build\smjl\images\res\fn2142.bmp
C:\project\SMJL\smjl_webform.pbt_build\smjl\images\res\fn2144.bmp
C:\project\SMJL\smjl_webform.pbt_build\smjl\images\res\fn2152.bmp
C:\project\SMJL\smjl_webform.pbt_build\smjl\images\res\fn2156.bmp
C:\project\SMJL\smjl_webform.pbt_build\smjl\images\res\fn2160.bmp
C:\project\SMJL\smjl_webform.pbt_build\smjl\images\res\fn2164.bmp
C:\project\SMJL\smjl_webform.pbt_build\smjl\images\res\fn2166.bmp
C:\project\SMJL\smjl_webform.pbt_build\smjl\images\res\fn2168.bmp
C:\project\SMJL\smjl_webform.pbt_build\smjl\images\res\fn2170.bmp
C:\project\SMJL\smjl_webform.pbt_build\smjl\images\res\fn2172.bmp
C:\project\SMJL\smjl_webform.pbt_build\smjl\images\res\fn2178.bmp
C:\project\SMJL\smjl_webform.pbt_build\smjl\images\res\fn2282.bmp
C:\project\SMJL\smjl_webform.pbt_build\smjl\images\res\fn2286.bmp
C:\project\SMJL\smjl_webform.pbt_build\smjl\images\res\fn2288.bmp
C:\project\SMJL\smjl_webform.pbt_build\smjl\images\res\fn2290.bmp
C:\project\SMJL\smjl_webform.pbt_build\smjl\images\res\fn2292.bmp
C:\project\SMJL\smjl_webform.pbt_build\smjl\images\res\fn2294.bmp
C:\project\SMJL\smjl_webform.pbt_build\smjl\images\res\fn2298.bmp
C:\project\SMJL\smjl_webform.pbt_build\smjl\images\res\fn2300.bmp
C:\project\SMJL\smjl_webform.pbt_build\smjl\images\res\fn2348.bmp
C:\project\SMJL\smjl_webform.pbt_build\smjl\images\res\fn2410.bmp
C:\project\SMJL\smjl_webform.pbt_build\smjl\images\res\fn2412.bmp
C:\project\SMJL\smjl_webform.pbt_build\smjl\images\res\fn2414.bmp
C:\project\SMJL\smjl_webform.pbt_build\smjl\images\res\fn2416.bmp
C:\project\SMJL\smjl_webform.pbt_build\smjl\images\res\fn2418.bmp
C:\project\SMJL\smjl_webform.pbt_build\smjl\images\res\fn2420.bmp
C:\project\SMJL\smjl_webform.pbt_build\smjl\images\res\fn2422.bmp
C:\project\SMJL\smjl_webform.pbt_build\smjl\images\res\fn2424.bmp
C:\project\SMJL\smjl_webform.pbt_build\smjl\images\res\fn2426.bmp
C:\project\SMJL\smjl_webform.pbt_build\smjl\images\res\fn2428.bmp
C:\project\SMJL\smjl_webform.pbt_build\smjl\images\res\fn2430.bmp
C:\project\SMJL\smjl_webform.pbt_build\smjl\images\res\fn2432.bmp
C:\project\SMJL\smjl_webform.pbt_build\smjl\images\res\fn2434.bmp
C:\project\SMJL\smjl_webform.pbt_build\smjl\images\res\fn2436.bmp
C:\project\SMJL\smjl_webform.pbt_build\smjl\images\res\fn2438.bmp
C:\project\SMJL\smjl_webform.pbt_build\smjl\images\res\fn2440.bmp
C:\project\SMJL\smjl_webform.pbt_build\smjl\images\res\fn2442.bmp
C:\project\SMJL\smjl_webform.pbt_build\smjl\images\res\fn2444.bmp
C:\project\SMJL\smjl_webform.pbt_build\smjl\images\res\fn2446.bmp
C:\project\SMJL\smjl_webform.pbt_build\smjl\images\res\fn2448.bmp
C:\project\SMJL\smjl_webform.pbt_build\smjl\images\res\fn2450.bmp
C:\project\SMJL\smjl_webform.pbt_build\smjl\images\res\fn2452.bmp
C:\project\SMJL\smjl_webform.pbt_build\smjl\images\res\fn2454.bmp
C:\project\SMJL\smjl_webform.pbt_build\smjl\images\res\fn2456.bmp
C:\project\SMJL\smjl_webform.pbt_build\smjl\images\res\fn2458.bmp
C:\project\SMJL\smjl_webform.pbt_build\smjl\images\res\fn2460.bmp
C:\project\SMJL\smjl_webform.pbt_build\smjl\images\res\fn2462.bmp
C:\project\SMJL\smjl_webform.pbt_build\smjl\images\res\fn2464.bmp
C:\project\SMJL\smjl_webform.pbt_build\smjl\images\res\fn2466.bmp
C:\project\SMJL\smjl_webform.pbt_build\smjl\images\res\fn2468.bmp
C:\project\SMJL\smjl_webform.pbt_build\smjl\images\res\fn2470.bmp
C:\project\SMJL\smjl_webform.pbt_build\smjl\images\res\fn2472.bmp
C:\project\SMJL\smjl_webform.pbt_build\smjl\images\res\fn2474.bmp
C:\project\SMJL\smjl_webform.pbt_build\smjl\images\res\fn2476.bmp
C:\project\SMJL\smjl_webform.pbt_build\smjl\images\res\fn2478.bmp
C:\project\SMJL\smjl_webform.pbt_build\smjl\images\res\fn2480.bmp
C:\project\SMJL\smjl_webform.pbt_build\smjl\images\res\fn2482.bmp
C:\project\SMJL\smjl_webform.pbt_build\smjl\images\res\fn2484.bmp
C:\project\SMJL\smjl_webform.pbt_build\smjl\images\res\fn2486.bmp
C:\project\SMJL\smjl_webform.pbt_build\smjl\images\res\fn2488.bmp
C:\project\SMJL\smjl_webform.pbt_build\smjl\images\res\fn2490.bmp
C:\project\SMJL\smjl_webform.pbt_build\smjl\images\res\fn2492.bmp
C:\project\SMJL\smjl_webform.pbt_build\smjl\images\res\fn2494.bmp
C:\project\SMJL\smjl_webform.pbt_build\smjl\images\res\fn2496.bmp
C:\project\SMJL\smjl_webform.pbt_build\smjl\images\res\fn2498.bmp
C:\project\SMJL\smjl_webform.pbt_build\smjl\images\res\fn2500.bmp
C:\project\SMJL\smjl_webform.pbt_build\smjl\images\res\fn2502.bmp
C:\project\SMJL\smjl_webform.pbt_build\smjl\images\res\fn2504.bmp
C:\project\SMJL\smjl_webform.pbt_build\smjl\images\res\fn2506.bmp
C:\project\SMJL\smjl_webform.pbt_build\smjl\images\res\fn2508.bmp
C:\project\SMJL\smjl_webform.pbt_build\smjl\images\res\fn2510.bmp
C:\project\SMJL\smjl_webform.pbt_build\smjl\images\res\fn2512.bmp
C:\project\SMJL\smjl_webform.pbt_build\smjl\images\res\fn2514.bmp
C:\project\SMJL\smjl_webform.pbt_build\smjl\images\res\fn2516.bmp
C:\project\SMJL\smjl_webform.pbt_build\smjl\images\res\fn2518.bmp
C:\project\SMJL\smjl_webform.pbt_build\smjl\images\res\fn2520.bmp
C:\project\SMJL\smjl_webform.pbt_build\smjl\images\res\fn2522.bmp
C:\project\SMJL\smjl_webform.pbt_build\smjl\images\res\fn2524.bmp
C:\project\SMJL\smjl_webform.pbt_build\smjl\images\res\fn2526.bmp
C:\project\SMJL\smjl_webform.pbt_build\smjl\images\res\fn2528.bmp
C:\project\SMJL\smjl_webform.pbt_build\smjl\images\res\fn2530.bmp
C:\project\SMJL\smjl_webform.pbt_build\smjl\images\res\fn2532.bmp
C:\project\SMJL\smjl_webform.pbt_build\smjl\images\res\fn2534.bmp
C:\project\SMJL\smjl_webform.pbt_build\smjl\images\res\fn2536.bmp
C:\project\SMJL\smjl_webform.pbt_build\smjl\images\res\fn2538.bmp
C:\project\SMJL\smjl_webform.pbt_build\smjl\images\res\fn2540.bmp
C:\project\SMJL\smjl_webform.pbt_build\smjl\images\res\fn2542.bmp
C:\project\SMJL\smjl_webform.pbt_build\smjl\images\res\fn2544.bmp
C:\project\SMJL\smjl_webform.pbt_build\smjl\images\res\fn2546.bmp
C:\project\SMJL\smjl_webform.pbt_build\smjl\images\res\fn2548.bmp
C:\project\SMJL\smjl_webform.pbt_build\smjl\images\res\fn2550.bmp
C:\project\SMJL\smjl_webform.pbt_build\smjl\images\res\fn2552.bmp
C:\project\SMJL\smjl_webform.pbt_build\smjl\images\res\fn2554.bmp
C:\project\SMJL\smjl_webform.pbt_build\smjl\images\res\fn2556.bmp
C:\project\SMJL\smjl_webform.pbt_build\smjl\images\res\fn2558.bmp
C:\project\SMJL\smjl_webform.pbt_build\smjl\images\res\fn2560.bmp
C:\project\SMJL\smjl_webform.pbt_build\smjl\images\res\fn2562.bmp
C:\project\SMJL\smjl_webform.pbt_build\smjl\images\res\fn2564.bmp
C:\project\SMJL\smjl_webform.pbt_build\smjl\images\res\fn2566.bmp
C:\project\SMJL\smjl_webform.pbt_build\smjl\images\res\fn2568.bmp
C:\project\SMJL\smjl_webform.pbt_build\smjl\images\res\fn2570.bmp
C:\project\SMJL\smjl_webform.pbt_build\smjl\images\res\fn2572.bmp
C:\project\SMJL\smjl_webform.pbt_build\smjl\images\res\fn2574.bmp
C:\project\SMJL\smjl_webform.pbt_build\smjl\images\res\fn2576.bmp
C:\project\SMJL\smjl_webform.pbt_build\smjl\images\res\fn2578.bmp
C:\project\SMJL\smjl_webform.pbt_build\smjl\images\res\fn2580.bmp
C:\project\SMJL\smjl_webform.pbt_build\smjl\images\res\fn2582.bmp
C:\project\SMJL\smjl_webform.pbt_build\smjl\images\res\fn2584.bmp
C:\project\SMJL\smjl_webform.pbt_build\smjl\images\res\fn2586.bmp
C:\project\SMJL\smjl_webform.pbt_build\smjl\images\res\fn2588.bmp
C:\project\SMJL\smjl_webform.pbt_build\smjl\images\res\fn2590.bmp
C:\project\SMJL\smjl_webform.pbt_build\smjl\images\res\fn2592.bmp
C:\project\SMJL\smjl_webform.pbt_build\smjl\images\res\fn2594.bmp
C:\project\SMJL\smjl_webform.pbt_build\smjl\images\res\fn2596.bmp
C:\project\SMJL\smjl_webform.pbt_build\smjl\images\res\fn2598.bmp
C:\project\SMJL\smjl_webform.pbt_build\smjl\images\res\fn2600.bmp
C:\project\SMJL\smjl_webform.pbt_build\smjl\images\res\fn2602.bmp
C:\project\SMJL\smjl_webform.pbt_build\smjl\images\res\fn2604.bmp
C:\project\SMJL\smjl_webform.pbt_build\smjl\images\res\fn2606.bmp
C:\project\SMJL\smjl_webform.pbt_build\smjl\images\res\fn2608.bmp
C:\project\SMJL\smjl_webform.pbt_build\smjl\images\res\fn2610.bmp
C:\project\SMJL\smjl_webform.pbt_build\smjl\images\res\fn2668.bmp
C:\project\SMJL\smjl_webform.pbt_build\smjl\images\res\fn2670.bmp
C:\project\SMJL\smjl_webform.pbt_build\smjl\images\res\fn2672.bmp
C:\project\SMJL\smjl_webform.pbt_build\smjl\images\res\fn2674.bmp
C:\project\SMJL\smjl_webform.pbt_build\smjl\images\res\fn2676.bmp
C:\project\SMJL\smjl_webform.pbt_build\smjl\images\res\fn2678.bmp
C:\project\SMJL\smjl_webform.pbt_build\smjl\images\res\fn2680.bmp
C:\project\SMJL\smjl_webform.pbt_build\smjl\images\res\fn2682.bmp
C:\project\SMJL\smjl_webform.pbt_build\smjl\images\res\fn2684.bmp
C:\project\SMJL\smjl_webform.pbt_build\smjl\images\res\fn2686.bmp
C:\project\SMJL\smjl_webform.pbt_build\smjl\images\res\fn2688.bmp
C:\project\SMJL\smjl_webform.pbt_build\smjl\images\res\fn2690.bmp
C:\project\SMJL\smjl_webform.pbt_build\smjl\images\res\fn2692.bmp
C:\project\SMJL\smjl_webform.pbt_build\smjl\images\res\fn2694.bmp
C:\project\SMJL\smjl_webform.pbt_build\smjl\images\res\fn2696.bmp
C:\project\SMJL\smjl_webform.pbt_build\smjl\images\res\fn2698.bmp
C:\project\SMJL\smjl_webform.pbt_build\smjl\images\res\fn2700.bmp
C:\project\SMJL\smjl_webform.pbt_build\smjl\images\res\fn2702.bmp
C:\project\SMJL\smjl_webform.pbt_build\smjl\images\res\fn2704.bmp
C:\project\SMJL\smjl_webform.pbt_build\smjl\images\res\fn2706.bmp
C:\project\SMJL\smjl_webform.pbt_build\smjl\images\res\fn2708.bmp
C:\project\SMJL\smjl_webform.pbt_build\smjl\images\res\fn2710.bmp
C:\project\SMJL\smjl_webform.pbt_build\smjl\images\res\fn2712.bmp
C:\project\SMJL\smjl_webform.pbt_build\smjl\images\res\fn2714.bmp
C:\project\SMJL\smjl_webform.pbt_build\smjl\images\res\fn2716.bmp
C:\project\SMJL\smjl_webform.pbt_build\smjl\images\res\fn2718.bmp
C:\project\SMJL\smjl_webform.pbt_build\smjl\images\res\fn2720.bmp
C:\project\SMJL\smjl_webform.pbt_build\smjl\images\res\fn2722.bmp
C:\project\SMJL\smjl_webform.pbt_build\smjl\images\res\fn2724.bmp
C:\project\SMJL\smjl_webform.pbt_build\smjl\images\res\fn2726.bmp
C:\project\SMJL\smjl_webform.pbt_build\smjl\images\res\fn2728.bmp
C:\project\SMJL\smjl_webform.pbt_build\smjl\images\res\fn2730.bmp
C:\project\SMJL\smjl_webform.pbt_build\smjl\images\res\fn2732.bmp
C:\project\SMJL\smjl_webform.pbt_build\smjl\images\res\fn2734.bmp
C:\project\SMJL\smjl_webform.pbt_build\smjl\images\res\fn2736.bmp
C:\project\SMJL\smjl_webform.pbt_build\smjl\images\res\fn2738.bmp
C:\project\SMJL\smjl_webform.pbt_build\smjl\images\res\fn2740.bmp
C:\project\SMJL\smjl_webform.pbt_build\smjl\images\res\fn2742.bmp
C:\project\SMJL\smjl_webform.pbt_build\smjl\images\res\fn2744.bmp
C:\project\SMJL\smjl_webform.pbt_build\smjl\images\res\fn2746.bmp
C:\project\SMJL\smjl_webform.pbt_build\smjl\images\res\fn2748.bmp
C:\project\SMJL\smjl_webform.pbt_build\smjl\images\res\fn2750.bmp
C:\project\SMJL\smjl_webform.pbt_build\smjl\images\res\fn2752.bmp
C:\project\SMJL\smjl_webform.pbt_build\smjl\images\res\fn2754.bmp
C:\project\SMJL\smjl_webform.pbt_build\smjl\images\res\fn2756.bmp
C:\project\SMJL\smjl_webform.pbt_build\smjl\images\res\fn2758.bmp
C:\project\SMJL\smjl_webform.pbt_build\smjl\images\res\fn2760.bmp
C:\project\SMJL\smjl_webform.pbt_build\smjl\images\res\fn2762.bmp
C:\project\SMJL\smjl_webform.pbt_build\smjl\images\res\fn2764.bmp
C:\project\SMJL\smjl_webform.pbt_build\smjl\images\res\fn2766.bmp
C:\project\SMJL\smjl_webform.pbt_build\smjl\images\res\fn2768.bmp
C:\project\SMJL\smjl_webform.pbt_build\smjl\images\res\fn2770.bmp
C:\project\SMJL\smjl_webform.pbt_build\smjl\images\res\fn2772.bmp
C:\project\SMJL\smjl_webform.pbt_build\smjl\images\res\fn2774.bmp
C:\project\SMJL\smjl_webform.pbt_build\smjl\images\res\fn2776.bmp
C:\project\SMJL\smjl_webform.pbt_build\smjl\images\res\fn2778.bmp
C:\project\SMJL\smjl_webform.pbt_build\smjl\images\res\fn2780.bmp
C:\project\SMJL\smjl_webform.pbt_build\smjl\images\res\fn2782.bmp
C:\project\SMJL\smjl_webform.pbt_build\smjl\images\res\fn2784.bmp
C:\project\SMJL\smjl_webform.pbt_build\smjl\images\res\fn2786.bmp
C:\project\SMJL\smjl_webform.pbt_build\smjl\images\res\fn2788.bmp
C:\project\SMJL\smjl_webform.pbt_build\smjl\images\res\fn2790.bmp
C:\project\SMJL\smjl_webform.pbt_build\smjl\images\res\fn2792.bmp
C:\project\SMJL\smjl_webform.pbt_build\smjl\images\res\fn2794.bmp
C:\project\SMJL\smjl_webform.pbt_build\smjl\images\res\fn2796.bmp
C:\project\SMJL\smjl_webform.pbt_build\smjl\images\res\fn2798.bmp
C:\project\SMJL\smjl_webform.pbt_build\smjl\images\res\fn2800.bmp
C:\project\SMJL\smjl_webform.pbt_build\smjl\images\res\fn2802.bmp
C:\project\SMJL\smjl_webform.pbt_build\smjl\images\res\fn2804.bmp
C:\project\SMJL\smjl_webform.pbt_build\smjl\images\res\fn2806.bmp
C:\project\SMJL\smjl_webform.pbt_build\smjl\images\res\fn2808.bmp
C:\project\SMJL\smjl_webform.pbt_build\smjl\images\res\fn2810.bmp
C:\project\SMJL\smjl_webform.pbt_build\smjl\images\res\fn2812.bmp
C:\project\SMJL\smjl_webform.pbt_build\smjl\images\res\fn2814.bmp
C:\project\SMJL\smjl_webform.pbt_build\smjl\images\res\fn2816.bmp
C:\project\SMJL\smjl_webform.pbt_build\smjl\images\res\fn2818.bmp
C:\project\SMJL\smjl_webform.pbt_build\smjl\images\res\fn2820.bmp
C:\project\SMJL\smjl_webform.pbt_build\smjl\images\res\fn2822.bmp
C:\project\SMJL\smjl_webform.pbt_build\smjl\images\res\fn2824.bmp
C:\project\SMJL\smjl_webform.pbt_build\smjl\images\res\fn2826.bmp
C:\project\SMJL\smjl_webform.pbt_build\smjl\images\res\fn2828.bmp
C:\project\SMJL\smjl_webform.pbt_build\smjl\images\res\fn2830.bmp
C:\project\SMJL\smjl_webform.pbt_build\smjl\images\res\fn2832.bmp
C:\project\SMJL\smjl_webform.pbt_build\smjl\images\res\fn2834.bmp
C:\project\SMJL\smjl_webform.pbt_build\smjl\images\res\fn2836.bmp
C:\project\SMJL\smjl_webform.pbt_build\smjl\images\res\fn2838.bmp
C:\project\SMJL\smjl_webform.pbt_build\smjl\images\res\fn2840.bmp
C:\project\SMJL\smjl_webform.pbt_build\smjl\images\res\fn2842.bmp
C:\project\SMJL\smjl_webform.pbt_build\smjl\images\res\fn2844.bmp
C:\project\SMJL\smjl_webform.pbt_build\smjl\images\res\fn2846.bmp
C:\project\SMJL\smjl_webform.pbt_build\smjl\images\res\fn2848.bmp
C:\project\SMJL\smjl_webform.pbt_build\smjl\images\res\fn2850.bmp
C:\project\SMJL\smjl_webform.pbt_build\smjl\images\res\fn2852.bmp
C:\project\SMJL\smjl_webform.pbt_build\smjl\images\res\fn2854.bmp
C:\project\SMJL\smjl_webform.pbt_build\smjl\images\res\fn2856.bmp
C:\project\SMJL\smjl_webform.pbt_build\smjl\images\res\fn2858.bmp
C:\project\SMJL\smjl_webform.pbt_build\smjl\images\res\fn2860.bmp
C:\project\SMJL\smjl_webform.pbt_build\smjl\images\res\fn2862.bmp
C:\project\SMJL\smjl_webform.pbt_build\smjl\images\res\fn2864.bmp
C:\project\SMJL\smjl_webform.pbt_build\smjl\images\res\fn2866.bmp
C:\project\SMJL\smjl_webform.pbt_build\smjl\images\res\fn2868.bmp
C:\project\SMJL\smjl_webform.pbt_build\smjl\images\res\fn2870.bmp
C:\project\SMJL\smjl_webform.pbt_build\smjl\images\res\fn2872.bmp
C:\project\SMJL\smjl_webform.pbt_build\smjl\images\res\fn2874.bmp
C:\project\SMJL\smjl_webform.pbt_build\smjl\images\res\fn2876.bmp
C:\project\SMJL\smjl_webform.pbt_build\smjl\images\res\fn2878.bmp
C:\project\SMJL\smjl_webform.pbt_build\smjl\images\res\fn2880.bmp
C:\project\SMJL\smjl_webform.pbt_build\smjl\images\res\fn2882.bmp
C:\project\SMJL\smjl_webform.pbt_build\smjl\images\res\fn2884.bmp
C:\project\SMJL\smjl_webform.pbt_build\smjl\images\res\fn2886.bmp
C:\project\SMJL\smjl_webform.pbt_build\smjl\images\res\fn2888.bmp
C:\project\SMJL\smjl_webform.pbt_build\smjl\images\res\fn2890.bmp
C:\project\SMJL\smjl_webform.pbt_build\smjl\images\res\fn2892.bmp
C:\project\SMJL\smjl_webform.pbt_build\smjl\images\res\fn2894.bmp
C:\project\SMJL\smjl_webform.pbt_build\smjl\images\res\fn2896.bmp
C:\project\SMJL\smjl_webform.pbt_build\smjl\images\res\fn2898.bmp
C:\project\SMJL\smjl_webform.pbt_build\smjl\images\res\fn2900.bmp
C:\project\SMJL\smjl_webform.pbt_build\smjl\images\res\fn2902.bmp
C:\project\SMJL\smjl_webform.pbt_build\smjl\images\res\fn2904.bmp
C:\project\SMJL\smjl_webform.pbt_build\smjl\images\res\fn2906.bmp
C:\project\SMJL\smjl_webform.pbt_build\smjl\images\res\fn2908.bmp
C:\project\SMJL\smjl_webform.pbt_build\smjl\images\res\fn2911.bmp
C:\project\SMJL\smjl_webform.pbt_build\smjl\images\res\fn2912.bmp
C:\project\SMJL\smjl_webform.pbt_build\smjl\images\res\fn2913.bmp
C:\project\SMJL\smjl_webform.pbt_build\smjl\images\res\fn2914.bmp
C:\project\SMJL\smjl_webform.pbt_build\smjl\images\res\fn2915.bmp
C:\project\SMJL\smjl_webform.pbt_build\smjl\images\res\fn2916.bmp
C:\project\SMJL\smjl_webform.pbt_build\smjl\images\res\fn2917.bmp
C:\project\SMJL\smjl_webform.pbt_build\smjl\images\res\fn2918.bmp
C:\project\SMJL\smjl_webform.pbt_build\smjl\images\res\fn2919.bmp
C:\project\SMJL\smjl_webform.pbt_build\smjl\images\res\fn2920.bmp
C:\project\SMJL\smjl_webform.pbt_build\smjl\images\res\fn2921.bmp
C:\project\SMJL\smjl_webform.pbt_build\smjl\images\res\fn2922.bmp
C:\project\SMJL\smjl_webform.pbt_build\smjl\images\res\fn2923.bmp
C:\project\SMJL\smjl_webform.pbt_build\smjl\images\res\fn2924.bmp
C:\project\SMJL\smjl_webform.pbt_build\smjl\images\res\fn2926.bmp
C:\project\SMJL\smjl_webform.pbt_build\smjl\images\res\fn2928.ico
C:\project\SMJL\smjl_webform.pbt_build\smjl\images\res\fn2930.ico
C:\project\SMJL\smjl_webform.pbt_build\smjl\images\res\fn3000.bmp
C:\project\SMJL\smjl_webform.pbt_build\smjl\images\res\fn3001.bmp
C:\project\SMJL\smjl_webform.pbt_build\smjl\images\res\fn3002.bmp
C:\project\SMJL\smjl_webform.pbt_build\smjl\images\res\fn3003.bmp
C:\project\SMJL\smjl_webform.pbt_build\smjl\images\res\fn3004.bmp
C:\project\SMJL\smjl_webform.pbt_build\smjl\images\res\fn3005.bmp
C:\project\SMJL\smjl_webform.pbt_build\smjl\images\res\fn3006.bmp
C:\project\SMJL\smjl_webform.pbt_build\smjl\images\res\fn3007.bmp
C:\project\SMJL\smjl_webform.pbt_build\smjl\images\res\fn3008.bmp
C:\project\SMJL\smjl_webform.pbt_build\smjl\images\res\fn3009.bmp
C:\project\SMJL\smjl_webform.pbt_build\smjl\images\res\fn3010.bmp
C:\project\SMJL\smjl_webform.pbt_build\smjl\images\res\fn3011.bmp
C:\project\SMJL\smjl_webform.pbt_build\smjl\images\res\fn3012.bmp
C:\project\SMJL\smjl_webform.pbt_build\smjl\images\res\fn3013.bmp
C:\project\SMJL\smjl_webform.pbt_build\smjl\images\res\fn3014.bmp
C:\project\SMJL\smjl_webform.pbt_build\smjl\images\res\fn3015.bmp
C:\project\SMJL\smjl_webform.pbt_build\smjl\images\res\fn3016.bmp
C:\project\SMJL\smjl_webform.pbt_build\smjl\images\res\fnappend.bmp
C:\project\SMJL\smjl_webform.pbt_build\smjl\images\res\fndddn.bmp
C:\project\SMJL\smjl_webform.pbt_build\smjl\images\res\fnddup.bmp
C:\project\SMJL\smjl_webform.pbt_build\smjl\images\res\fndither.bmp
C:\project\SMJL\smjl_webform.pbt_build\smjl\images\res\fndragno.ico
C:\project\SMJL\smjl_webform.pbt_build\smjl\images\res\fnhand.cur
C:\project\SMJL\smjl_webform.pbt_build\smjl\images\res\fnmask.bmp
C:\project\SMJL\smjl_webform.pbt_build\smjl\images\res\fnruler.bmp
C:\project\SMJL\smjl_webform.pbt_build\smjl\images\res\fntooldn.bmp
C:\project\SMJL\smjl_webform.pbt_build\smjl\images\res\fntoolup.bmp
C:\project\SMJL\smjl_webform.pbt_build\smjl\images\res\hourglass.bmp
C:\project\SMJL\smjl_webform.pbt_build\smjl\images\res\hyperlink.bmp
C:\project\SMJL\smjl_webform.pbt_build\smjl\images\res\icon.bmp
C:\project\SMJL\smjl_webform.pbt_build\smjl\images\res\information.ico
C:\project\SMJL\smjl_webform.pbt_build\smjl\images\res\jagcomp.bmp
C:\project\SMJL\smjl_webform.pbt_build\smjl\images\res\jagfldrs.bmp
C:\project\SMJL\smjl_webform.pbt_build\smjl\images\res\jagpack.bmp
C:\project\SMJL\smjl_webform.pbt_build\smjl\images\res\jagserv.bmp
C:\project\SMJL\smjl_webform.pbt_build\smjl\images\res\jpgchkdd.bmp
C:\project\SMJL\smjl_webform.pbt_build\smjl\images\res\jpgchked.bmp
C:\project\SMJL\smjl_webform.pbt_build\smjl\images\res\line2d.ico
C:\project\SMJL\smjl_webform.pbt_build\smjl\images\res\line3d.ico
C:\project\SMJL\smjl_webform.pbt_build\smjl\images\res\meta.bmp
C:\project\SMJL\smjl_webform.pbt_build\smjl\images\res\no.bmp
C:\project\SMJL\smjl_webform.pbt_build\smjl\images\res\owactvx.ico
C:\project\SMJL\smjl_webform.pbt_build\smjl\images\res\owapp.ico
C:\project\SMJL\smjl_webform.pbt_build\smjl\images\res\owappsrv.ico
C:\project\SMJL\smjl_webform.pbt_build\smjl\images\res\owapptpl.ico
C:\project\SMJL\smjl_webform.pbt_build\smjl\images\res\owauto.ico
C:\project\SMJL\smjl_webform.pbt_build\smjl\images\res\owcom.ico
C:\project\SMJL\smjl_webform.pbt_build\smjl\images\res\owjag.ico
C:\project\SMJL\smjl_webform.pbt_build\smjl\images\res\padata.bmp
C:\project\SMJL\smjl_webform.pbt_build\smjl\images\res\PB.exe.manifest
C:\project\SMJL\smjl_webform.pbt_build\smjl\images\res\pbcdrag.cur
C:\project\SMJL\smjl_webform.pbt_build\smjl\images\res\pbcross.bmp
C:\project\SMJL\smjl_webform.pbt_build\smjl\images\res\pbdpp.ico
C:\project\SMJL\smjl_webform.pbt_build\smjl\images\res\pbewizd.ico
C:\project\SMJL\smjl_webform.pbt_build\smjl\images\res\pbewize.ico
C:\project\SMJL\smjl_webform.pbt_build\smjl\images\res\pbewizm.ico
C:\project\SMJL\smjl_webform.pbt_build\smjl\images\res\pbewizq.ico
C:\project\SMJL\smjl_webform.pbt_build\smjl\images\res\pbewizv.ico
C:\project\SMJL\smjl_webform.pbt_build\smjl\images\res\pbhyp.ico
C:\project\SMJL\smjl_webform.pbt_build\smjl\images\res\pbprfont.bmp
C:\project\SMJL\smjl_webform.pbt_build\smjl\images\res\pbqcksel.ico
C:\project\SMJL\smjl_webform.pbt_build\smjl\images\res\pbqry.ico
C:\project\SMJL\smjl_webform.pbt_build\smjl\images\res\pbttfont.bmp
C:\project\SMJL\smjl_webform.pbt_build\smjl\images\res\pb_b_dn.bmp
C:\project\SMJL\smjl_webform.pbt_build\smjl\images\res\pb_b_up.bmp
C:\project\SMJL\smjl_webform.pbt_build\smjl\images\res\pb_c_dn.bmp
C:\project\SMJL\smjl_webform.pbt_build\smjl\images\res\pb_c_up.bmp
C:\project\SMJL\smjl_webform.pbt_build\smjl\images\res\pb_i_dn.bmp
C:\project\SMJL\smjl_webform.pbt_build\smjl\images\res\pb_i_up.bmp
C:\project\SMJL\smjl_webform.pbt_build\smjl\images\res\pb_l_dn.bmp
C:\project\SMJL\smjl_webform.pbt_build\smjl\images\res\pb_l_up.bmp
C:\project\SMJL\smjl_webform.pbt_build\smjl\images\res\pb_r_dn.bmp
C:\project\SMJL\smjl_webform.pbt_build\smjl\images\res\pb_r_up.bmp
C:\project\SMJL\smjl_webform.pbt_build\smjl\images\res\pb_u_dn.bmp
C:\project\SMJL\smjl_webform.pbt_build\smjl\images\res\pb_u_up.bmp
C:\project\SMJL\smjl_webform.pbt_build\smjl\images\res\pdtdata.bmp
C:\project\SMJL\smjl_webform.pbt_build\smjl\images\res\pdtes1.bmp
C:\project\SMJL\smjl_webform.pbt_build\smjl\images\res\pdtes10.bmp
C:\project\SMJL\smjl_webform.pbt_build\smjl\images\res\pdtes2.bmp
C:\project\SMJL\smjl_webform.pbt_build\smjl\images\res\pdtes3.bmp
C:\project\SMJL\smjl_webform.pbt_build\smjl\images\res\pdtes8.bmp
C:\project\SMJL\smjl_webform.pbt_build\smjl\images\res\pdtes9.bmp
C:\project\SMJL\smjl_webform.pbt_build\smjl\images\res\pdthand.bmp
C:\project\SMJL\smjl_webform.pbt_build\smjl\images\res\pdvcalc.bmp
C:\project\SMJL\smjl_webform.pbt_build\smjl\images\res\pdvcurs.ico
C:\project\SMJL\smjl_webform.pbt_build\smjl\images\res\pdvdcur.ico
C:\project\SMJL\smjl_webform.pbt_build\smjl\images\res\pdvdel.ico
C:\project\SMJL\smjl_webform.pbt_build\smjl\images\res\pdvdproc.ico
C:\project\SMJL\smjl_webform.pbt_build\smjl\images\res\pdvdrtn.bmp
C:\project\SMJL\smjl_webform.pbt_build\smjl\images\res\pdvfet.ico
C:\project\SMJL\smjl_webform.pbt_build\smjl\images\res\pdvfproc.ico
C:\project\SMJL\smjl_webform.pbt_build\smjl\images\res\pdvins.ico
C:\project\SMJL\smjl_webform.pbt_build\smjl\images\res\pdvjoin.cur
C:\project\SMJL\smjl_webform.pbt_build\smjl\images\res\pdvscrpt.bmp
C:\project\SMJL\smjl_webform.pbt_build\smjl\images\res\pdvsel.cur
C:\project\SMJL\smjl_webform.pbt_build\smjl\images\res\pdvsel.ico
C:\project\SMJL\smjl_webform.pbt_build\smjl\images\res\pdvucur.ico
C:\project\SMJL\smjl_webform.pbt_build\smjl\images\res\pdvupd.ico
C:\project\SMJL\smjl_webform.pbt_build\smjl\images\res\pdwcol.bmp
C:\project\SMJL\smjl_webform.pbt_build\smjl\images\res\pdwcross.ico
C:\project\SMJL\smjl_webform.pbt_build\smjl\images\res\pdwewiz.ico
C:\project\SMJL\smjl_webform.pbt_build\smjl\images\res\pdwexpr1.bmp
C:\project\SMJL\smjl_webform.pbt_build\smjl\images\res\pdwexpr2.bmp
C:\project\SMJL\smjl_webform.pbt_build\smjl\images\res\pdwform.ico
C:\project\SMJL\smjl_webform.pbt_build\smjl\images\res\pdwgrid.ico
C:\project\SMJL\smjl_webform.pbt_build\smjl\images\res\pdwgroup.ico
C:\project\SMJL\smjl_webform.pbt_build\smjl\images\res\pdwlabel.ico
C:\project\SMJL\smjl_webform.pbt_build\smjl\images\res\pdwnst.ico
C:\project\SMJL\smjl_webform.pbt_build\smjl\images\res\pdwnup.ico
C:\project\SMJL\smjl_webform.pbt_build\smjl\images\res\pdwole.ico
C:\project\SMJL\smjl_webform.pbt_build\smjl\images\res\pdwoval.bmp
C:\project\SMJL\smjl_webform.pbt_build\smjl\images\res\pdwrrect.bmp
C:\project\SMJL\smjl_webform.pbt_build\smjl\images\res\pdwrte.ico
C:\project\SMJL\smjl_webform.pbt_build\smjl\images\res\pdwscrpt.ico
C:\project\SMJL\smjl_webform.pbt_build\smjl\images\res\pdwsp.ico
C:\project\SMJL\smjl_webform.pbt_build\smjl\images\res\pdwsqls.ico
C:\project\SMJL\smjl_webform.pbt_build\smjl\images\res\pdwsqlsa.ico
C:\project\SMJL\smjl_webform.pbt_build\smjl\images\res\pdwtabl.ico
C:\project\SMJL\smjl_webform.pbt_build\smjl\images\res\pdwtree.ico
C:\project\SMJL\smjl_webform.pbt_build\smjl\images\res\pdx1.bmp
C:\project\SMJL\smjl_webform.pbt_build\smjl\images\res\pdx10.bmp
C:\project\SMJL\smjl_webform.pbt_build\smjl\images\res\pdx2.bmp
C:\project\SMJL\smjl_webform.pbt_build\smjl\images\res\pdx3.bmp
C:\project\SMJL\smjl_webform.pbt_build\smjl\images\res\pdx8.bmp
C:\project\SMJL\smjl_webform.pbt_build\smjl\images\res\pdx9.bmp
C:\project\SMJL\smjl_webform.pbt_build\smjl\images\res\pdxbut1.bmp
C:\project\SMJL\smjl_webform.pbt_build\smjl\images\res\pdxbut10.bmp
C:\project\SMJL\smjl_webform.pbt_build\smjl\images\res\pdxbut2.bmp
C:\project\SMJL\smjl_webform.pbt_build\smjl\images\res\pdxbut3.bmp
C:\project\SMJL\smjl_webform.pbt_build\smjl\images\res\pdxbut8.bmp
C:\project\SMJL\smjl_webform.pbt_build\smjl\images\res\pdxbut9.bmp
C:\project\SMJL\smjl_webform.pbt_build\smjl\images\res\pdxshare.bmp
C:\project\SMJL\smjl_webform.pbt_build\smjl\images\res\pgactvx.ico
C:\project\SMJL\smjl_webform.pbt_build\smjl\images\res\pgapptpl.ico
C:\project\SMJL\smjl_webform.pbt_build\smjl\images\res\pgauto.ico
C:\project\SMJL\smjl_webform.pbt_build\smjl\images\res\pgcom.ico
C:\project\SMJL\smjl_webform.pbt_build\smjl\images\res\pgejbpxy.ico
C:\project\SMJL\smjl_webform.pbt_build\smjl\images\res\pgjag.ico
C:\project\SMJL\smjl_webform.pbt_build\smjl\images\res\pgjagpxy.ico
C:\project\SMJL\smjl_webform.pbt_build\smjl\images\res\pgwsprxy.ico
C:\project\SMJL\smjl_webform.pbt_build\smjl\images\res\pie2d.ico
C:\project\SMJL\smjl_webform.pbt_build\smjl\images\res\pie3d.ico
C:\project\SMJL\smjl_webform.pbt_build\smjl\images\res\pjwsprxy.ico
C:\project\SMJL\smjl_webform.pbt_build\smjl\images\res\plappl.bmp
C:\project\SMJL\smjl_webform.pbt_build\smjl\images\res\pldatwin.bmp
C:\project\SMJL\smjl_webform.pbt_build\smjl\images\res\plfunc.bmp
C:\project\SMJL\smjl_webform.pbt_build\smjl\images\res\plmenu.bmp
C:\project\SMJL\smjl_webform.pbt_build\smjl\images\res\plstruct.bmp
C:\project\SMJL\smjl_webform.pbt_build\smjl\images\res\pludo.bmp
C:\project\SMJL\smjl_webform.pbt_build\smjl\images\res\plwindow.bmp
C:\project\SMJL\smjl_webform.pbt_build\smjl\images\res\pl_0pb00.bmp
C:\project\SMJL\smjl_webform.pbt_build\smjl\images\res\pl_0pb11.bmp
C:\project\SMJL\smjl_webform.pbt_build\smjl\images\res\pl_0pb12.bmp
C:\project\SMJL\smjl_webform.pbt_build\smjl\images\res\pl_0pb13.bmp
C:\project\SMJL\smjl_webform.pbt_build\smjl\images\res\pl_0pb14.bmp
C:\project\SMJL\smjl_webform.pbt_build\smjl\images\res\pl_0pb21.bmp
C:\project\SMJL\smjl_webform.pbt_build\smjl\images\res\pl_0pb22.bmp
C:\project\SMJL\smjl_webform.pbt_build\smjl\images\res\pl_0pb23.bmp
C:\project\SMJL\smjl_webform.pbt_build\smjl\images\res\pl_0pb24.bmp
C:\project\SMJL\smjl_webform.pbt_build\smjl\images\res\pl_0pb31.bmp
C:\project\SMJL\smjl_webform.pbt_build\smjl\images\res\pl_0pb32.bmp
C:\project\SMJL\smjl_webform.pbt_build\smjl\images\res\pl_0pb33.bmp
C:\project\SMJL\smjl_webform.pbt_build\smjl\images\res\pl_0pb34.bmp
C:\project\SMJL\smjl_webform.pbt_build\smjl\images\res\pl_0pb41.bmp
C:\project\SMJL\smjl_webform.pbt_build\smjl\images\res\pl_0pb42.bmp
C:\project\SMJL\smjl_webform.pbt_build\smjl\images\res\pl_0pb43.bmp
C:\project\SMJL\smjl_webform.pbt_build\smjl\images\res\pl_0pb44.bmp
C:\project\SMJL\smjl_webform.pbt_build\smjl\images\res\pl_0pt00.bmp
C:\project\SMJL\smjl_webform.pbt_build\smjl\images\res\pl_0pt11.bmp
C:\project\SMJL\smjl_webform.pbt_build\smjl\images\res\pl_0pt12.bmp
C:\project\SMJL\smjl_webform.pbt_build\smjl\images\res\pl_0pt13.bmp
C:\project\SMJL\smjl_webform.pbt_build\smjl\images\res\pl_0pt14.bmp
C:\project\SMJL\smjl_webform.pbt_build\smjl\images\res\pl_0pt21.bmp
C:\project\SMJL\smjl_webform.pbt_build\smjl\images\res\pl_0pt22.bmp
C:\project\SMJL\smjl_webform.pbt_build\smjl\images\res\pl_0pt23.bmp
C:\project\SMJL\smjl_webform.pbt_build\smjl\images\res\pl_0pt24.bmp
C:\project\SMJL\smjl_webform.pbt_build\smjl\images\res\pl_0pt31.bmp
C:\project\SMJL\smjl_webform.pbt_build\smjl\images\res\pl_0pt32.bmp
C:\project\SMJL\smjl_webform.pbt_build\smjl\images\res\pl_0pt33.bmp
C:\project\SMJL\smjl_webform.pbt_build\smjl\images\res\pl_0pt34.bmp
C:\project\SMJL\smjl_webform.pbt_build\smjl\images\res\pl_0pt41.bmp
C:\project\SMJL\smjl_webform.pbt_build\smjl\images\res\pl_0pt42.bmp
C:\project\SMJL\smjl_webform.pbt_build\smjl\images\res\pl_0pt43.bmp
C:\project\SMJL\smjl_webform.pbt_build\smjl\images\res\pl_0pt44.bmp
C:\project\SMJL\smjl_webform.pbt_build\smjl\images\res\pl_0pv00.bmp
C:\project\SMJL\smjl_webform.pbt_build\smjl\images\res\pl_0pv11.bmp
C:\project\SMJL\smjl_webform.pbt_build\smjl\images\res\pl_0pv12.bmp
C:\project\SMJL\smjl_webform.pbt_build\smjl\images\res\pl_0pv13.bmp
C:\project\SMJL\smjl_webform.pbt_build\smjl\images\res\pl_0pv14.bmp
C:\project\SMJL\smjl_webform.pbt_build\smjl\images\res\pl_0pv21.bmp
C:\project\SMJL\smjl_webform.pbt_build\smjl\images\res\pl_0pv22.bmp
C:\project\SMJL\smjl_webform.pbt_build\smjl\images\res\pl_0pv23.bmp
C:\project\SMJL\smjl_webform.pbt_build\smjl\images\res\pl_0pv24.bmp
C:\project\SMJL\smjl_webform.pbt_build\smjl\images\res\pl_0pv31.bmp
C:\project\SMJL\smjl_webform.pbt_build\smjl\images\res\pl_0pv32.bmp
C:\project\SMJL\smjl_webform.pbt_build\smjl\images\res\pl_0pv33.bmp
C:\project\SMJL\smjl_webform.pbt_build\smjl\images\res\pl_0pv34.bmp
C:\project\SMJL\smjl_webform.pbt_build\smjl\images\res\pl_0pv41.bmp
C:\project\SMJL\smjl_webform.pbt_build\smjl\images\res\pl_0pv42.bmp
C:\project\SMJL\smjl_webform.pbt_build\smjl\images\res\pl_0pv43.bmp
C:\project\SMJL\smjl_webform.pbt_build\smjl\images\res\pl_0pv44.bmp
C:\project\SMJL\smjl_webform.pbt_build\smjl\images\res\pl_blank.bmp
C:\project\SMJL\smjl_webform.pbt_build\smjl\images\res\pl_fold.bmp
C:\project\SMJL\smjl_webform.pbt_build\smjl\images\res\pl_ipb00.bmp
C:\project\SMJL\smjl_webform.pbt_build\smjl\images\res\pl_ipb11.bmp
C:\project\SMJL\smjl_webform.pbt_build\smjl\images\res\pl_ipb12.bmp
C:\project\SMJL\smjl_webform.pbt_build\smjl\images\res\pl_ipb13.bmp
C:\project\SMJL\smjl_webform.pbt_build\smjl\images\res\pl_ipb14.bmp
C:\project\SMJL\smjl_webform.pbt_build\smjl\images\res\pl_ipb21.bmp
C:\project\SMJL\smjl_webform.pbt_build\smjl\images\res\pl_ipb22.bmp
C:\project\SMJL\smjl_webform.pbt_build\smjl\images\res\pl_ipb23.bmp
C:\project\SMJL\smjl_webform.pbt_build\smjl\images\res\pl_ipb24.bmp
C:\project\SMJL\smjl_webform.pbt_build\smjl\images\res\pl_ipb31.bmp
C:\project\SMJL\smjl_webform.pbt_build\smjl\images\res\pl_ipb32.bmp
C:\project\SMJL\smjl_webform.pbt_build\smjl\images\res\pl_ipb33.bmp
C:\project\SMJL\smjl_webform.pbt_build\smjl\images\res\pl_ipb34.bmp
C:\project\SMJL\smjl_webform.pbt_build\smjl\images\res\pl_ipb41.bmp
C:\project\SMJL\smjl_webform.pbt_build\smjl\images\res\pl_ipb42.bmp
C:\project\SMJL\smjl_webform.pbt_build\smjl\images\res\pl_ipb43.bmp
C:\project\SMJL\smjl_webform.pbt_build\smjl\images\res\pl_ipb44.bmp
C:\project\SMJL\smjl_webform.pbt_build\smjl\images\res\pl_ipt00.bmp
C:\project\SMJL\smjl_webform.pbt_build\smjl\images\res\pl_ipt11.bmp
C:\project\SMJL\smjl_webform.pbt_build\smjl\images\res\pl_ipt12.bmp
C:\project\SMJL\smjl_webform.pbt_build\smjl\images\res\pl_ipt13.bmp
C:\project\SMJL\smjl_webform.pbt_build\smjl\images\res\pl_ipt14.bmp
C:\project\SMJL\smjl_webform.pbt_build\smjl\images\res\pl_ipt21.bmp
C:\project\SMJL\smjl_webform.pbt_build\smjl\images\res\pl_ipt22.bmp
C:\project\SMJL\smjl_webform.pbt_build\smjl\images\res\pl_ipt23.bmp
C:\project\SMJL\smjl_webform.pbt_build\smjl\images\res\pl_ipt24.bmp
C:\project\SMJL\smjl_webform.pbt_build\smjl\images\res\pl_ipt31.bmp
C:\project\SMJL\smjl_webform.pbt_build\smjl\images\res\pl_ipt32.bmp
C:\project\SMJL\smjl_webform.pbt_build\smjl\images\res\pl_ipt33.bmp
C:\project\SMJL\smjl_webform.pbt_build\smjl\images\res\pl_ipt34.bmp
C:\project\SMJL\smjl_webform.pbt_build\smjl\images\res\pl_ipt41.bmp
C:\project\SMJL\smjl_webform.pbt_build\smjl\images\res\pl_ipt42.bmp
C:\project\SMJL\smjl_webform.pbt_build\smjl\images\res\pl_ipt43.bmp
C:\project\SMJL\smjl_webform.pbt_build\smjl\images\res\pl_ipt44.bmp
C:\project\SMJL\smjl_webform.pbt_build\smjl\images\res\pl_ipv00.bmp
C:\project\SMJL\smjl_webform.pbt_build\smjl\images\res\pl_ipv11.bmp
C:\project\SMJL\smjl_webform.pbt_build\smjl\images\res\pl_ipv12.bmp
C:\project\SMJL\smjl_webform.pbt_build\smjl\images\res\pl_ipv13.bmp
C:\project\SMJL\smjl_webform.pbt_build\smjl\images\res\pl_ipv14.bmp
C:\project\SMJL\smjl_webform.pbt_build\smjl\images\res\pl_ipv21.bmp
C:\project\SMJL\smjl_webform.pbt_build\smjl\images\res\pl_ipv22.bmp
C:\project\SMJL\smjl_webform.pbt_build\smjl\images\res\pl_ipv23.bmp
C:\project\SMJL\smjl_webform.pbt_build\smjl\images\res\pl_ipv24.bmp
C:\project\SMJL\smjl_webform.pbt_build\smjl\images\res\pl_ipv31.bmp
C:\project\SMJL\smjl_webform.pbt_build\smjl\images\res\pl_ipv32.bmp
C:\project\SMJL\smjl_webform.pbt_build\smjl\images\res\pl_ipv33.bmp
C:\project\SMJL\smjl_webform.pbt_build\smjl\images\res\pl_ipv34.bmp
C:\project\SMJL\smjl_webform.pbt_build\smjl\images\res\pl_ipv41.bmp
C:\project\SMJL\smjl_webform.pbt_build\smjl\images\res\pl_ipv42.bmp
C:\project\SMJL\smjl_webform.pbt_build\smjl\images\res\pl_ipv43.bmp
C:\project\SMJL\smjl_webform.pbt_build\smjl\images\res\pl_ipv44.bmp
C:\project\SMJL\smjl_webform.pbt_build\smjl\images\res\pst_drag.cur
C:\project\SMJL\smjl_webform.pbt_build\smjl\images\res\pwactvx.ico
C:\project\SMJL\smjl_webform.pbt_build\smjl\images\res\pwapptpl.ico
C:\project\SMJL\smjl_webform.pbt_build\smjl\images\res\pwarrow.bmp
C:\project\SMJL\smjl_webform.pbt_build\smjl\images\res\pwauto.ico
C:\project\SMJL\smjl_webform.pbt_build\smjl\images\res\pwbmap.bmp
C:\project\SMJL\smjl_webform.pbt_build\smjl\images\res\pwcom.ico
C:\project\SMJL\smjl_webform.pbt_build\smjl\images\res\pwdebug.bmp
C:\project\SMJL\smjl_webform.pbt_build\smjl\images\res\pwejbpxy.ico
C:\project\SMJL\smjl_webform.pbt_build\smjl\images\res\pwjag.ico
C:\project\SMJL\smjl_webform.pbt_build\smjl\images\res\pwjagpxy.ico
C:\project\SMJL\smjl_webform.pbt_build\smjl\images\res\pwline.bmp
C:\project\SMJL\smjl_webform.pbt_build\smjl\images\res\pwrect.bmp
C:\project\SMJL\smjl_webform.pbt_build\smjl\images\res\pwrun.bmp
C:\project\SMJL\smjl_webform.pbt_build\smjl\images\res\pwtext.bmp
C:\project\SMJL\smjl_webform.pbt_build\smjl\images\res\pwwsprxy.ico
C:\project\SMJL\smjl_webform.pbt_build\smjl\images\res\question.ico
C:\project\SMJL\smjl_webform.pbt_build\smjl\images\res\rtc.resources
C:\project\SMJL\smjl_webform.pbt_build\smjl\images\res\rtc.resX
C:\project\SMJL\smjl_webform.pbt_build\smjl\images\res\scat2d.ico
C:\project\SMJL\smjl_webform.pbt_build\smjl\images\res\size.bmp
C:\project\SMJL\smjl_webform.pbt_build\smjl\images\res\sizenesw.bmp
C:\project\SMJL\smjl_webform.pbt_build\smjl\images\res\sizens.bmp
C:\project\SMJL\smjl_webform.pbt_build\smjl\images\res\sizenwse.bmp
C:\project\SMJL\smjl_webform.pbt_build\smjl\images\res\sizewe.bmp
C:\project\SMJL\smjl_webform.pbt_build\smjl\images\res\sizhght.bmp
C:\project\SMJL\smjl_webform.pbt_build\smjl\images\res\sizwidth.bmp
C:\project\SMJL\smjl_webform.pbt_build\smjl\images\res\spchorz.bmp
C:\project\SMJL\smjl_webform.pbt_build\smjl\images\res\spcvert.bmp
C:\project\SMJL\smjl_webform.pbt_build\smjl\images\res\stopsign.ico
C:\project\SMJL\smjl_webform.pbt_build\smjl\images\res\swactvx.ico
C:\project\SMJL\smjl_webform.pbt_build\smjl\images\res\swapp.ico
C:\project\SMJL\smjl_webform.pbt_build\smjl\images\res\swappsrv.ico
C:\project\SMJL\smjl_webform.pbt_build\smjl\images\res\swapptpl.ico
C:\project\SMJL\smjl_webform.pbt_build\smjl\images\res\swauto.ico
C:\project\SMJL\smjl_webform.pbt_build\smjl\images\res\swcom.ico
C:\project\SMJL\smjl_webform.pbt_build\smjl\images\res\swjag.ico
C:\project\SMJL\smjl_webform.pbt_build\smjl\images\res\uparrow.bmp
C:\project\SMJL\smjl_webform.pbt_build\smjl\images\res\winlogo.ico
C:\project\SMJL\smjl_webform.pbt_build\smjl\images\res\wpgchkdd.bmp
C:\project\SMJL\smjl_webform.pbt_build\smjl\images\res\wpgchked.bmp
C:\project\SMJL\smjl_webform.pbt_build\smjl\images\res\wpgfldrs.bmp
C:\project\SMJL\smjl_webform.pbt_build\smjl\images\res\wpgport.bmp
C:\project\SMJL\smjl_webform.pbt_build\smjl\images\res\wpgserv.bmp
C:\project\SMJL\smjl_webform.pbt_build\smjl\images\res\wpgsvc.bmp
C:\project\SMJL\smjl_webform.pbt_build\smjl\RadControls\LicenseFile.xml
C:\project\SMJL\smjl_webform.pbt_build\smjl\RadControls\Calendar\Images\arrow.gif
C:\project\SMJL\smjl_webform.pbt_build\smjl\RadControls\Calendar\Skins\PB\Calendar.css
C:\project\SMJL\smjl_webform.pbt_build\smjl\RadControls\Calendar\Skins\PB\RadTimePicker.css
C:\project\SMJL\smjl_webform.pbt_build\smjl\RadControls\Calendar\Skins\PB\Img\arrowLeft.gif
C:\project\SMJL\smjl_webform.pbt_build\smjl\RadControls\Calendar\Skins\PB\Img\arrowRight.gif
C:\project\SMJL\smjl_webform.pbt_build\smjl\RadControls\Calendar\Skins\PB\Img\calendarBg.gif
C:\project\SMJL\smjl_webform.pbt_build\smjl\RadControls\Calendar\Skins\PB\Img\clock.gif
C:\project\SMJL\smjl_webform.pbt_build\smjl\RadControls\Calendar\Skins\PB\Img\clockHover.gif
C:\project\SMJL\smjl_webform.pbt_build\smjl\RadControls\Calendar\Skins\PB\Img\ContextMenuInputBg.gif
C:\project\SMJL\smjl_webform.pbt_build\smjl\RadControls\Calendar\Skins\PB\Img\datePickerPopup.gif
C:\project\SMJL\smjl_webform.pbt_build\smjl\RadControls\Calendar\Skins\PB\Img\datePickerPopupHover.gif
C:\project\SMJL\smjl_webform.pbt_build\smjl\RadControls\Calendar\Skins\PB\Img\fastNavLeft.gif
C:\project\SMJL\smjl_webform.pbt_build\smjl\RadControls\Calendar\Skins\PB\Img\fastNavRight.gif
C:\project\SMJL\smjl_webform.pbt_build\smjl\RadControls\Calendar\Skins\PB\Img\HoverBg.gif
C:\project\SMJL\smjl_webform.pbt_build\smjl\RadControls\Calendar\Skins\PB\Img\MonthYearFastNavBtnBg.gif
C:\project\SMJL\smjl_webform.pbt_build\smjl\RadControls\Calendar\Skins\PB\Img\selectBg.gif
C:\project\SMJL\smjl_webform.pbt_build\smjl\RadControls\Calendar\Skins\PB\Img\TodayBg.gif
C:\project\SMJL\smjl_webform.pbt_build\smjl\RadControls\Input\Skins\Default\styles.css
C:\project\SMJL\smjl_webform.pbt_build\smjl\RadControls\Input\Skins\Default\Img\button.gif
C:\project\SMJL\smjl_webform.pbt_build\smjl\RadControls\Input\Skins\Default\Img\buttondown.gif
C:\project\SMJL\smjl_webform.pbt_build\smjl\RadControls\Input\Skins\Default\Img\buttonup.gif
C:\project\SMJL\smjl_webform.pbt_build\smjl\RadControls\Input\Skins\Default\Img\default.gif
C:\project\SMJL\smjl_webform.pbt_build\smjl\RadControls\Input\Skins\Default\Img\error.gif
C:\project\SMJL\smjl_webform.pbt_build\smjl\RadControls\Input\Skins\Default\Img\focus.gif
C:\project\SMJL\smjl_webform.pbt_build\smjl\RadControls\Input\Skins\Default\Img\over.gif
C:\project\SMJL\smjl_webform.pbt_build\smjl\RadControls\Menu\Scripts\4_3_2\menu.css
C:\project\SMJL\smjl_webform.pbt_build\smjl\RadControls\Menu\Skins\PBContemporary\styles.css
C:\project\SMJL\smjl_webform.pbt_build\smjl\RadControls\Menu\Skins\PBContemporary\Img\bottom.gif
C:\project\SMJL\smjl_webform.pbt_build\smjl\RadControls\Menu\Skins\PBContemporary\Img\GroupBkg.gif
C:\project\SMJL\smjl_webform.pbt_build\smjl\RadControls\Menu\Skins\PBContemporary\Img\groupImage.gif
C:\project\SMJL\smjl_webform.pbt_build\smjl\RadControls\Menu\Skins\PBContemporary\Img\groupImageRTL.gif
C:\project\SMJL\smjl_webform.pbt_build\smjl\RadControls\Menu\Skins\PBContemporary\Img\left.gif
C:\project\SMJL\smjl_webform.pbt_build\smjl\RadControls\Menu\Skins\PBContemporary\Img\right.gif
C:\project\SMJL\smjl_webform.pbt_build\smjl\RadControls\Menu\Skins\PBContemporary\Img\RootItemBkg.gif
C:\project\SMJL\smjl_webform.pbt_build\smjl\RadControls\Menu\Skins\PBContemporary\Img\RootItemFocusedBkg.gif
C:\project\SMJL\smjl_webform.pbt_build\smjl\RadControls\Menu\Skins\PBContemporary\Img\top.gif
C:\project\SMJL\smjl_webform.pbt_build\smjl\RadControls\Menu\Skins\PBTraditional\styles.css
C:\project\SMJL\smjl_webform.pbt_build\smjl\RadControls\Menu\Skins\PBTraditional\img\bottom.gif
C:\project\SMJL\smjl_webform.pbt_build\smjl\RadControls\Menu\Skins\PBTraditional\img\groupImage.gif
C:\project\SMJL\smjl_webform.pbt_build\smjl\RadControls\Menu\Skins\PBTraditional\img\invertedGroupImage.gif
C:\project\SMJL\smjl_webform.pbt_build\smjl\RadControls\Menu\Skins\PBTraditional\img\left.gif
C:\project\SMJL\smjl_webform.pbt_build\smjl\RadControls\Menu\Skins\PBTraditional\img\right.gif
C:\project\SMJL\smjl_webform.pbt_build\smjl\RadControls\Menu\Skins\PBTraditional\img\top.gif
C:\project\SMJL\smjl_webform.pbt_build\smjl\RadControls\Toolbar\Skins\PBContemporary\PBContemporary.css
C:\project\SMJL\smjl_webform.pbt_build\smjl\RadControls\Toolbar\Skins\PBContemporary\img\separator_h.gif
C:\project\SMJL\smjl_webform.pbt_build\smjl\RadControls\Toolbar\Skins\PBContemporary\img\toolbarLeft.bmp
C:\project\SMJL\smjl_webform.pbt_build\smjl\RadControls\Toolbar\Skins\PBContemporary\img\toolbarRight.bmp
C:\project\SMJL\smjl_webform.pbt_build\smjl\RadControls\Toolbar\Skins\PBTraditional\PBTraditional.css
C:\project\SMJL\smjl_webform.pbt_build\smjl\RadControls\Toolbar\Skins\PBTraditional\img\separator_h.gif
C:\project\SMJL\smjl_webform.pbt_build\smjl\RadControls\Toolbar\Skins\PBTraditional\img\toolbarLeft.bmp
C:\project\SMJL\smjl_webform.pbt_build\smjl\RadControls\Toolbar\Skins\PBTraditional\img\toolbarRight.bmp
C:\project\SMJL\smjl_webform.pbt_build\smjl\scripts\AppendRow.gif
C:\project\SMJL\smjl_webform.pbt_build\smjl\scripts\Cancel.gif
C:\project\SMJL\smjl_webform.pbt_build\smjl\scripts\DeleteRow.gif
C:\project\SMJL\smjl_webform.pbt_build\smjl\scripts\dwcommon.js
C:\project\SMJL\smjl_webform.pbt_build\smjl\scripts\dwdatetime.js
C:\project\SMJL\smjl_webform.pbt_build\smjl\scripts\dwnumber.js
C:\project\SMJL\smjl_webform.pbt_build\smjl\scripts\dwstring.js
C:\project\SMJL\smjl_webform.pbt_build\smjl\scripts\Filter.gif
C:\project\SMJL\smjl_webform.pbt_build\smjl\scripts\InsertRow.gif
C:\project\SMJL\smjl_webform.pbt_build\smjl\scripts\PageFirst.gif
C:\project\SMJL\smjl_webform.pbt_build\smjl\scripts\PageLast.gif
C:\project\SMJL\smjl_webform.pbt_build\smjl\scripts\PageNext.gif
C:\project\SMJL\smjl_webform.pbt_build\smjl\scripts\PagePrior.gif
C:\project\SMJL\smjl_webform.pbt_build\smjl\scripts\PBCheckBox.js
C:\project\SMJL\smjl_webform.pbt_build\smjl\scripts\PBCollections.js
C:\project\SMJL\smjl_webform.pbt_build\smjl\scripts\PBCommonUtil.js
C:\project\SMJL\smjl_webform.pbt_build\smjl\scripts\PBConst.js
C:\project\SMJL\smjl_webform.pbt_build\smjl\scripts\PBDataWindow.js
C:\project\SMJL\smjl_webform.pbt_build\smjl\scripts\PBDatePicker.js
C:\project\SMJL\smjl_webform.pbt_build\smjl\scripts\PBEditMask.js
C:\project\SMJL\smjl_webform.pbt_build\smjl\scripts\PBFile.js
C:\project\SMJL\smjl_webform.pbt_build\smjl\scripts\PBGraph.js
C:\project\SMJL\smjl_webform.pbt_build\smjl\scripts\PBListView.js
C:\project\SMJL\smjl_webform.pbt_build\smjl\scripts\PBMenu.htc
C:\project\SMJL\smjl_webform.pbt_build\smjl\scripts\PBPDFPrinting.js
C:\project\SMJL\smjl_webform.pbt_build\smjl\scripts\PBPicture.js
C:\project\SMJL\smjl_webform.pbt_build\smjl\scripts\PBPictureListBox.js
C:\project\SMJL\smjl_webform.pbt_build\smjl\scripts\PBProgressBar.js
C:\project\SMJL\smjl_webform.pbt_build\smjl\scripts\PBRichEdit.js
C:\project\SMJL\smjl_webform.pbt_build\smjl\scripts\PBScrollBar.js
C:\project\SMJL\smjl_webform.pbt_build\smjl\scripts\PBStatic.js
C:\project\SMJL\smjl_webform.pbt_build\smjl\scripts\PBTab.js
C:\project\SMJL\smjl_webform.pbt_build\smjl\scripts\PBTextBox.js
C:\project\SMJL\smjl_webform.pbt_build\smjl\scripts\PBTextBoxWithoutClipboard.js
C:\project\SMJL\smjl_webform.pbt_build\smjl\scripts\PBTreeView.js
C:\project\SMJL\smjl_webform.pbt_build\smjl\scripts\PBWindow.js
C:\project\SMJL\smjl_webform.pbt_build\smjl\scripts\Preview.gif
C:\project\SMJL\smjl_webform.pbt_build\smjl\scripts\Print2.gif
C:\project\SMJL\smjl_webform.pbt_build\smjl\scripts\QueryClear.gif
C:\project\SMJL\smjl_webform.pbt_build\smjl\scripts\QueryModeOn.gif
C:\project\SMJL\smjl_webform.pbt_build\smjl\scripts\QuerySortOn.gif
C:\project\SMJL\smjl_webform.pbt_build\smjl\scripts\Retrieve.gif
C:\project\SMJL\smjl_webform.pbt_build\smjl\scripts\Ruler.gif
C:\project\SMJL\smjl_webform.pbt_build\smjl\scripts\SaveRowsAs.gif
C:\project\SMJL\smjl_webform.pbt_build\smjl\scripts\Sort.gif
C:\project\SMJL\smjl_webform.pbt_build\smjl\scripts\Update.gif
复制了 1149 个文件

C:\project\SMJL\smjl_webform.pbt_build>rd /S /Q "C:\project\SMJL\smjl_webform.pbt_build\smjl"  

C:\project\SMJL\smjl_webform.pbt_build>if not exist "c:\inetpub\wwwroot\smjl_root" mkdir "c:\inetpub\wwwroot\smjl_root"  

C:\project\SMJL\smjl_webform.pbt_build>xcopy /Y /E /D /R "C:\project\SMJL\smjl_webform.pbt_build\smjl_root" "c:\inetpub\wwwroot\smjl_root"  
C:\project\SMJL\smjl_webform.pbt_build\smjl_root\file\common\c\~pl_\Sybase.PowerBuilder.System.pbd
复制了 1 个文件

C:\project\SMJL\smjl_webform.pbt_build>rd /S /Q "C:\project\SMJL\smjl_webform.pbt_build\smjl_root"  

C:\project\SMJL\smjl_webform.pbt_build>call "C:\project\SMJL\smjl_webform.pbt_build\pb63.tmp.bat"  

C:\project\SMJL\smjl_webform.pbt_build>net user ASPNET    
用户名                 ASPNET
全名                   ASP.NET Machine Account
注释                   Account used for running the ASP.NET worker process (aspnet_wp.exe)
用户的注释             Account used for running the ASP.NET worker process (aspnet_wp.exe)
国家(地区)代码         000 (系统默认值)
帐户启用               Yes
帐户到期               从不

上次设置密码           2012/8/8 上午 10:27
密码到期               从不
密码可更改             2012/8/8 上午 10:27
需要密码               No
用户可以更改密码       No

允许的工作站           All
登录脚本               
用户配置文件           
主目录                 
上次登录               2012/8/8 下午 02:47

可允许的登录小时数     All

本地组成员             *Users                
全局组成员             *None                 
命令成功完成。


C:\project\SMJL\smjl_webform.pbt_build>cacls "c:\inetpub\wwwroot\smjl\temp" /t /e /c /g ASPNET:f    
处理的目录: c:\inetpub\wwwroot\smjl\temp

C:\project\SMJL\smjl_webform.pbt_build>cacls "c:\inetpub\wwwroot\smjl_root" /t /e /c /g ASPNET:f    
处理的目录: c:\inetpub\wwwroot\smjl_root
处理的目录: c:\inetpub\wwwroot\smjl_root\file
处理的目录: c:\inetpub\wwwroot\smjl_root\log
处理的目录: c:\inetpub\wwwroot\smjl_root\mail
处理的目录: c:\inetpub\wwwroot\smjl_root\print
处理的目录: c:\inetpub\wwwroot\smjl_root\file\common
处理的目录: c:\inetpub\wwwroot\smjl_root\file\icon
处理的目录: c:\inetpub\wwwroot\smjl_root\file\session
处理的目录: c:\inetpub\wwwroot\smjl_root\file\users
处理的目录: c:\inetpub\wwwroot\smjl_root\file\common\C
处理的目录: c:\inetpub\wwwroot\smjl_root\file\common\C\project
处理的目录: c:\inetpub\wwwroot\smjl_root\file\common\C\temp
处理的目录: c:\inetpub\wwwroot\smjl_root\file\common\C\~pl_
处理的目录: c:\inetpub\wwwroot\smjl_root\file\common\C\project\SMJL
处理的文件: c:\inetpub\wwwroot\smjl_root\file\common\C\~pl_\smjl.pbd
处理的文件: c:\inetpub\wwwroot\smjl_root\file\common\C\~pl_\Sybase.PowerBuilder.System.pbd
处理的目录: c:\inetpub\wwwroot\smjl_root\mail\session
处理的目录: c:\inetpub\wwwroot\smjl_root\mail\users
处理的目录: c:\inetpub\wwwroot\smjl_root\print\session
处理的目录: c:\inetpub\wwwroot\smjl_root\print\users

C:\project\SMJL\smjl_webform.pbt_build>net localgroup IIS_WPG     
发生系统错误 1376。

指定的本地组不存在。

IIS_WPG [IIS 6] was not found.

C:\project\SMJL\smjl_webform.pbt_build>goto groupstep_iis7     

C:\project\SMJL\smjl_webform.pbt_build>net localgroup IIS_IUSRS     
发生系统错误 1376。

指定的本地组不存在。

IIS_IUSRS [IIS 7] was not found.

C:\project\SMJL\smjl_webform.pbt_build>goto end    

C:\project\SMJL\smjl_webform.pbt_build>del  "C:\project\SMJL\smjl_webform.pbt_build\pb63.tmp.bat" 
找不到批处理文件。

C:\project\SMJL\smjl_webform.pbt_build>del "C:\project\SMJL\smjl_webform.pbt_build\deploywebapptoserver.bat"  
找不到批处理文件。
Deploying PowerBuilder .NET assemblies succeeded.
