dwspy succeeded.

D:\googlesvn\SMJL\smjl_webform.pbt_build>if not exist "D:\googlesvn\SMJL\smjl_webform.pbt_build\smjl\Release" mkdir "D:\googlesvn\SMJL\smjl_webform.pbt_build\smjl\Release"  

D:\googlesvn\SMJL\smjl_webform.pbt_build>xcopy /Y /E /D "D:\googlesvn\SMJL\smjl_webform.pbt_build\Release" "D:\googlesvn\SMJL\smjl_webform.pbt_build\smjl\Release"  
D:\googlesvn\SMJL\smjl_webform.pbt_build\Release\pbglobal_pbl.netmodule
D:\googlesvn\SMJL\smjl_webform.pbt_build\Release\RadCalendar.Net2.dll
D:\googlesvn\SMJL\smjl_webform.pbt_build\Release\RadInput.Net2.dll
D:\googlesvn\SMJL\smjl_webform.pbt_build\Release\RadMenu.Net2.dll
D:\googlesvn\SMJL\smjl_webform.pbt_build\Release\RadToolbar.Net2.dll
D:\googlesvn\SMJL\smjl_webform.pbt_build\Release\RadTreeView.Net2.dll
D:\googlesvn\SMJL\smjl_webform.pbt_build\Release\smjl.dll
D:\googlesvn\SMJL\smjl_webform.pbt_build\Release\smjl_pbl.netmodule
复制了 8 个文件
Copying files from D:\googlesvn\SMJL\smjl_webform.pbt_build\Release to D:\googlesvn\SMJL\smjl_webform.pbt_build\smjl\Release succeeded.

D:\googlesvn\SMJL\smjl_webform.pbt_build\smjl>if "" == "" set NET_FRAMEWORK_PB125=C:\Windows\Microsoft.NET\Framework\v4.0.30319 

D:\googlesvn\SMJL\smjl_webform.pbt_build\smjl>C:\Windows\Microsoft.NET\Framework\v4.0.30319\csc
Microsoft(R) Visual C# 2010 编译器 4.0.30319.1 版
版权所有(C) Microsoft Corporation。保留所有权利。

fatal error CS2008: 未指定输入

D:\googlesvn\SMJL\smjl_webform.pbt_build\smjl>if errorlevel 9009 exit 3 

D:\googlesvn\SMJL\smjl_webform.pbt_build\smjl>if exist "D:\googlesvn\SMJL\smjl_webform.pbt_build\smjl\*.asmx" del "D:\googlesvn\SMJL\smjl_webform.pbt_build\smjl\*.asmx" 

D:\googlesvn\SMJL\smjl_webform.pbt_build\smjl>if exist "D:\googlesvn\SMJL\smjl_webform.pbt_build\smjl\*.html" del "D:\googlesvn\SMJL\smjl_webform.pbt_build\smjl\*.html" 

D:\googlesvn\SMJL\smjl_webform.pbt_build\smjl>if exist "D:\googlesvn\SMJL\smjl_webform.pbt_build\smjl\*.css" del "D:\googlesvn\SMJL\smjl_webform.pbt_build\smjl\*.css" 

D:\googlesvn\SMJL\smjl_webform.pbt_build\smjl>if exist "D:\googlesvn\SMJL\smjl_webform.pbt_build\smjl\*.cs" del "D:\googlesvn\SMJL\smjl_webform.pbt_build\smjl\*.cs" 

D:\googlesvn\SMJL\smjl_webform.pbt_build\smjl>if exist "D:\googlesvn\SMJL\smjl_webform.pbt_build\smjl\*.aspx" del "D:\googlesvn\SMJL\smjl_webform.pbt_build\smjl\*.aspx" 

D:\googlesvn\SMJL\smjl_webform.pbt_build\smjl>if exist "D:\googlesvn\SMJL\smjl_webform.pbt_build\smjl\*.htm" del "D:\googlesvn\SMJL\smjl_webform.pbt_build\smjl\*.htm" 

D:\googlesvn\SMJL\smjl_webform.pbt_build\smjl>if exist "D:\googlesvn\SMJL\smjl_webform.pbt_build\smjl\*.js" del "D:\googlesvn\SMJL\smjl_webform.pbt_build\smjl\*.js" 

D:\googlesvn\SMJL\smjl_webform.pbt_build\smjl>if exist "D:\googlesvn\SMJL\smjl_webform.pbt_build\smjl\*.resx" del "D:\googlesvn\SMJL\smjl_webform.pbt_build\smjl\*.resx" 

D:\googlesvn\SMJL\smjl_webform.pbt_build\smjl>if exist "D:\googlesvn\SMJL\smjl_webform.pbt_build\smjl\*.asax" del "D:\googlesvn\SMJL\smjl_webform.pbt_build\smjl\*.asax" 

D:\googlesvn\SMJL\smjl_webform.pbt_build\smjl>if exist "D:\googlesvn\SMJL\smjl_webform.pbt_build\smjl\build.bat" del "D:\googlesvn\SMJL\smjl_webform.pbt_build\smjl\build.bat" 

D:\googlesvn\SMJL\smjl_webform.pbt_build\smjl>if exist "D:\googlesvn\SMJL\smjl_webform.pbt_build\smjl\web.config" del "D:\googlesvn\SMJL\smjl_webform.pbt_build\smjl\web.config" 

D:\googlesvn\SMJL\smjl_webform.pbt_build\smjl>if exist "D:\googlesvn\SMJL\smjl_webform.pbt_build\smjl\bin" rd /s /q "D:\googlesvn\SMJL\smjl_webform.pbt_build\smjl\bin" 

D:\googlesvn\SMJL\smjl_webform.pbt_build\smjl>if exist "D:\googlesvn\SMJL\smjl_webform.pbt_build\smjl\images" rd /s /q "D:\googlesvn\SMJL\smjl_webform.pbt_build\smjl\images" 

D:\googlesvn\SMJL\smjl_webform.pbt_build\smjl>if exist "D:\googlesvn\SMJL\smjl_webform.pbt_build\smjl\scripts" rd /s /q "D:\googlesvn\SMJL\smjl_webform.pbt_build\smjl\scripts" 

D:\googlesvn\SMJL\smjl_webform.pbt_build\smjl>if exist "D:\googlesvn\SMJL\smjl_webform.pbt_build\smjl\temp" rd /s /q "D:\googlesvn\SMJL\smjl_webform.pbt_build\smjl\temp" 

D:\googlesvn\SMJL\smjl_webform.pbt_build\smjl>if exist "D:\googlesvn\SMJL\smjl_webform.pbt_build\smjl\..\smjl_root\file\common\Registry.xml" del "D:\googlesvn\SMJL\smjl_webform.pbt_build\smjl\..\smjl_root\file\common\Registry.xml" 

D:\googlesvn\SMJL\smjl_webform.pbt_build\smjl>if exist "D:\googlesvn\SMJL\smjl_webform.pbt_build\smjl\..\smjl_root\file\common\a" rd /s /q "D:\googlesvn\SMJL\smjl_webform.pbt_build\smjl\..\smjl_root\file\common\a" 

D:\googlesvn\SMJL\smjl_webform.pbt_build\smjl>if exist "D:\googlesvn\SMJL\smjl_webform.pbt_build\smjl\..\smjl_root\file\common\b" rd /s /q "D:\googlesvn\SMJL\smjl_webform.pbt_build\smjl\..\smjl_root\file\common\b" 

D:\googlesvn\SMJL\smjl_webform.pbt_build\smjl>if exist "D:\googlesvn\SMJL\smjl_webform.pbt_build\smjl\..\smjl_root\file\common\c" rd /s /q "D:\googlesvn\SMJL\smjl_webform.pbt_build\smjl\..\smjl_root\file\common\c" 

D:\googlesvn\SMJL\smjl_webform.pbt_build\smjl>if exist "D:\googlesvn\SMJL\smjl_webform.pbt_build\smjl\..\smjl_root\file\common\d" rd /s /q "D:\googlesvn\SMJL\smjl_webform.pbt_build\smjl\..\smjl_root\file\common\d" 

D:\googlesvn\SMJL\smjl_webform.pbt_build\smjl>if exist "D:\googlesvn\SMJL\smjl_webform.pbt_build\smjl\..\smjl_root\file\common\e" rd /s /q "D:\googlesvn\SMJL\smjl_webform.pbt_build\smjl\..\smjl_root\file\common\e" 

D:\googlesvn\SMJL\smjl_webform.pbt_build\smjl>if exist "D:\googlesvn\SMJL\smjl_webform.pbt_build\smjl\..\smjl_root\file\common\f" rd /s /q "D:\googlesvn\SMJL\smjl_webform.pbt_build\smjl\..\smjl_root\file\common\f" 

D:\googlesvn\SMJL\smjl_webform.pbt_build\smjl>if exist "D:\googlesvn\SMJL\smjl_webform.pbt_build\smjl\..\smjl_root\file\common\g" rd /s /q "D:\googlesvn\SMJL\smjl_webform.pbt_build\smjl\..\smjl_root\file\common\g" 

D:\googlesvn\SMJL\smjl_webform.pbt_build\smjl>if exist "D:\googlesvn\SMJL\smjl_webform.pbt_build\smjl\..\smjl_root\file\common\h" rd /s /q "D:\googlesvn\SMJL\smjl_webform.pbt_build\smjl\..\smjl_root\file\common\h" 

D:\googlesvn\SMJL\smjl_webform.pbt_build\smjl>if exist "D:\googlesvn\SMJL\smjl_webform.pbt_build\smjl\..\smjl_root\file\common\i" rd /s /q "D:\googlesvn\SMJL\smjl_webform.pbt_build\smjl\..\smjl_root\file\common\i" 

D:\googlesvn\SMJL\smjl_webform.pbt_build\smjl>if exist "D:\googlesvn\SMJL\smjl_webform.pbt_build\smjl\..\smjl_root\file\common\j" rd /s /q "D:\googlesvn\SMJL\smjl_webform.pbt_build\smjl\..\smjl_root\file\common\j" 

D:\googlesvn\SMJL\smjl_webform.pbt_build\smjl>if exist "D:\googlesvn\SMJL\smjl_webform.pbt_build\smjl\..\smjl_root\file\common\k" rd /s /q "D:\googlesvn\SMJL\smjl_webform.pbt_build\smjl\..\smjl_root\file\common\k" 

D:\googlesvn\SMJL\smjl_webform.pbt_build\smjl>if exist "D:\googlesvn\SMJL\smjl_webform.pbt_build\smjl\..\smjl_root\file\common\l" rd /s /q "D:\googlesvn\SMJL\smjl_webform.pbt_build\smjl\..\smjl_root\file\common\l" 

D:\googlesvn\SMJL\smjl_webform.pbt_build\smjl>if exist "D:\googlesvn\SMJL\smjl_webform.pbt_build\smjl\..\smjl_root\file\common\m" rd /s /q "D:\googlesvn\SMJL\smjl_webform.pbt_build\smjl\..\smjl_root\file\common\m" 

D:\googlesvn\SMJL\smjl_webform.pbt_build\smjl>if exist "D:\googlesvn\SMJL\smjl_webform.pbt_build\smjl\..\smjl_root\file\common\n" rd /s /q "D:\googlesvn\SMJL\smjl_webform.pbt_build\smjl\..\smjl_root\file\common\n" 

D:\googlesvn\SMJL\smjl_webform.pbt_build\smjl>if exist "D:\googlesvn\SMJL\smjl_webform.pbt_build\smjl\..\smjl_root\file\common\o" rd /s /q "D:\googlesvn\SMJL\smjl_webform.pbt_build\smjl\..\smjl_root\file\common\o" 

D:\googlesvn\SMJL\smjl_webform.pbt_build\smjl>if exist "D:\googlesvn\SMJL\smjl_webform.pbt_build\smjl\..\smjl_root\file\common\p" rd /s /q "D:\googlesvn\SMJL\smjl_webform.pbt_build\smjl\..\smjl_root\file\common\p" 

D:\googlesvn\SMJL\smjl_webform.pbt_build\smjl>if exist "D:\googlesvn\SMJL\smjl_webform.pbt_build\smjl\..\smjl_root\file\common\q" rd /s /q "D:\googlesvn\SMJL\smjl_webform.pbt_build\smjl\..\smjl_root\file\common\q" 

D:\googlesvn\SMJL\smjl_webform.pbt_build\smjl>if exist "D:\googlesvn\SMJL\smjl_webform.pbt_build\smjl\..\smjl_root\file\common\r" rd /s /q "D:\googlesvn\SMJL\smjl_webform.pbt_build\smjl\..\smjl_root\file\common\r" 

D:\googlesvn\SMJL\smjl_webform.pbt_build\smjl>if exist "D:\googlesvn\SMJL\smjl_webform.pbt_build\smjl\..\smjl_root\file\common\s" rd /s /q "D:\googlesvn\SMJL\smjl_webform.pbt_build\smjl\..\smjl_root\file\common\s" 

D:\googlesvn\SMJL\smjl_webform.pbt_build\smjl>if exist "D:\googlesvn\SMJL\smjl_webform.pbt_build\smjl\..\smjl_root\file\common\t" rd /s /q "D:\googlesvn\SMJL\smjl_webform.pbt_build\smjl\..\smjl_root\file\common\t" 

D:\googlesvn\SMJL\smjl_webform.pbt_build\smjl>if exist "D:\googlesvn\SMJL\smjl_webform.pbt_build\smjl\..\smjl_root\file\common\u" rd /s /q "D:\googlesvn\SMJL\smjl_webform.pbt_build\smjl\..\smjl_root\file\common\u" 

D:\googlesvn\SMJL\smjl_webform.pbt_build\smjl>if exist "D:\googlesvn\SMJL\smjl_webform.pbt_build\smjl\..\smjl_root\file\common\v" rd /s /q "D:\googlesvn\SMJL\smjl_webform.pbt_build\smjl\..\smjl_root\file\common\v" 

D:\googlesvn\SMJL\smjl_webform.pbt_build\smjl>if exist "D:\googlesvn\SMJL\smjl_webform.pbt_build\smjl\..\smjl_root\file\common\w" rd /s /q "D:\googlesvn\SMJL\smjl_webform.pbt_build\smjl\..\smjl_root\file\common\w" 

D:\googlesvn\SMJL\smjl_webform.pbt_build\smjl>if exist "D:\googlesvn\SMJL\smjl_webform.pbt_build\smjl\..\smjl_root\file\common\x" rd /s /q "D:\googlesvn\SMJL\smjl_webform.pbt_build\smjl\..\smjl_root\file\common\x" 

D:\googlesvn\SMJL\smjl_webform.pbt_build\smjl>if exist "D:\googlesvn\SMJL\smjl_webform.pbt_build\smjl\..\smjl_root\file\common\y" rd /s /q "D:\googlesvn\SMJL\smjl_webform.pbt_build\smjl\..\smjl_root\file\common\y" 

D:\googlesvn\SMJL\smjl_webform.pbt_build\smjl>if exist "D:\googlesvn\SMJL\smjl_webform.pbt_build\smjl\..\smjl_root\file\common\z" rd /s /q "D:\googlesvn\SMJL\smjl_webform.pbt_build\smjl\..\smjl_root\file\common\z" 

D:\googlesvn\SMJL\smjl_webform.pbt_build\smjl>rename "D:\googlesvn\SMJL\smjl_webform.pbt_build\smjl\AssemblyInfo.bak" "AssemblyInfo.cs" 

D:\googlesvn\SMJL\smjl_webform.pbt_build\smjl>"D:\Program Files\pb12\PowerBuilder 12.5\DotNET\bin\pb2cs" @"D:\googlesvn\SMJL\smjl_webform.pbt_build\projectinfo.txt" 
Type-checking (pass 1) system (system)
Pre-parsing takes 0.00 seconds
Parsing d:\googlesvn\smjl\smjl.pbl (smjl)
Parsing d:\googlesvn\smjl\smjl.pbl (w_smjl)
Parsing takes 0.00 seconds
Type-checking (pass 1) d:\googlesvn\smjl\smjl.pbl (smjl)
Type-checking (pass 1) d:\googlesvn\smjl\smjl.pbl (w_smjl)
Type-checking (pass 1) d:\googlesvn\smjl\smjl.pbl (smjl)
Type-checking (pass 1) d:\googlesvn\smjl\smjl.pbl (w_smjl)
Type-checking (pass 1) d:\googlesvn\smjl\smjl.pbl (smjl)
Type-checking (pass 1) d:\googlesvn\smjl\smjl.pbl (w_smjl)
Type-checking prototypes/instance variables(pass 2) 
Type-checking prototypes/instance variables(pass 2) 
Type-checking methods(pass 2) d:\googlesvn\smjl\smjl.pbl (smjl)
Type-checking methods(pass 2) d:\googlesvn\smjl\smjl.pbl (w_smjl)
Typechecking takes 0.00 seconds
Emitting d:\googlesvn\smjl\smjl.pbl (smjl)
Emitting d:\googlesvn\smjl\smjl.pbl (w_smjl)
Emitting d:\googlesvn\smjl\smjl.pbl (smjl)
Emitting d:\googlesvn\smjl\smjl.pbl (w_smjl)
Emiting takes 0.00 seconds


Error Summary : 0 error(s) 



Warning Summary : 0 warning(s) 



Compile complete -- 0 error(s), 0 warning(s)


D:\googlesvn\SMJL\smjl_webform.pbt_build\smjl>if ERRORLEVEL 1 exit 1 

D:\googlesvn\SMJL\smjl_webform.pbt_build\smjl>call build.bat c- "D:\googlesvn\SMJL\smjl_webform.pbt_build\csc_output_file_name.txt" 

D:\googlesvn\SMJL\smjl_webform.pbt_build\smjl>rem setlocal 

D:\googlesvn\SMJL\smjl_webform.pbt_build\smjl>if "c-" == "" goto usage  

D:\googlesvn\SMJL\smjl_webform.pbt_build\smjl>if "D:\Program Files\pb12\PowerBuilder 12.5\DotNET" == "" goto sethome 

D:\googlesvn\SMJL\smjl_webform.pbt_build\smjl>if "" == "" set PB_WEBROOT=D:\Program Files\pb12\PowerBuilder 12.5\DotNET\webroot 

D:\googlesvn\SMJL\smjl_webform.pbt_build\smjl>set NET_FRAMEWORK=C:\Windows\Microsoft.NET\Framework\v4.0.30319 

D:\googlesvn\SMJL\smjl_webform.pbt_build\smjl>md release 
子目录或文件 release 已经存在。

D:\googlesvn\SMJL\smjl_webform.pbt_build\smjl>md images 

D:\googlesvn\SMJL\smjl_webform.pbt_build\smjl>md scripts 

D:\googlesvn\SMJL\smjl_webform.pbt_build\smjl>md temp 

D:\googlesvn\SMJL\smjl_webform.pbt_build\smjl>set PBROOTDIR="..\smjl_root" 

D:\googlesvn\SMJL\smjl_webform.pbt_build\smjl>md "..\smjl_root"\mail\users 

D:\googlesvn\SMJL\smjl_webform.pbt_build\smjl>md "..\smjl_root"\mail\session 

D:\googlesvn\SMJL\smjl_webform.pbt_build\smjl>md "..\smjl_root"\print\users 

D:\googlesvn\SMJL\smjl_webform.pbt_build\smjl>md "..\smjl_root"\print\session 

D:\googlesvn\SMJL\smjl_webform.pbt_build\smjl>md "..\smjl_root"\log 

D:\googlesvn\SMJL\smjl_webform.pbt_build\smjl>md "..\smjl_root"\file\icon 

D:\googlesvn\SMJL\smjl_webform.pbt_build\smjl>md "..\smjl_root"\file\users 

D:\googlesvn\SMJL\smjl_webform.pbt_build\smjl>md "..\smjl_root"\file\session 

D:\googlesvn\SMJL\smjl_webform.pbt_build\smjl>set PB_WEBFILEC="..\smjl_root"\file\common\c 

D:\googlesvn\SMJL\smjl_webform.pbt_build\smjl>md "..\smjl_root"\file\common\c\temp 

D:\googlesvn\SMJL\smjl_webform.pbt_build\smjl>set PB_WEBLIBDIR="..\smjl_root"\file\common\c\~pl_ 

D:\googlesvn\SMJL\smjl_webform.pbt_build\smjl>md "..\smjl_root"\file\common\c\~pl_ 

D:\googlesvn\SMJL\smjl_webform.pbt_build\smjl>if "D:\googlesvn\SMJL\smjl_webform.pbt_build\csc_output_file_name.txt" == "" (
net user ASPNET  
  
 goto groupstep_iis6  
 cacls temp /t /e /c /g ASPNET:f  
 cacls "..\smjl_root" /t /e /c /g ASPNET:f  
 net localgroup IIS_WPG  
  
 goto groupstep_iis7  
 cacls temp /t /e /c /g IIS_WPG:f  
 cacls "..\smjl_root" /t /e /c /g IIS_WPG:f  
 net localgroup IIS_IUSRS  
  
 goto copystep  
 cacls temp /t /e /c /g IIS_IUSRS:f  
 cacls "..\smjl_root" /t /e /c /g IIS_IUSRS:f 
) 

D:\googlesvn\SMJL\smjl_webform.pbt_build\smjl>if "c-" == "c-" goto notcopy 

D:\googlesvn\SMJL\smjl_webform.pbt_build\smjl>xcopy /D /Y /E "D:\Program Files\pb12\PowerBuilder 12.5\DotNET\webroot\*.*" . 
D:\Program Files\pb12\PowerBuilder 12.5\DotNET\webroot\classic.css
D:\Program Files\pb12\PowerBuilder 12.5\DotNET\webroot\default.htm
D:\Program Files\pb12\PowerBuilder 12.5\DotNET\webroot\download.htm
D:\Program Files\pb12\PowerBuilder 12.5\DotNET\webroot\execute_error.htm
D:\Program Files\pb12\PowerBuilder 12.5\DotNET\webroot\Global.asax
D:\Program Files\pb12\PowerBuilder 12.5\DotNET\webroot\Global.asax.cs
D:\Program Files\pb12\PowerBuilder 12.5\DotNET\webroot\Global.asax.resx
D:\Program Files\pb12\PowerBuilder 12.5\DotNET\webroot\GraphStreamImageContainerPage.aspx
D:\Program Files\pb12\PowerBuilder 12.5\DotNET\webroot\iframe_control.htm
D:\Program Files\pb12\PowerBuilder 12.5\DotNET\webroot\Login.aspx
D:\Program Files\pb12\PowerBuilder 12.5\DotNET\webroot\pbopenfile.aspx
D:\Program Files\pb12\PowerBuilder 12.5\DotNET\webroot\pbopenfile.aspx.cs
D:\Program Files\pb12\PowerBuilder 12.5\DotNET\webroot\pbuploadfile.aspx
D:\Program Files\pb12\PowerBuilder 12.5\DotNET\webroot\pbuploadfile.aspx.cs
D:\Program Files\pb12\PowerBuilder 12.5\DotNET\webroot\StreamImageContainerPage.aspx
D:\Program Files\pb12\PowerBuilder 12.5\DotNET\webroot\too_many_users.htm
D:\Program Files\pb12\PowerBuilder 12.5\DotNET\webroot\UsersInit.aspx
D:\Program Files\pb12\PowerBuilder 12.5\DotNET\webroot\wait.htm
D:\Program Files\pb12\PowerBuilder 12.5\DotNET\webroot\xp.css
D:\Program Files\pb12\PowerBuilder 12.5\DotNET\webroot\admin\UserAdd.aspx
D:\Program Files\pb12\PowerBuilder 12.5\DotNET\webroot\admin\UserAdd.aspx.cs
D:\Program Files\pb12\PowerBuilder 12.5\DotNET\webroot\admin\UserEdit.aspx
D:\Program Files\pb12\PowerBuilder 12.5\DotNET\webroot\admin\UserEdit.aspx.cs
D:\Program Files\pb12\PowerBuilder 12.5\DotNET\webroot\admin\Users.aspx
D:\Program Files\pb12\PowerBuilder 12.5\DotNET\webroot\admin\Users.aspx.cs
D:\Program Files\pb12\PowerBuilder 12.5\DotNET\webroot\Images\ajax-loader.gif
D:\Program Files\pb12\PowerBuilder 12.5\DotNET\webroot\Images\arrow_black.gif
D:\Program Files\pb12\PowerBuilder 12.5\DotNET\webroot\Images\bg.gif
D:\Program Files\pb12\PowerBuilder 12.5\DotNET\webroot\Images\Bgcolor.gif
D:\Program Files\pb12\PowerBuilder 12.5\DotNET\webroot\Images\Bold.gif
D:\Program Files\pb12\PowerBuilder 12.5\DotNET\webroot\Images\break.gif
D:\Program Files\pb12\PowerBuilder 12.5\DotNET\webroot\Images\Bullist.gif
D:\Program Files\pb12\PowerBuilder 12.5\DotNET\webroot\Images\Center.gif
D:\Program Files\pb12\PowerBuilder 12.5\DotNET\webroot\Images\checkbox_1_2.jpg
D:\Program Files\pb12\PowerBuilder 12.5\DotNET\webroot\Images\classic_checkbox_1_1_0.jpg
D:\Program Files\pb12\PowerBuilder 12.5\DotNET\webroot\Images\classic_checkbox_1_1_1.jpg
D:\Program Files\pb12\PowerBuilder 12.5\DotNET\webroot\Images\classic_checkbox_1_2_0.jpg
D:\Program Files\pb12\PowerBuilder 12.5\DotNET\webroot\Images\classic_checkbox_1_2_1.jpg
D:\Program Files\pb12\PowerBuilder 12.5\DotNET\webroot\Images\classic_checkbox_1_3_0.jpg
D:\Program Files\pb12\PowerBuilder 12.5\DotNET\webroot\Images\classic_checkbox_1_3_1.jpg
D:\Program Files\pb12\PowerBuilder 12.5\DotNET\webroot\Images\classic_checkbox_2_1_0.jpg
D:\Program Files\pb12\PowerBuilder 12.5\DotNET\webroot\Images\classic_checkbox_2_1_1.jpg
D:\Program Files\pb12\PowerBuilder 12.5\DotNET\webroot\Images\classic_checkbox_2_2_0.jpg
D:\Program Files\pb12\PowerBuilder 12.5\DotNET\webroot\Images\classic_checkbox_2_2_1.jpg
D:\Program Files\pb12\PowerBuilder 12.5\DotNET\webroot\Images\classic_checkbox_2_3_0.jpg
D:\Program Files\pb12\PowerBuilder 12.5\DotNET\webroot\Images\classic_checkbox_2_3_1.jpg
D:\Program Files\pb12\PowerBuilder 12.5\DotNET\webroot\Images\classic_close.gif
D:\Program Files\pb12\PowerBuilder 12.5\DotNET\webroot\Images\classic_max.gif
D:\Program Files\pb12\PowerBuilder 12.5\DotNET\webroot\Images\classic_min.gif
D:\Program Files\pb12\PowerBuilder 12.5\DotNET\webroot\Images\classic_restore.gif
D:\Program Files\pb12\PowerBuilder 12.5\DotNET\webroot\Images\classic_web_close.gif
D:\Program Files\pb12\PowerBuilder 12.5\DotNET\webroot\Images\ClipboardPaste.gif
D:\Program Files\pb12\PowerBuilder 12.5\DotNET\webroot\Images\close.gif
D:\Program Files\pb12\PowerBuilder 12.5\DotNET\webroot\Images\Copy.gif
D:\Program Files\pb12\PowerBuilder 12.5\DotNET\webroot\Images\Cut.gif
D:\Program Files\pb12\PowerBuilder 12.5\DotNET\webroot\Images\Date.gif
D:\Program Files\pb12\PowerBuilder 12.5\DotNET\webroot\Images\dddw.gif
D:\Program Files\pb12\PowerBuilder 12.5\DotNET\webroot\Images\dddw1.gif
D:\Program Files\pb12\PowerBuilder 12.5\DotNET\webroot\Images\def_top_left.PNG
D:\Program Files\pb12\PowerBuilder 12.5\DotNET\webroot\Images\def_top_right.PNG
D:\Program Files\pb12\PowerBuilder 12.5\DotNET\webroot\Images\disable_scr_down.PNG
D:\Program Files\pb12\PowerBuilder 12.5\DotNET\webroot\Images\disable_scr_down_xp.png
D:\Program Files\pb12\PowerBuilder 12.5\DotNET\webroot\Images\down.PNG
D:\Program Files\pb12\PowerBuilder 12.5\DotNET\webroot\Images\downdisable.bmp
D:\Program Files\pb12\PowerBuilder 12.5\DotNET\webroot\Images\downenable.bmp
D:\Program Files\pb12\PowerBuilder 12.5\DotNET\webroot\Images\drive.gif
D:\Program Files\pb12\PowerBuilder 12.5\DotNET\webroot\Images\editdisable.bmp
D:\Program Files\pb12\PowerBuilder 12.5\DotNET\webroot\Images\editenable.bmp
D:\Program Files\pb12\PowerBuilder 12.5\DotNET\webroot\Images\excl.GIF
D:\Program Files\pb12\PowerBuilder 12.5\DotNET\webroot\Images\Fgcolor.gif
D:\Program Files\pb12\PowerBuilder 12.5\DotNET\webroot\Images\filemanager.gif
D:\Program Files\pb12\PowerBuilder 12.5\DotNET\webroot\Images\fndragno.cur
D:\Program Files\pb12\PowerBuilder 12.5\DotNET\webroot\Images\folder.gif
D:\Program Files\pb12\PowerBuilder 12.5\DotNET\webroot\Images\folderopen.gif
D:\Program Files\pb12\PowerBuilder 12.5\DotNET\webroot\Images\gray.gif
D:\Program Files\pb12\PowerBuilder 12.5\DotNET\webroot\Images\HSeparator.gif
D:\Program Files\pb12\PowerBuilder 12.5\DotNET\webroot\Images\htrack.PNG
D:\Program Files\pb12\PowerBuilder 12.5\DotNET\webroot\Images\h_thumb_back_ground_xp.bmp
D:\Program Files\pb12\PowerBuilder 12.5\DotNET\webroot\Images\Image.gif
D:\Program Files\pb12\PowerBuilder 12.5\DotNET\webroot\Images\Indent.gif
D:\Program Files\pb12\PowerBuilder 12.5\DotNET\webroot\Images\info.GIF
D:\Program Files\pb12\PowerBuilder 12.5\DotNET\webroot\Images\InsertTable.gif
D:\Program Files\pb12\PowerBuilder 12.5\DotNET\webroot\Images\Italic.gif
D:\Program Files\pb12\PowerBuilder 12.5\DotNET\webroot\Images\Left.gif
D:\Program Files\pb12\PowerBuilder 12.5\DotNET\webroot\Images\left.png
D:\Program Files\pb12\PowerBuilder 12.5\DotNET\webroot\Images\Link.gif
D:\Program Files\pb12\PowerBuilder 12.5\DotNET\webroot\Images\mailprofilemgr.GIF
D:\Program Files\pb12\PowerBuilder 12.5\DotNET\webroot\Images\max.gif
D:\Program Files\pb12\PowerBuilder 12.5\DotNET\webroot\Images\min.gif
D:\Program Files\pb12\PowerBuilder 12.5\DotNET\webroot\Images\mode.gif
D:\Program Files\pb12\PowerBuilder 12.5\DotNET\webroot\Images\null.gif
D:\Program Files\pb12\PowerBuilder 12.5\DotNET\webroot\Images\Numlist.gif
D:\Program Files\pb12\PowerBuilder 12.5\DotNET\webroot\Images\Outdent.gif
D:\Program Files\pb12\PowerBuilder 12.5\DotNET\webroot\Images\Paste.gif
D:\Program Files\pb12\PowerBuilder 12.5\DotNET\webroot\Images\printer.gif
D:\Program Files\pb12\PowerBuilder 12.5\DotNET\webroot\Images\printmanager.gif
D:\Program Files\pb12\PowerBuilder 12.5\DotNET\webroot\Images\quest.GIF
D:\Program Files\pb12\PowerBuilder 12.5\DotNET\webroot\Images\RadToolbarLeft_c.bmp
D:\Program Files\pb12\PowerBuilder 12.5\DotNET\webroot\Images\removedisable.bmp
D:\Program Files\pb12\PowerBuilder 12.5\DotNET\webroot\Images\removeenable.bmp
D:\Program Files\pb12\PowerBuilder 12.5\DotNET\webroot\Images\restore.gif
D:\Program Files\pb12\PowerBuilder 12.5\DotNET\webroot\Images\Right.gif
D:\Program Files\pb12\PowerBuilder 12.5\DotNET\webroot\Images\right.PNG
D:\Program Files\pb12\PowerBuilder 12.5\DotNET\webroot\Images\root.gif
D:\Program Files\pb12\PowerBuilder 12.5\DotNET\webroot\Images\scr_down.PNG
D:\Program Files\pb12\PowerBuilder 12.5\DotNET\webroot\Images\scr_down_xp.PNG
D:\Program Files\pb12\PowerBuilder 12.5\DotNET\webroot\Images\scr_left.PNG
D:\Program Files\pb12\PowerBuilder 12.5\DotNET\webroot\Images\scr_left_xp.PNG
D:\Program Files\pb12\PowerBuilder 12.5\DotNET\webroot\Images\scr_right.PNG
D:\Program Files\pb12\PowerBuilder 12.5\DotNET\webroot\Images\scr_right_xp.PNG
D:\Program Files\pb12\PowerBuilder 12.5\DotNET\webroot\Images\scr_up.PNG
D:\Program Files\pb12\PowerBuilder 12.5\DotNET\webroot\Images\scr_up_xp.PNG
D:\Program Files\pb12\PowerBuilder 12.5\DotNET\webroot\Images\Show.gif
D:\Program Files\pb12\PowerBuilder 12.5\DotNET\webroot\Images\Spacer.gif
D:\Program Files\pb12\PowerBuilder 12.5\DotNET\webroot\Images\stop.GIF
D:\Program Files\pb12\PowerBuilder 12.5\DotNET\webroot\Images\Table.gif
D:\Program Files\pb12\PowerBuilder 12.5\DotNET\webroot\Images\tab_close_classic_normal.gif
D:\Program Files\pb12\PowerBuilder 12.5\DotNET\webroot\Images\tab_close_xp_normal.gif
D:\Program Files\pb12\PowerBuilder 12.5\DotNET\webroot\Images\tab_left.PNG
D:\Program Files\pb12\PowerBuilder 12.5\DotNET\webroot\Images\tab_left_bottom.PNG
D:\Program Files\pb12\PowerBuilder 12.5\DotNET\webroot\Images\tab_left_top.PNG
D:\Program Files\pb12\PowerBuilder 12.5\DotNET\webroot\Images\tab_scr_down.PNG
D:\Program Files\pb12\PowerBuilder 12.5\DotNET\webroot\Images\tab_scr_left.PNG
D:\Program Files\pb12\PowerBuilder 12.5\DotNET\webroot\Images\tab_scr_right.PNG
D:\Program Files\pb12\PowerBuilder 12.5\DotNET\webroot\Images\tab_scr_up.PNG
D:\Program Files\pb12\PowerBuilder 12.5\DotNET\webroot\Images\tab_top.PNG
D:\Program Files\pb12\PowerBuilder 12.5\DotNET\webroot\Images\tab_top_left.PNG
D:\Program Files\pb12\PowerBuilder 12.5\DotNET\webroot\Images\tab_top_right.PNG
D:\Program Files\pb12\PowerBuilder 12.5\DotNET\webroot\Images\thememanager.gif
D:\Program Files\pb12\PowerBuilder 12.5\DotNET\webroot\Images\thumb.png
D:\Program Files\pb12\PowerBuilder 12.5\DotNET\webroot\Images\thumb_mouse_down.png
D:\Program Files\pb12\PowerBuilder 12.5\DotNET\webroot\Images\Underline.gif
D:\Program Files\pb12\PowerBuilder 12.5\DotNET\webroot\Images\up.PNG
D:\Program Files\pb12\PowerBuilder 12.5\DotNET\webroot\Images\uparrow.cur
D:\Program Files\pb12\PowerBuilder 12.5\DotNET\webroot\Images\updisable.bmp
D:\Program Files\pb12\PowerBuilder 12.5\DotNET\webroot\Images\upenable.bmp
D:\Program Files\pb12\PowerBuilder 12.5\DotNET\webroot\Images\VSeparator.gif
D:\Program Files\pb12\PowerBuilder 12.5\DotNET\webroot\Images\vtrack.PNG
D:\Program Files\pb12\PowerBuilder 12.5\DotNET\webroot\Images\v_thumb_back_ground_xp.bmp
D:\Program Files\pb12\PowerBuilder 12.5\DotNET\webroot\Images\xp_checkbox_1_1_0.jpg
D:\Program Files\pb12\PowerBuilder 12.5\DotNET\webroot\Images\xp_checkbox_1_1_1.jpg
D:\Program Files\pb12\PowerBuilder 12.5\DotNET\webroot\Images\xp_checkbox_1_2_0.jpg
D:\Program Files\pb12\PowerBuilder 12.5\DotNET\webroot\Images\xp_checkbox_1_2_1.jpg
D:\Program Files\pb12\PowerBuilder 12.5\DotNET\webroot\Images\xp_checkbox_1_3_0.jpg
D:\Program Files\pb12\PowerBuilder 12.5\DotNET\webroot\Images\xp_checkbox_1_3_1.jpg
D:\Program Files\pb12\PowerBuilder 12.5\DotNET\webroot\Images\xp_checkbox_2_1_0.jpg
D:\Program Files\pb12\PowerBuilder 12.5\DotNET\webroot\Images\xp_checkbox_2_1_1.jpg
D:\Program Files\pb12\PowerBuilder 12.5\DotNET\webroot\Images\xp_checkbox_2_2_0.jpg
D:\Program Files\pb12\PowerBuilder 12.5\DotNET\webroot\Images\xp_checkbox_2_2_1.jpg
D:\Program Files\pb12\PowerBuilder 12.5\DotNET\webroot\Images\xp_checkbox_2_3_0.jpg
D:\Program Files\pb12\PowerBuilder 12.5\DotNET\webroot\Images\xp_checkbox_2_3_1.jpg
D:\Program Files\pb12\PowerBuilder 12.5\DotNET\webroot\Images\xp_close.gif
D:\Program Files\pb12\PowerBuilder 12.5\DotNET\webroot\Images\xp_max.gif
D:\Program Files\pb12\PowerBuilder 12.5\DotNET\webroot\Images\xp_min.gif
D:\Program Files\pb12\PowerBuilder 12.5\DotNET\webroot\Images\xp_restore.gif
D:\Program Files\pb12\PowerBuilder 12.5\DotNET\webroot\Images\xp_titlebar.JPG
D:\Program Files\pb12\PowerBuilder 12.5\DotNET\webroot\Images\xp_web_close.gif
D:\Program Files\pb12\PowerBuilder 12.5\DotNET\webroot\Images\res\algnbot.bmp
D:\Program Files\pb12\PowerBuilder 12.5\DotNET\webroot\Images\res\algncntr.bmp
D:\Program Files\pb12\PowerBuilder 12.5\DotNET\webroot\Images\res\algnhcnt.bmp
D:\Program Files\pb12\PowerBuilder 12.5\DotNET\webroot\Images\res\algnleft.bmp
D:\Program Files\pb12\PowerBuilder 12.5\DotNET\webroot\Images\res\algnrght.bmp
D:\Program Files\pb12\PowerBuilder 12.5\DotNET\webroot\Images\res\algntop.bmp
D:\Program Files\pb12\PowerBuilder 12.5\DotNET\webroot\Images\res\appstarting.bmp
D:\Program Files\pb12\PowerBuilder 12.5\DotNET\webroot\Images\res\area2d.ico
D:\Program Files\pb12\PowerBuilder 12.5\DotNET\webroot\Images\res\area3d.ico
D:\Program Files\pb12\PowerBuilder 12.5\DotNET\webroot\Images\res\bar2d.ico
D:\Program Files\pb12\PowerBuilder 12.5\DotNET\webroot\Images\res\bar3d.ico
D:\Program Files\pb12\PowerBuilder 12.5\DotNET\webroot\Images\res\bar3dobj.ico
D:\Program Files\pb12\PowerBuilder 12.5\DotNET\webroot\Images\res\barst3do.ico
D:\Program Files\pb12\PowerBuilder 12.5\DotNET\webroot\Images\res\barstack.ico
D:\Program Files\pb12\PowerBuilder 12.5\DotNET\webroot\Images\res\col2d.ico
D:\Program Files\pb12\PowerBuilder 12.5\DotNET\webroot\Images\res\col3d.ico
D:\Program Files\pb12\PowerBuilder 12.5\DotNET\webroot\Images\res\col3dobj.ico
D:\Program Files\pb12\PowerBuilder 12.5\DotNET\webroot\Images\res\colst3do.ico
D:\Program Files\pb12\PowerBuilder 12.5\DotNET\webroot\Images\res\colstack.ico
D:\Program Files\pb12\PowerBuilder 12.5\DotNET\webroot\Images\res\dtpmask.bmp
D:\Program Files\pb12\PowerBuilder 12.5\DotNET\webroot\Images\res\dwsyntax.ico
D:\Program Files\pb12\PowerBuilder 12.5\DotNET\webroot\Images\res\epgchkdd.bmp
D:\Program Files\pb12\PowerBuilder 12.5\DotNET\webroot\Images\res\epgchked.bmp
D:\Program Files\pb12\PowerBuilder 12.5\DotNET\webroot\Images\res\exclamation.ico
D:\Program Files\pb12\PowerBuilder 12.5\DotNET\webroot\Images\res\fn0600.bmp
D:\Program Files\pb12\PowerBuilder 12.5\DotNET\webroot\Images\res\fn0602.bmp
D:\Program Files\pb12\PowerBuilder 12.5\DotNET\webroot\Images\res\fn0604.bmp
D:\Program Files\pb12\PowerBuilder 12.5\DotNET\webroot\Images\res\fn0700.bmp
D:\Program Files\pb12\PowerBuilder 12.5\DotNET\webroot\Images\res\fn0702.bmp
D:\Program Files\pb12\PowerBuilder 12.5\DotNET\webroot\Images\res\fn0704.bmp
D:\Program Files\pb12\PowerBuilder 12.5\DotNET\webroot\Images\res\fn1000.bmp
D:\Program Files\pb12\PowerBuilder 12.5\DotNET\webroot\Images\res\fn1000.ico
D:\Program Files\pb12\PowerBuilder 12.5\DotNET\webroot\Images\res\fn1002.bmp
D:\Program Files\pb12\PowerBuilder 12.5\DotNET\webroot\Images\res\fn1002.ico
D:\Program Files\pb12\PowerBuilder 12.5\DotNET\webroot\Images\res\fn1004.bmp
D:\Program Files\pb12\PowerBuilder 12.5\DotNET\webroot\Images\res\fn1004.ico
D:\Program Files\pb12\PowerBuilder 12.5\DotNET\webroot\Images\res\fn1006.bmp
D:\Program Files\pb12\PowerBuilder 12.5\DotNET\webroot\Images\res\fn1006.ico
D:\Program Files\pb12\PowerBuilder 12.5\DotNET\webroot\Images\res\fn1008.bmp
D:\Program Files\pb12\PowerBuilder 12.5\DotNET\webroot\Images\res\fn1008.ico
D:\Program Files\pb12\PowerBuilder 12.5\DotNET\webroot\Images\res\fn1010.bmp
D:\Program Files\pb12\PowerBuilder 12.5\DotNET\webroot\Images\res\fn1012.bmp
D:\Program Files\pb12\PowerBuilder 12.5\DotNET\webroot\Images\res\fn1014.bmp
D:\Program Files\pb12\PowerBuilder 12.5\DotNET\webroot\Images\res\fn1014.ico
D:\Program Files\pb12\PowerBuilder 12.5\DotNET\webroot\Images\res\fn1016.bmp
D:\Program Files\pb12\PowerBuilder 12.5\DotNET\webroot\Images\res\fn1018.bmp
D:\Program Files\pb12\PowerBuilder 12.5\DotNET\webroot\Images\res\fn1018.ico
D:\Program Files\pb12\PowerBuilder 12.5\DotNET\webroot\Images\res\fn1020.bmp
D:\Program Files\pb12\PowerBuilder 12.5\DotNET\webroot\Images\res\fn1020.ico
D:\Program Files\pb12\PowerBuilder 12.5\DotNET\webroot\Images\res\fn1022.bmp
D:\Program Files\pb12\PowerBuilder 12.5\DotNET\webroot\Images\res\fn1022.ico
D:\Program Files\pb12\PowerBuilder 12.5\DotNET\webroot\Images\res\fn1024.bmp
D:\Program Files\pb12\PowerBuilder 12.5\DotNET\webroot\Images\res\fn1026.bmp
D:\Program Files\pb12\PowerBuilder 12.5\DotNET\webroot\Images\res\fn1026.ico
D:\Program Files\pb12\PowerBuilder 12.5\DotNET\webroot\Images\res\fn1030.bmp
D:\Program Files\pb12\PowerBuilder 12.5\DotNET\webroot\Images\res\fn1030.ico
D:\Program Files\pb12\PowerBuilder 12.5\DotNET\webroot\Images\res\fn1032.bmp
D:\Program Files\pb12\PowerBuilder 12.5\DotNET\webroot\Images\res\fn1032.ico
D:\Program Files\pb12\PowerBuilder 12.5\DotNET\webroot\Images\res\fn1034.bmp
D:\Program Files\pb12\PowerBuilder 12.5\DotNET\webroot\Images\res\fn1034.ico
D:\Program Files\pb12\PowerBuilder 12.5\DotNET\webroot\Images\res\fn1036.bmp
D:\Program Files\pb12\PowerBuilder 12.5\DotNET\webroot\Images\res\fn1038.bmp
D:\Program Files\pb12\PowerBuilder 12.5\DotNET\webroot\Images\res\fn1040.bmp
D:\Program Files\pb12\PowerBuilder 12.5\DotNET\webroot\Images\res\fn1042.bmp
D:\Program Files\pb12\PowerBuilder 12.5\DotNET\webroot\Images\res\fn1044.bmp
D:\Program Files\pb12\PowerBuilder 12.5\DotNET\webroot\Images\res\fn1048.bmp
D:\Program Files\pb12\PowerBuilder 12.5\DotNET\webroot\Images\res\fn1050.bmp
D:\Program Files\pb12\PowerBuilder 12.5\DotNET\webroot\Images\res\fn1052.bmp
D:\Program Files\pb12\PowerBuilder 12.5\DotNET\webroot\Images\res\fn1052.ico
D:\Program Files\pb12\PowerBuilder 12.5\DotNET\webroot\Images\res\fn1054.bmp
D:\Program Files\pb12\PowerBuilder 12.5\DotNET\webroot\Images\res\fn1056.bmp
D:\Program Files\pb12\PowerBuilder 12.5\DotNET\webroot\Images\res\fn1060.bmp
D:\Program Files\pb12\PowerBuilder 12.5\DotNET\webroot\Images\res\fn1060.ico
D:\Program Files\pb12\PowerBuilder 12.5\DotNET\webroot\Images\res\fn1062.bmp
D:\Program Files\pb12\PowerBuilder 12.5\DotNET\webroot\Images\res\fn1064.bmp
D:\Program Files\pb12\PowerBuilder 12.5\DotNET\webroot\Images\res\fn1064.ico
D:\Program Files\pb12\PowerBuilder 12.5\DotNET\webroot\Images\res\fn1068.bmp
D:\Program Files\pb12\PowerBuilder 12.5\DotNET\webroot\Images\res\fn1070.bmp
D:\Program Files\pb12\PowerBuilder 12.5\DotNET\webroot\Images\res\fn1074.bmp
D:\Program Files\pb12\PowerBuilder 12.5\DotNET\webroot\Images\res\fn1076.bmp
D:\Program Files\pb12\PowerBuilder 12.5\DotNET\webroot\Images\res\fn1076.ico
D:\Program Files\pb12\PowerBuilder 12.5\DotNET\webroot\Images\res\fn1078.bmp
D:\Program Files\pb12\PowerBuilder 12.5\DotNET\webroot\Images\res\fn1080.bmp
D:\Program Files\pb12\PowerBuilder 12.5\DotNET\webroot\Images\res\fn1082.bmp
D:\Program Files\pb12\PowerBuilder 12.5\DotNET\webroot\Images\res\fn1084.bmp
D:\Program Files\pb12\PowerBuilder 12.5\DotNET\webroot\Images\res\fn1086.bmp
D:\Program Files\pb12\PowerBuilder 12.5\DotNET\webroot\Images\res\fn1088.bmp
D:\Program Files\pb12\PowerBuilder 12.5\DotNET\webroot\Images\res\fn1090.bmp
D:\Program Files\pb12\PowerBuilder 12.5\DotNET\webroot\Images\res\fn1092.bmp
D:\Program Files\pb12\PowerBuilder 12.5\DotNET\webroot\Images\res\fn1094.bmp
D:\Program Files\pb12\PowerBuilder 12.5\DotNET\webroot\Images\res\fn1096.bmp
D:\Program Files\pb12\PowerBuilder 12.5\DotNET\webroot\Images\res\fn1098.bmp
D:\Program Files\pb12\PowerBuilder 12.5\DotNET\webroot\Images\res\fn1100.bmp
D:\Program Files\pb12\PowerBuilder 12.5\DotNET\webroot\Images\res\fn1100.ico
D:\Program Files\pb12\PowerBuilder 12.5\DotNET\webroot\Images\res\fn1102.bmp
D:\Program Files\pb12\PowerBuilder 12.5\DotNET\webroot\Images\res\fn1102.ico
D:\Program Files\pb12\PowerBuilder 12.5\DotNET\webroot\Images\res\fn1104.bmp
D:\Program Files\pb12\PowerBuilder 12.5\DotNET\webroot\Images\res\fn1106.bmp
D:\Program Files\pb12\PowerBuilder 12.5\DotNET\webroot\Images\res\fn1112.bmp
D:\Program Files\pb12\PowerBuilder 12.5\DotNET\webroot\Images\res\fn1116.bmp
D:\Program Files\pb12\PowerBuilder 12.5\DotNET\webroot\Images\res\fn1118.bmp
D:\Program Files\pb12\PowerBuilder 12.5\DotNET\webroot\Images\res\fn1118.ico
D:\Program Files\pb12\PowerBuilder 12.5\DotNET\webroot\Images\res\fn1120.bmp
D:\Program Files\pb12\PowerBuilder 12.5\DotNET\webroot\Images\res\fn1124.bmp
D:\Program Files\pb12\PowerBuilder 12.5\DotNET\webroot\Images\res\fn1126.ico
D:\Program Files\pb12\PowerBuilder 12.5\DotNET\webroot\Images\res\fn1128.bmp
D:\Program Files\pb12\PowerBuilder 12.5\DotNET\webroot\Images\res\fn1130.bmp
D:\Program Files\pb12\PowerBuilder 12.5\DotNET\webroot\Images\res\fn1132.bmp
D:\Program Files\pb12\PowerBuilder 12.5\DotNET\webroot\Images\res\fn1134.bmp
D:\Program Files\pb12\PowerBuilder 12.5\DotNET\webroot\Images\res\fn1136.bmp
D:\Program Files\pb12\PowerBuilder 12.5\DotNET\webroot\Images\res\fn1138.bmp
D:\Program Files\pb12\PowerBuilder 12.5\DotNET\webroot\Images\res\fn1140.bmp
D:\Program Files\pb12\PowerBuilder 12.5\DotNET\webroot\Images\res\fn1142.bmp
D:\Program Files\pb12\PowerBuilder 12.5\DotNET\webroot\Images\res\fn1144.bmp
D:\Program Files\pb12\PowerBuilder 12.5\DotNET\webroot\Images\res\fn1146.bmp
D:\Program Files\pb12\PowerBuilder 12.5\DotNET\webroot\Images\res\fn1148.bmp
D:\Program Files\pb12\PowerBuilder 12.5\DotNET\webroot\Images\res\fn1156.bmp
D:\Program Files\pb12\PowerBuilder 12.5\DotNET\webroot\Images\res\fn1158.bmp
D:\Program Files\pb12\PowerBuilder 12.5\DotNET\webroot\Images\res\fn1160.bmp
D:\Program Files\pb12\PowerBuilder 12.5\DotNET\webroot\Images\res\fn1258.bmp
D:\Program Files\pb12\PowerBuilder 12.5\DotNET\webroot\Images\res\fn1260.bmp
D:\Program Files\pb12\PowerBuilder 12.5\DotNET\webroot\Images\res\fn1262.bmp
D:\Program Files\pb12\PowerBuilder 12.5\DotNET\webroot\Images\res\fn1264.bmp
D:\Program Files\pb12\PowerBuilder 12.5\DotNET\webroot\Images\res\fn1266.bmp
D:\Program Files\pb12\PowerBuilder 12.5\DotNET\webroot\Images\res\fn1268.bmp
D:\Program Files\pb12\PowerBuilder 12.5\DotNET\webroot\Images\res\fn1270.bmp
D:\Program Files\pb12\PowerBuilder 12.5\DotNET\webroot\Images\res\fn1272.bmp
D:\Program Files\pb12\PowerBuilder 12.5\DotNET\webroot\Images\res\fn1274.bmp
D:\Program Files\pb12\PowerBuilder 12.5\DotNET\webroot\Images\res\fn1276.bmp
D:\Program Files\pb12\PowerBuilder 12.5\DotNET\webroot\Images\res\fn1278.bmp
D:\Program Files\pb12\PowerBuilder 12.5\DotNET\webroot\Images\res\fn1290.bmp
D:\Program Files\pb12\PowerBuilder 12.5\DotNET\webroot\Images\res\fn1292.bmp
D:\Program Files\pb12\PowerBuilder 12.5\DotNET\webroot\Images\res\fn1294.bmp
D:\Program Files\pb12\PowerBuilder 12.5\DotNET\webroot\Images\res\fn1296.bmp
D:\Program Files\pb12\PowerBuilder 12.5\DotNET\webroot\Images\res\fn1298.bmp
D:\Program Files\pb12\PowerBuilder 12.5\DotNET\webroot\Images\res\fn1300.bmp
D:\Program Files\pb12\PowerBuilder 12.5\DotNET\webroot\Images\res\fn1302.bmp
D:\Program Files\pb12\PowerBuilder 12.5\DotNET\webroot\Images\res\fn1304.bmp
D:\Program Files\pb12\PowerBuilder 12.5\DotNET\webroot\Images\res\fn1306.bmp
D:\Program Files\pb12\PowerBuilder 12.5\DotNET\webroot\Images\res\fn1308.bmp
D:\Program Files\pb12\PowerBuilder 12.5\DotNET\webroot\Images\res\fn1316.bmp
D:\Program Files\pb12\PowerBuilder 12.5\DotNET\webroot\Images\res\fn1318.bmp
D:\Program Files\pb12\PowerBuilder 12.5\DotNET\webroot\Images\res\fn1322.bmp
D:\Program Files\pb12\PowerBuilder 12.5\DotNET\webroot\Images\res\fn1324.bmp
D:\Program Files\pb12\PowerBuilder 12.5\DotNET\webroot\Images\res\fn1326.bmp
D:\Program Files\pb12\PowerBuilder 12.5\DotNET\webroot\Images\res\fn1328.bmp
D:\Program Files\pb12\PowerBuilder 12.5\DotNET\webroot\Images\res\fn1330.bmp
D:\Program Files\pb12\PowerBuilder 12.5\DotNET\webroot\Images\res\fn1332.bmp
D:\Program Files\pb12\PowerBuilder 12.5\DotNET\webroot\Images\res\fn1334.bmp
D:\Program Files\pb12\PowerBuilder 12.5\DotNET\webroot\Images\res\fn1336.bmp
D:\Program Files\pb12\PowerBuilder 12.5\DotNET\webroot\Images\res\fn1338.bmp
D:\Program Files\pb12\PowerBuilder 12.5\DotNET\webroot\Images\res\fn1340.bmp
D:\Program Files\pb12\PowerBuilder 12.5\DotNET\webroot\Images\res\fn1342.bmp
D:\Program Files\pb12\PowerBuilder 12.5\DotNET\webroot\Images\res\fn1344.bmp
D:\Program Files\pb12\PowerBuilder 12.5\DotNET\webroot\Images\res\fn1346.bmp
D:\Program Files\pb12\PowerBuilder 12.5\DotNET\webroot\Images\res\fn1348.bmp
D:\Program Files\pb12\PowerBuilder 12.5\DotNET\webroot\Images\res\fn1350.bmp
D:\Program Files\pb12\PowerBuilder 12.5\DotNET\webroot\Images\res\fn1352.bmp
D:\Program Files\pb12\PowerBuilder 12.5\DotNET\webroot\Images\res\fn1354.bmp
D:\Program Files\pb12\PowerBuilder 12.5\DotNET\webroot\Images\res\fn1356.bmp
D:\Program Files\pb12\PowerBuilder 12.5\DotNET\webroot\Images\res\fn1358.bmp
D:\Program Files\pb12\PowerBuilder 12.5\DotNET\webroot\Images\res\fn1360.bmp
D:\Program Files\pb12\PowerBuilder 12.5\DotNET\webroot\Images\res\fn1362.bmp
D:\Program Files\pb12\PowerBuilder 12.5\DotNET\webroot\Images\res\fn1364.bmp
D:\Program Files\pb12\PowerBuilder 12.5\DotNET\webroot\Images\res\fn1366.bmp
D:\Program Files\pb12\PowerBuilder 12.5\DotNET\webroot\Images\res\fn1368.bmp
D:\Program Files\pb12\PowerBuilder 12.5\DotNET\webroot\Images\res\fn1370.bmp
D:\Program Files\pb12\PowerBuilder 12.5\DotNET\webroot\Images\res\fn1372.bmp
D:\Program Files\pb12\PowerBuilder 12.5\DotNET\webroot\Images\res\fn1374.bmp
D:\Program Files\pb12\PowerBuilder 12.5\DotNET\webroot\Images\res\fn1386.bmp
D:\Program Files\pb12\PowerBuilder 12.5\DotNET\webroot\Images\res\fn1388.bmp
D:\Program Files\pb12\PowerBuilder 12.5\DotNET\webroot\Images\res\fn1390.bmp
D:\Program Files\pb12\PowerBuilder 12.5\DotNET\webroot\Images\res\fn1392.bmp
D:\Program Files\pb12\PowerBuilder 12.5\DotNET\webroot\Images\res\fn1394.bmp
D:\Program Files\pb12\PowerBuilder 12.5\DotNET\webroot\Images\res\fn1396.bmp
D:\Program Files\pb12\PowerBuilder 12.5\DotNET\webroot\Images\res\fn1398.bmp
D:\Program Files\pb12\PowerBuilder 12.5\DotNET\webroot\Images\res\fn1400.bmp
D:\Program Files\pb12\PowerBuilder 12.5\DotNET\webroot\Images\res\fn1402.bmp
D:\Program Files\pb12\PowerBuilder 12.5\DotNET\webroot\Images\res\fn1404.bmp
D:\Program Files\pb12\PowerBuilder 12.5\DotNET\webroot\Images\res\fn1406.bmp
D:\Program Files\pb12\PowerBuilder 12.5\DotNET\webroot\Images\res\fn1408.bmp
D:\Program Files\pb12\PowerBuilder 12.5\DotNET\webroot\Images\res\fn1410.bmp
D:\Program Files\pb12\PowerBuilder 12.5\DotNET\webroot\Images\res\fn1412.bmp
D:\Program Files\pb12\PowerBuilder 12.5\DotNET\webroot\Images\res\fn1414.bmp
D:\Program Files\pb12\PowerBuilder 12.5\DotNET\webroot\Images\res\fn1416.bmp
D:\Program Files\pb12\PowerBuilder 12.5\DotNET\webroot\Images\res\fn1418.bmp
D:\Program Files\pb12\PowerBuilder 12.5\DotNET\webroot\Images\res\fn1420.bmp
D:\Program Files\pb12\PowerBuilder 12.5\DotNET\webroot\Images\res\fn1422.bmp
D:\Program Files\pb12\PowerBuilder 12.5\DotNET\webroot\Images\res\fn1432.bmp
D:\Program Files\pb12\PowerBuilder 12.5\DotNET\webroot\Images\res\fn1436.bmp
D:\Program Files\pb12\PowerBuilder 12.5\DotNET\webroot\Images\res\fn1438.bmp
D:\Program Files\pb12\PowerBuilder 12.5\DotNET\webroot\Images\res\fn1440.bmp
D:\Program Files\pb12\PowerBuilder 12.5\DotNET\webroot\Images\res\fn1442.bmp
D:\Program Files\pb12\PowerBuilder 12.5\DotNET\webroot\Images\res\fn1444.bmp
D:\Program Files\pb12\PowerBuilder 12.5\DotNET\webroot\Images\res\fn1446.bmp
D:\Program Files\pb12\PowerBuilder 12.5\DotNET\webroot\Images\res\fn1448.bmp
D:\Program Files\pb12\PowerBuilder 12.5\DotNET\webroot\Images\res\fn1450.bmp
D:\Program Files\pb12\PowerBuilder 12.5\DotNET\webroot\Images\res\fn1452.bmp
D:\Program Files\pb12\PowerBuilder 12.5\DotNET\webroot\Images\res\fn1454.bmp
D:\Program Files\pb12\PowerBuilder 12.5\DotNET\webroot\Images\res\fn1456.bmp
D:\Program Files\pb12\PowerBuilder 12.5\DotNET\webroot\Images\res\fn1458.bmp
D:\Program Files\pb12\PowerBuilder 12.5\DotNET\webroot\Images\res\fn1460.bmp
D:\Program Files\pb12\PowerBuilder 12.5\DotNET\webroot\Images\res\fn1462.bmp
D:\Program Files\pb12\PowerBuilder 12.5\DotNET\webroot\Images\res\fn1464.bmp
D:\Program Files\pb12\PowerBuilder 12.5\DotNET\webroot\Images\res\fn1466.bmp
D:\Program Files\pb12\PowerBuilder 12.5\DotNET\webroot\Images\res\fn1468.bmp
D:\Program Files\pb12\PowerBuilder 12.5\DotNET\webroot\Images\res\fn1470.bmp
D:\Program Files\pb12\PowerBuilder 12.5\DotNET\webroot\Images\res\fn1472.bmp
D:\Program Files\pb12\PowerBuilder 12.5\DotNET\webroot\Images\res\fn1474.bmp
D:\Program Files\pb12\PowerBuilder 12.5\DotNET\webroot\Images\res\fn1476.bmp
D:\Program Files\pb12\PowerBuilder 12.5\DotNET\webroot\Images\res\fn1478.bmp
D:\Program Files\pb12\PowerBuilder 12.5\DotNET\webroot\Images\res\fn1480.bmp
D:\Program Files\pb12\PowerBuilder 12.5\DotNET\webroot\Images\res\fn1482.bmp
D:\Program Files\pb12\PowerBuilder 12.5\DotNET\webroot\Images\res\fn1484.bmp
D:\Program Files\pb12\PowerBuilder 12.5\DotNET\webroot\Images\res\fn1486.bmp
D:\Program Files\pb12\PowerBuilder 12.5\DotNET\webroot\Images\res\fn1488.bmp
D:\Program Files\pb12\PowerBuilder 12.5\DotNET\webroot\Images\res\fn1490.bmp
D:\Program Files\pb12\PowerBuilder 12.5\DotNET\webroot\Images\res\fn1492.bmp
D:\Program Files\pb12\PowerBuilder 12.5\DotNET\webroot\Images\res\fn1496.bmp
D:\Program Files\pb12\PowerBuilder 12.5\DotNET\webroot\Images\res\fn1497.bmp
D:\Program Files\pb12\PowerBuilder 12.5\DotNET\webroot\Images\res\fn1498minusxp.bmp
D:\Program Files\pb12\PowerBuilder 12.5\DotNET\webroot\Images\res\fn1499plusxp.bmp
D:\Program Files\pb12\PowerBuilder 12.5\DotNET\webroot\Images\res\fn1546.bmp
D:\Program Files\pb12\PowerBuilder 12.5\DotNET\webroot\Images\res\fn1548.bmp
D:\Program Files\pb12\PowerBuilder 12.5\DotNET\webroot\Images\res\fn1550.bmp
D:\Program Files\pb12\PowerBuilder 12.5\DotNET\webroot\Images\res\fn1552.bmp
D:\Program Files\pb12\PowerBuilder 12.5\DotNET\webroot\Images\res\fn1610.bmp
D:\Program Files\pb12\PowerBuilder 12.5\DotNET\webroot\Images\res\fn1610.ico
D:\Program Files\pb12\PowerBuilder 12.5\DotNET\webroot\Images\res\fn1612.bmp
D:\Program Files\pb12\PowerBuilder 12.5\DotNET\webroot\Images\res\fn1614.bmp
D:\Program Files\pb12\PowerBuilder 12.5\DotNET\webroot\Images\res\fn1616.bmp
D:\Program Files\pb12\PowerBuilder 12.5\DotNET\webroot\Images\res\fn1618.bmp
D:\Program Files\pb12\PowerBuilder 12.5\DotNET\webroot\Images\res\fn1620.bmp
D:\Program Files\pb12\PowerBuilder 12.5\DotNET\webroot\Images\res\fn1622.bmp
D:\Program Files\pb12\PowerBuilder 12.5\DotNET\webroot\Images\res\fn1624.bmp
D:\Program Files\pb12\PowerBuilder 12.5\DotNET\webroot\Images\res\fn1626.bmp
D:\Program Files\pb12\PowerBuilder 12.5\DotNET\webroot\Images\res\fn1628.bmp
D:\Program Files\pb12\PowerBuilder 12.5\DotNET\webroot\Images\res\fn1630.bmp
D:\Program Files\pb12\PowerBuilder 12.5\DotNET\webroot\Images\res\fn1632.bmp
D:\Program Files\pb12\PowerBuilder 12.5\DotNET\webroot\Images\res\fn1634.bmp
D:\Program Files\pb12\PowerBuilder 12.5\DotNET\webroot\Images\res\fn1636.ico
D:\Program Files\pb12\PowerBuilder 12.5\DotNET\webroot\Images\res\fn1638.ico
D:\Program Files\pb12\PowerBuilder 12.5\DotNET\webroot\Images\res\fn1640.bmp
D:\Program Files\pb12\PowerBuilder 12.5\DotNET\webroot\Images\res\fn1674.bmp
D:\Program Files\pb12\PowerBuilder 12.5\DotNET\webroot\Images\res\fn1676.bmp
D:\Program Files\pb12\PowerBuilder 12.5\DotNET\webroot\Images\res\fn1678.bmp
D:\Program Files\pb12\PowerBuilder 12.5\DotNET\webroot\Images\res\fn1680.bmp
D:\Program Files\pb12\PowerBuilder 12.5\DotNET\webroot\Images\res\fn1682.bmp
D:\Program Files\pb12\PowerBuilder 12.5\DotNET\webroot\Images\res\fn1684.bmp
D:\Program Files\pb12\PowerBuilder 12.5\DotNET\webroot\Images\res\fn1686.bmp
D:\Program Files\pb12\PowerBuilder 12.5\DotNET\webroot\Images\res\fn1688.bmp
D:\Program Files\pb12\PowerBuilder 12.5\DotNET\webroot\Images\res\fn1690.bmp
D:\Program Files\pb12\PowerBuilder 12.5\DotNET\webroot\Images\res\fn1692.bmp
D:\Program Files\pb12\PowerBuilder 12.5\DotNET\webroot\Images\res\fn1694.bmp
D:\Program Files\pb12\PowerBuilder 12.5\DotNET\webroot\Images\res\fn1696.bmp
D:\Program Files\pb12\PowerBuilder 12.5\DotNET\webroot\Images\res\fn1698.bmp
D:\Program Files\pb12\PowerBuilder 12.5\DotNET\webroot\Images\res\fn1700.bmp
D:\Program Files\pb12\PowerBuilder 12.5\DotNET\webroot\Images\res\fn1702.bmp
D:\Program Files\pb12\PowerBuilder 12.5\DotNET\webroot\Images\res\fn1704.bmp
D:\Program Files\pb12\PowerBuilder 12.5\DotNET\webroot\Images\res\fn1706.bmp
D:\Program Files\pb12\PowerBuilder 12.5\DotNET\webroot\Images\res\fn1708.bmp
D:\Program Files\pb12\PowerBuilder 12.5\DotNET\webroot\Images\res\fn1738.bmp
D:\Program Files\pb12\PowerBuilder 12.5\DotNET\webroot\Images\res\fn1740.bmp
D:\Program Files\pb12\PowerBuilder 12.5\DotNET\webroot\Images\res\fn1742.bmp
D:\Program Files\pb12\PowerBuilder 12.5\DotNET\webroot\Images\res\fn1744.bmp
D:\Program Files\pb12\PowerBuilder 12.5\DotNET\webroot\Images\res\fn1746.bmp
D:\Program Files\pb12\PowerBuilder 12.5\DotNET\webroot\Images\res\fn1748.bmp
D:\Program Files\pb12\PowerBuilder 12.5\DotNET\webroot\Images\res\fn1750.bmp
D:\Program Files\pb12\PowerBuilder 12.5\DotNET\webroot\Images\res\fn1752.bmp
D:\Program Files\pb12\PowerBuilder 12.5\DotNET\webroot\Images\res\fn1754.bmp
D:\Program Files\pb12\PowerBuilder 12.5\DotNET\webroot\Images\res\fn1756.bmp
D:\Program Files\pb12\PowerBuilder 12.5\DotNET\webroot\Images\res\fn1760.bmp
D:\Program Files\pb12\PowerBuilder 12.5\DotNET\webroot\Images\res\fn1762.bmp
D:\Program Files\pb12\PowerBuilder 12.5\DotNET\webroot\Images\res\fn1764.bmp
D:\Program Files\pb12\PowerBuilder 12.5\DotNET\webroot\Images\res\fn1766.bmp
D:\Program Files\pb12\PowerBuilder 12.5\DotNET\webroot\Images\res\fn1768.bmp
D:\Program Files\pb12\PowerBuilder 12.5\DotNET\webroot\Images\res\fn1770.bmp
D:\Program Files\pb12\PowerBuilder 12.5\DotNET\webroot\Images\res\fn1772.bmp
D:\Program Files\pb12\PowerBuilder 12.5\DotNET\webroot\Images\res\fn1774.bmp
D:\Program Files\pb12\PowerBuilder 12.5\DotNET\webroot\Images\res\fn1776.bmp
D:\Program Files\pb12\PowerBuilder 12.5\DotNET\webroot\Images\res\fn1778.bmp
D:\Program Files\pb12\PowerBuilder 12.5\DotNET\webroot\Images\res\fn1780.bmp
D:\Program Files\pb12\PowerBuilder 12.5\DotNET\webroot\Images\res\fn1782.bmp
D:\Program Files\pb12\PowerBuilder 12.5\DotNET\webroot\Images\res\fn1784.bmp
D:\Program Files\pb12\PowerBuilder 12.5\DotNET\webroot\Images\res\fn1786.bmp
D:\Program Files\pb12\PowerBuilder 12.5\DotNET\webroot\Images\res\fn1788.bmp
D:\Program Files\pb12\PowerBuilder 12.5\DotNET\webroot\Images\res\fn1790.bmp
D:\Program Files\pb12\PowerBuilder 12.5\DotNET\webroot\Images\res\fn1792.bmp
D:\Program Files\pb12\PowerBuilder 12.5\DotNET\webroot\Images\res\fn1796.bmp
D:\Program Files\pb12\PowerBuilder 12.5\DotNET\webroot\Images\res\fn1798.bmp
D:\Program Files\pb12\PowerBuilder 12.5\DotNET\webroot\Images\res\fn1800.bmp
D:\Program Files\pb12\PowerBuilder 12.5\DotNET\webroot\Images\res\fn1802.bmp
D:\Program Files\pb12\PowerBuilder 12.5\DotNET\webroot\Images\res\fn1804.bmp
D:\Program Files\pb12\PowerBuilder 12.5\DotNET\webroot\Images\res\fn1806.bmp
D:\Program Files\pb12\PowerBuilder 12.5\DotNET\webroot\Images\res\fn1808.bmp
D:\Program Files\pb12\PowerBuilder 12.5\DotNET\webroot\Images\res\fn1810.bmp
D:\Program Files\pb12\PowerBuilder 12.5\DotNET\webroot\Images\res\fn1812.bmp
D:\Program Files\pb12\PowerBuilder 12.5\DotNET\webroot\Images\res\fn1816.bmp
D:\Program Files\pb12\PowerBuilder 12.5\DotNET\webroot\Images\res\fn1818.bmp
D:\Program Files\pb12\PowerBuilder 12.5\DotNET\webroot\Images\res\fn1850.bmp
D:\Program Files\pb12\PowerBuilder 12.5\DotNET\webroot\Images\res\fn1852.bmp
D:\Program Files\pb12\PowerBuilder 12.5\DotNET\webroot\Images\res\fn1854.bmp
D:\Program Files\pb12\PowerBuilder 12.5\DotNET\webroot\Images\res\fn1856.bmp
D:\Program Files\pb12\PowerBuilder 12.5\DotNET\webroot\Images\res\fn1858.bmp
D:\Program Files\pb12\PowerBuilder 12.5\DotNET\webroot\Images\res\fn1860.bmp
D:\Program Files\pb12\PowerBuilder 12.5\DotNET\webroot\Images\res\fn1862.bmp
D:\Program Files\pb12\PowerBuilder 12.5\DotNET\webroot\Images\res\fn1864.bmp
D:\Program Files\pb12\PowerBuilder 12.5\DotNET\webroot\Images\res\fn1866.bmp
D:\Program Files\pb12\PowerBuilder 12.5\DotNET\webroot\Images\res\fn1868.bmp
D:\Program Files\pb12\PowerBuilder 12.5\DotNET\webroot\Images\res\fn1934.bmp
D:\Program Files\pb12\PowerBuilder 12.5\DotNET\webroot\Images\res\fn1994.bmp
D:\Program Files\pb12\PowerBuilder 12.5\DotNET\webroot\Images\res\fn1996.bmp
D:\Program Files\pb12\PowerBuilder 12.5\DotNET\webroot\Images\res\fn1998.bmp
D:\Program Files\pb12\PowerBuilder 12.5\DotNET\webroot\Images\res\fn2000.bmp
D:\Program Files\pb12\PowerBuilder 12.5\DotNET\webroot\Images\res\fn2002.bmp
D:\Program Files\pb12\PowerBuilder 12.5\DotNET\webroot\Images\res\fn2004.bmp
D:\Program Files\pb12\PowerBuilder 12.5\DotNET\webroot\Images\res\fn2006.bmp
D:\Program Files\pb12\PowerBuilder 12.5\DotNET\webroot\Images\res\fn2122.bmp
D:\Program Files\pb12\PowerBuilder 12.5\DotNET\webroot\Images\res\fn2128.bmp
D:\Program Files\pb12\PowerBuilder 12.5\DotNET\webroot\Images\res\fn2130.bmp
D:\Program Files\pb12\PowerBuilder 12.5\DotNET\webroot\Images\res\fn2132.bmp
D:\Program Files\pb12\PowerBuilder 12.5\DotNET\webroot\Images\res\fn2134.bmp
D:\Program Files\pb12\PowerBuilder 12.5\DotNET\webroot\Images\res\fn2136.bmp
D:\Program Files\pb12\PowerBuilder 12.5\DotNET\webroot\Images\res\fn2140.bmp
D:\Program Files\pb12\PowerBuilder 12.5\DotNET\webroot\Images\res\fn2142.bmp
D:\Program Files\pb12\PowerBuilder 12.5\DotNET\webroot\Images\res\fn2144.bmp
D:\Program Files\pb12\PowerBuilder 12.5\DotNET\webroot\Images\res\fn2152.bmp
D:\Program Files\pb12\PowerBuilder 12.5\DotNET\webroot\Images\res\fn2156.bmp
D:\Program Files\pb12\PowerBuilder 12.5\DotNET\webroot\Images\res\fn2160.bmp
D:\Program Files\pb12\PowerBuilder 12.5\DotNET\webroot\Images\res\fn2164.bmp
D:\Program Files\pb12\PowerBuilder 12.5\DotNET\webroot\Images\res\fn2166.bmp
D:\Program Files\pb12\PowerBuilder 12.5\DotNET\webroot\Images\res\fn2168.bmp
D:\Program Files\pb12\PowerBuilder 12.5\DotNET\webroot\Images\res\fn2170.bmp
D:\Program Files\pb12\PowerBuilder 12.5\DotNET\webroot\Images\res\fn2172.bmp
D:\Program Files\pb12\PowerBuilder 12.5\DotNET\webroot\Images\res\fn2178.bmp
D:\Program Files\pb12\PowerBuilder 12.5\DotNET\webroot\Images\res\fn2282.bmp
D:\Program Files\pb12\PowerBuilder 12.5\DotNET\webroot\Images\res\fn2286.bmp
D:\Program Files\pb12\PowerBuilder 12.5\DotNET\webroot\Images\res\fn2288.bmp
D:\Program Files\pb12\PowerBuilder 12.5\DotNET\webroot\Images\res\fn2290.bmp
D:\Program Files\pb12\PowerBuilder 12.5\DotNET\webroot\Images\res\fn2292.bmp
D:\Program Files\pb12\PowerBuilder 12.5\DotNET\webroot\Images\res\fn2294.bmp
D:\Program Files\pb12\PowerBuilder 12.5\DotNET\webroot\Images\res\fn2298.bmp
D:\Program Files\pb12\PowerBuilder 12.5\DotNET\webroot\Images\res\fn2300.bmp
D:\Program Files\pb12\PowerBuilder 12.5\DotNET\webroot\Images\res\fn2348.bmp
D:\Program Files\pb12\PowerBuilder 12.5\DotNET\webroot\Images\res\fn2410.bmp
D:\Program Files\pb12\PowerBuilder 12.5\DotNET\webroot\Images\res\fn2412.bmp
D:\Program Files\pb12\PowerBuilder 12.5\DotNET\webroot\Images\res\fn2414.bmp
D:\Program Files\pb12\PowerBuilder 12.5\DotNET\webroot\Images\res\fn2416.bmp
D:\Program Files\pb12\PowerBuilder 12.5\DotNET\webroot\Images\res\fn2418.bmp
D:\Program Files\pb12\PowerBuilder 12.5\DotNET\webroot\Images\res\fn2420.bmp
D:\Program Files\pb12\PowerBuilder 12.5\DotNET\webroot\Images\res\fn2422.bmp
D:\Program Files\pb12\PowerBuilder 12.5\DotNET\webroot\Images\res\fn2424.bmp
D:\Program Files\pb12\PowerBuilder 12.5\DotNET\webroot\Images\res\fn2426.bmp
D:\Program Files\pb12\PowerBuilder 12.5\DotNET\webroot\Images\res\fn2428.bmp
D:\Program Files\pb12\PowerBuilder 12.5\DotNET\webroot\Images\res\fn2430.bmp
D:\Program Files\pb12\PowerBuilder 12.5\DotNET\webroot\Images\res\fn2432.bmp
D:\Program Files\pb12\PowerBuilder 12.5\DotNET\webroot\Images\res\fn2434.bmp
D:\Program Files\pb12\PowerBuilder 12.5\DotNET\webroot\Images\res\fn2436.bmp
D:\Program Files\pb12\PowerBuilder 12.5\DotNET\webroot\Images\res\fn2438.bmp
D:\Program Files\pb12\PowerBuilder 12.5\DotNET\webroot\Images\res\fn2440.bmp
D:\Program Files\pb12\PowerBuilder 12.5\DotNET\webroot\Images\res\fn2442.bmp
D:\Program Files\pb12\PowerBuilder 12.5\DotNET\webroot\Images\res\fn2444.bmp
D:\Program Files\pb12\PowerBuilder 12.5\DotNET\webroot\Images\res\fn2446.bmp
D:\Program Files\pb12\PowerBuilder 12.5\DotNET\webroot\Images\res\fn2448.bmp
D:\Program Files\pb12\PowerBuilder 12.5\DotNET\webroot\Images\res\fn2450.bmp
D:\Program Files\pb12\PowerBuilder 12.5\DotNET\webroot\Images\res\fn2452.bmp
D:\Program Files\pb12\PowerBuilder 12.5\DotNET\webroot\Images\res\fn2454.bmp
D:\Program Files\pb12\PowerBuilder 12.5\DotNET\webroot\Images\res\fn2456.bmp
D:\Program Files\pb12\PowerBuilder 12.5\DotNET\webroot\Images\res\fn2458.bmp
D:\Program Files\pb12\PowerBuilder 12.5\DotNET\webroot\Images\res\fn2460.bmp
D:\Program Files\pb12\PowerBuilder 12.5\DotNET\webroot\Images\res\fn2462.bmp
D:\Program Files\pb12\PowerBuilder 12.5\DotNET\webroot\Images\res\fn2464.bmp
D:\Program Files\pb12\PowerBuilder 12.5\DotNET\webroot\Images\res\fn2466.bmp
D:\Program Files\pb12\PowerBuilder 12.5\DotNET\webroot\Images\res\fn2468.bmp
D:\Program Files\pb12\PowerBuilder 12.5\DotNET\webroot\Images\res\fn2470.bmp
D:\Program Files\pb12\PowerBuilder 12.5\DotNET\webroot\Images\res\fn2472.bmp
D:\Program Files\pb12\PowerBuilder 12.5\DotNET\webroot\Images\res\fn2474.bmp
D:\Program Files\pb12\PowerBuilder 12.5\DotNET\webroot\Images\res\fn2476.bmp
D:\Program Files\pb12\PowerBuilder 12.5\DotNET\webroot\Images\res\fn2478.bmp
D:\Program Files\pb12\PowerBuilder 12.5\DotNET\webroot\Images\res\fn2480.bmp
D:\Program Files\pb12\PowerBuilder 12.5\DotNET\webroot\Images\res\fn2482.bmp
D:\Program Files\pb12\PowerBuilder 12.5\DotNET\webroot\Images\res\fn2484.bmp
D:\Program Files\pb12\PowerBuilder 12.5\DotNET\webroot\Images\res\fn2486.bmp
D:\Program Files\pb12\PowerBuilder 12.5\DotNET\webroot\Images\res\fn2488.bmp
D:\Program Files\pb12\PowerBuilder 12.5\DotNET\webroot\Images\res\fn2490.bmp
D:\Program Files\pb12\PowerBuilder 12.5\DotNET\webroot\Images\res\fn2492.bmp
D:\Program Files\pb12\PowerBuilder 12.5\DotNET\webroot\Images\res\fn2494.bmp
D:\Program Files\pb12\PowerBuilder 12.5\DotNET\webroot\Images\res\fn2496.bmp
D:\Program Files\pb12\PowerBuilder 12.5\DotNET\webroot\Images\res\fn2498.bmp
D:\Program Files\pb12\PowerBuilder 12.5\DotNET\webroot\Images\res\fn2500.bmp
D:\Program Files\pb12\PowerBuilder 12.5\DotNET\webroot\Images\res\fn2502.bmp
D:\Program Files\pb12\PowerBuilder 12.5\DotNET\webroot\Images\res\fn2504.bmp
D:\Program Files\pb12\PowerBuilder 12.5\DotNET\webroot\Images\res\fn2506.bmp
D:\Program Files\pb12\PowerBuilder 12.5\DotNET\webroot\Images\res\fn2508.bmp
D:\Program Files\pb12\PowerBuilder 12.5\DotNET\webroot\Images\res\fn2510.bmp
D:\Program Files\pb12\PowerBuilder 12.5\DotNET\webroot\Images\res\fn2512.bmp
D:\Program Files\pb12\PowerBuilder 12.5\DotNET\webroot\Images\res\fn2514.bmp
D:\Program Files\pb12\PowerBuilder 12.5\DotNET\webroot\Images\res\fn2516.bmp
D:\Program Files\pb12\PowerBuilder 12.5\DotNET\webroot\Images\res\fn2518.bmp
D:\Program Files\pb12\PowerBuilder 12.5\DotNET\webroot\Images\res\fn2520.bmp
D:\Program Files\pb12\PowerBuilder 12.5\DotNET\webroot\Images\res\fn2522.bmp
D:\Program Files\pb12\PowerBuilder 12.5\DotNET\webroot\Images\res\fn2524.bmp
D:\Program Files\pb12\PowerBuilder 12.5\DotNET\webroot\Images\res\fn2526.bmp
D:\Program Files\pb12\PowerBuilder 12.5\DotNET\webroot\Images\res\fn2528.bmp
D:\Program Files\pb12\PowerBuilder 12.5\DotNET\webroot\Images\res\fn2530.bmp
D:\Program Files\pb12\PowerBuilder 12.5\DotNET\webroot\Images\res\fn2532.bmp
D:\Program Files\pb12\PowerBuilder 12.5\DotNET\webroot\Images\res\fn2534.bmp
D:\Program Files\pb12\PowerBuilder 12.5\DotNET\webroot\Images\res\fn2536.bmp
D:\Program Files\pb12\PowerBuilder 12.5\DotNET\webroot\Images\res\fn2538.bmp
D:\Program Files\pb12\PowerBuilder 12.5\DotNET\webroot\Images\res\fn2540.bmp
D:\Program Files\pb12\PowerBuilder 12.5\DotNET\webroot\Images\res\fn2542.bmp
D:\Program Files\pb12\PowerBuilder 12.5\DotNET\webroot\Images\res\fn2544.bmp
D:\Program Files\pb12\PowerBuilder 12.5\DotNET\webroot\Images\res\fn2546.bmp
D:\Program Files\pb12\PowerBuilder 12.5\DotNET\webroot\Images\res\fn2548.bmp
D:\Program Files\pb12\PowerBuilder 12.5\DotNET\webroot\Images\res\fn2550.bmp
D:\Program Files\pb12\PowerBuilder 12.5\DotNET\webroot\Images\res\fn2552.bmp
D:\Program Files\pb12\PowerBuilder 12.5\DotNET\webroot\Images\res\fn2554.bmp
D:\Program Files\pb12\PowerBuilder 12.5\DotNET\webroot\Images\res\fn2556.bmp
D:\Program Files\pb12\PowerBuilder 12.5\DotNET\webroot\Images\res\fn2558.bmp
D:\Program Files\pb12\PowerBuilder 12.5\DotNET\webroot\Images\res\fn2560.bmp
D:\Program Files\pb12\PowerBuilder 12.5\DotNET\webroot\Images\res\fn2562.bmp
D:\Program Files\pb12\PowerBuilder 12.5\DotNET\webroot\Images\res\fn2564.bmp
D:\Program Files\pb12\PowerBuilder 12.5\DotNET\webroot\Images\res\fn2566.bmp
D:\Program Files\pb12\PowerBuilder 12.5\DotNET\webroot\Images\res\fn2568.bmp
D:\Program Files\pb12\PowerBuilder 12.5\DotNET\webroot\Images\res\fn2570.bmp
D:\Program Files\pb12\PowerBuilder 12.5\DotNET\webroot\Images\res\fn2572.bmp
D:\Program Files\pb12\PowerBuilder 12.5\DotNET\webroot\Images\res\fn2574.bmp
D:\Program Files\pb12\PowerBuilder 12.5\DotNET\webroot\Images\res\fn2576.bmp
D:\Program Files\pb12\PowerBuilder 12.5\DotNET\webroot\Images\res\fn2578.bmp
D:\Program Files\pb12\PowerBuilder 12.5\DotNET\webroot\Images\res\fn2580.bmp
D:\Program Files\pb12\PowerBuilder 12.5\DotNET\webroot\Images\res\fn2582.bmp
D:\Program Files\pb12\PowerBuilder 12.5\DotNET\webroot\Images\res\fn2584.bmp
D:\Program Files\pb12\PowerBuilder 12.5\DotNET\webroot\Images\res\fn2586.bmp
D:\Program Files\pb12\PowerBuilder 12.5\DotNET\webroot\Images\res\fn2588.bmp
D:\Program Files\pb12\PowerBuilder 12.5\DotNET\webroot\Images\res\fn2590.bmp
D:\Program Files\pb12\PowerBuilder 12.5\DotNET\webroot\Images\res\fn2592.bmp
D:\Program Files\pb12\PowerBuilder 12.5\DotNET\webroot\Images\res\fn2594.bmp
D:\Program Files\pb12\PowerBuilder 12.5\DotNET\webroot\Images\res\fn2596.bmp
D:\Program Files\pb12\PowerBuilder 12.5\DotNET\webroot\Images\res\fn2598.bmp
D:\Program Files\pb12\PowerBuilder 12.5\DotNET\webroot\Images\res\fn2600.bmp
D:\Program Files\pb12\PowerBuilder 12.5\DotNET\webroot\Images\res\fn2602.bmp
D:\Program Files\pb12\PowerBuilder 12.5\DotNET\webroot\Images\res\fn2604.bmp
D:\Program Files\pb12\PowerBuilder 12.5\DotNET\webroot\Images\res\fn2606.bmp
D:\Program Files\pb12\PowerBuilder 12.5\DotNET\webroot\Images\res\fn2608.bmp
D:\Program Files\pb12\PowerBuilder 12.5\DotNET\webroot\Images\res\fn2610.bmp
D:\Program Files\pb12\PowerBuilder 12.5\DotNET\webroot\Images\res\fn2668.bmp
D:\Program Files\pb12\PowerBuilder 12.5\DotNET\webroot\Images\res\fn2670.bmp
D:\Program Files\pb12\PowerBuilder 12.5\DotNET\webroot\Images\res\fn2672.bmp
D:\Program Files\pb12\PowerBuilder 12.5\DotNET\webroot\Images\res\fn2674.bmp
D:\Program Files\pb12\PowerBuilder 12.5\DotNET\webroot\Images\res\fn2676.bmp
D:\Program Files\pb12\PowerBuilder 12.5\DotNET\webroot\Images\res\fn2678.bmp
D:\Program Files\pb12\PowerBuilder 12.5\DotNET\webroot\Images\res\fn2680.bmp
D:\Program Files\pb12\PowerBuilder 12.5\DotNET\webroot\Images\res\fn2682.bmp
D:\Program Files\pb12\PowerBuilder 12.5\DotNET\webroot\Images\res\fn2684.bmp
D:\Program Files\pb12\PowerBuilder 12.5\DotNET\webroot\Images\res\fn2686.bmp
D:\Program Files\pb12\PowerBuilder 12.5\DotNET\webroot\Images\res\fn2688.bmp
D:\Program Files\pb12\PowerBuilder 12.5\DotNET\webroot\Images\res\fn2690.bmp
D:\Program Files\pb12\PowerBuilder 12.5\DotNET\webroot\Images\res\fn2692.bmp
D:\Program Files\pb12\PowerBuilder 12.5\DotNET\webroot\Images\res\fn2694.bmp
D:\Program Files\pb12\PowerBuilder 12.5\DotNET\webroot\Images\res\fn2696.bmp
D:\Program Files\pb12\PowerBuilder 12.5\DotNET\webroot\Images\res\fn2698.bmp
D:\Program Files\pb12\PowerBuilder 12.5\DotNET\webroot\Images\res\fn2700.bmp
D:\Program Files\pb12\PowerBuilder 12.5\DotNET\webroot\Images\res\fn2702.bmp
D:\Program Files\pb12\PowerBuilder 12.5\DotNET\webroot\Images\res\fn2704.bmp
D:\Program Files\pb12\PowerBuilder 12.5\DotNET\webroot\Images\res\fn2706.bmp
D:\Program Files\pb12\PowerBuilder 12.5\DotNET\webroot\Images\res\fn2708.bmp
D:\Program Files\pb12\PowerBuilder 12.5\DotNET\webroot\Images\res\fn2710.bmp
D:\Program Files\pb12\PowerBuilder 12.5\DotNET\webroot\Images\res\fn2712.bmp
D:\Program Files\pb12\PowerBuilder 12.5\DotNET\webroot\Images\res\fn2714.bmp
D:\Program Files\pb12\PowerBuilder 12.5\DotNET\webroot\Images\res\fn2716.bmp
D:\Program Files\pb12\PowerBuilder 12.5\DotNET\webroot\Images\res\fn2718.bmp
D:\Program Files\pb12\PowerBuilder 12.5\DotNET\webroot\Images\res\fn2720.bmp
D:\Program Files\pb12\PowerBuilder 12.5\DotNET\webroot\Images\res\fn2722.bmp
D:\Program Files\pb12\PowerBuilder 12.5\DotNET\webroot\Images\res\fn2724.bmp
D:\Program Files\pb12\PowerBuilder 12.5\DotNET\webroot\Images\res\fn2726.bmp
D:\Program Files\pb12\PowerBuilder 12.5\DotNET\webroot\Images\res\fn2728.bmp
D:\Program Files\pb12\PowerBuilder 12.5\DotNET\webroot\Images\res\fn2730.bmp
D:\Program Files\pb12\PowerBuilder 12.5\DotNET\webroot\Images\res\fn2732.bmp
D:\Program Files\pb12\PowerBuilder 12.5\DotNET\webroot\Images\res\fn2734.bmp
D:\Program Files\pb12\PowerBuilder 12.5\DotNET\webroot\Images\res\fn2736.bmp
D:\Program Files\pb12\PowerBuilder 12.5\DotNET\webroot\Images\res\fn2738.bmp
D:\Program Files\pb12\PowerBuilder 12.5\DotNET\webroot\Images\res\fn2740.bmp
D:\Program Files\pb12\PowerBuilder 12.5\DotNET\webroot\Images\res\fn2742.bmp
D:\Program Files\pb12\PowerBuilder 12.5\DotNET\webroot\Images\res\fn2744.bmp
D:\Program Files\pb12\PowerBuilder 12.5\DotNET\webroot\Images\res\fn2746.bmp
D:\Program Files\pb12\PowerBuilder 12.5\DotNET\webroot\Images\res\fn2748.bmp
D:\Program Files\pb12\PowerBuilder 12.5\DotNET\webroot\Images\res\fn2750.bmp
D:\Program Files\pb12\PowerBuilder 12.5\DotNET\webroot\Images\res\fn2752.bmp
D:\Program Files\pb12\PowerBuilder 12.5\DotNET\webroot\Images\res\fn2754.bmp
D:\Program Files\pb12\PowerBuilder 12.5\DotNET\webroot\Images\res\fn2756.bmp
D:\Program Files\pb12\PowerBuilder 12.5\DotNET\webroot\Images\res\fn2758.bmp
D:\Program Files\pb12\PowerBuilder 12.5\DotNET\webroot\Images\res\fn2760.bmp
D:\Program Files\pb12\PowerBuilder 12.5\DotNET\webroot\Images\res\fn2762.bmp
D:\Program Files\pb12\PowerBuilder 12.5\DotNET\webroot\Images\res\fn2764.bmp
D:\Program Files\pb12\PowerBuilder 12.5\DotNET\webroot\Images\res\fn2766.bmp
D:\Program Files\pb12\PowerBuilder 12.5\DotNET\webroot\Images\res\fn2768.bmp
D:\Program Files\pb12\PowerBuilder 12.5\DotNET\webroot\Images\res\fn2770.bmp
D:\Program Files\pb12\PowerBuilder 12.5\DotNET\webroot\Images\res\fn2772.bmp
D:\Program Files\pb12\PowerBuilder 12.5\DotNET\webroot\Images\res\fn2774.bmp
D:\Program Files\pb12\PowerBuilder 12.5\DotNET\webroot\Images\res\fn2776.bmp
D:\Program Files\pb12\PowerBuilder 12.5\DotNET\webroot\Images\res\fn2778.bmp
D:\Program Files\pb12\PowerBuilder 12.5\DotNET\webroot\Images\res\fn2780.bmp
D:\Program Files\pb12\PowerBuilder 12.5\DotNET\webroot\Images\res\fn2782.bmp
D:\Program Files\pb12\PowerBuilder 12.5\DotNET\webroot\Images\res\fn2784.bmp
D:\Program Files\pb12\PowerBuilder 12.5\DotNET\webroot\Images\res\fn2786.bmp
D:\Program Files\pb12\PowerBuilder 12.5\DotNET\webroot\Images\res\fn2788.bmp
D:\Program Files\pb12\PowerBuilder 12.5\DotNET\webroot\Images\res\fn2790.bmp
D:\Program Files\pb12\PowerBuilder 12.5\DotNET\webroot\Images\res\fn2792.bmp
D:\Program Files\pb12\PowerBuilder 12.5\DotNET\webroot\Images\res\fn2794.bmp
D:\Program Files\pb12\PowerBuilder 12.5\DotNET\webroot\Images\res\fn2796.bmp
D:\Program Files\pb12\PowerBuilder 12.5\DotNET\webroot\Images\res\fn2798.bmp
D:\Program Files\pb12\PowerBuilder 12.5\DotNET\webroot\Images\res\fn2800.bmp
D:\Program Files\pb12\PowerBuilder 12.5\DotNET\webroot\Images\res\fn2802.bmp
D:\Program Files\pb12\PowerBuilder 12.5\DotNET\webroot\Images\res\fn2804.bmp
D:\Program Files\pb12\PowerBuilder 12.5\DotNET\webroot\Images\res\fn2806.bmp
D:\Program Files\pb12\PowerBuilder 12.5\DotNET\webroot\Images\res\fn2808.bmp
D:\Program Files\pb12\PowerBuilder 12.5\DotNET\webroot\Images\res\fn2810.bmp
D:\Program Files\pb12\PowerBuilder 12.5\DotNET\webroot\Images\res\fn2812.bmp
D:\Program Files\pb12\PowerBuilder 12.5\DotNET\webroot\Images\res\fn2814.bmp
D:\Program Files\pb12\PowerBuilder 12.5\DotNET\webroot\Images\res\fn2816.bmp
D:\Program Files\pb12\PowerBuilder 12.5\DotNET\webroot\Images\res\fn2818.bmp
D:\Program Files\pb12\PowerBuilder 12.5\DotNET\webroot\Images\res\fn2820.bmp
D:\Program Files\pb12\PowerBuilder 12.5\DotNET\webroot\Images\res\fn2822.bmp
D:\Program Files\pb12\PowerBuilder 12.5\DotNET\webroot\Images\res\fn2824.bmp
D:\Program Files\pb12\PowerBuilder 12.5\DotNET\webroot\Images\res\fn2826.bmp
D:\Program Files\pb12\PowerBuilder 12.5\DotNET\webroot\Images\res\fn2828.bmp
D:\Program Files\pb12\PowerBuilder 12.5\DotNET\webroot\Images\res\fn2830.bmp
D:\Program Files\pb12\PowerBuilder 12.5\DotNET\webroot\Images\res\fn2832.bmp
D:\Program Files\pb12\PowerBuilder 12.5\DotNET\webroot\Images\res\fn2834.bmp
D:\Program Files\pb12\PowerBuilder 12.5\DotNET\webroot\Images\res\fn2836.bmp
D:\Program Files\pb12\PowerBuilder 12.5\DotNET\webroot\Images\res\fn2838.bmp
D:\Program Files\pb12\PowerBuilder 12.5\DotNET\webroot\Images\res\fn2840.bmp
D:\Program Files\pb12\PowerBuilder 12.5\DotNET\webroot\Images\res\fn2842.bmp
D:\Program Files\pb12\PowerBuilder 12.5\DotNET\webroot\Images\res\fn2844.bmp
D:\Program Files\pb12\PowerBuilder 12.5\DotNET\webroot\Images\res\fn2846.bmp
D:\Program Files\pb12\PowerBuilder 12.5\DotNET\webroot\Images\res\fn2848.bmp
D:\Program Files\pb12\PowerBuilder 12.5\DotNET\webroot\Images\res\fn2850.bmp
D:\Program Files\pb12\PowerBuilder 12.5\DotNET\webroot\Images\res\fn2852.bmp
D:\Program Files\pb12\PowerBuilder 12.5\DotNET\webroot\Images\res\fn2854.bmp
D:\Program Files\pb12\PowerBuilder 12.5\DotNET\webroot\Images\res\fn2856.bmp
D:\Program Files\pb12\PowerBuilder 12.5\DotNET\webroot\Images\res\fn2858.bmp
D:\Program Files\pb12\PowerBuilder 12.5\DotNET\webroot\Images\res\fn2860.bmp
D:\Program Files\pb12\PowerBuilder 12.5\DotNET\webroot\Images\res\fn2862.bmp
D:\Program Files\pb12\PowerBuilder 12.5\DotNET\webroot\Images\res\fn2864.bmp
D:\Program Files\pb12\PowerBuilder 12.5\DotNET\webroot\Images\res\fn2866.bmp
D:\Program Files\pb12\PowerBuilder 12.5\DotNET\webroot\Images\res\fn2868.bmp
D:\Program Files\pb12\PowerBuilder 12.5\DotNET\webroot\Images\res\fn2870.bmp
D:\Program Files\pb12\PowerBuilder 12.5\DotNET\webroot\Images\res\fn2872.bmp
D:\Program Files\pb12\PowerBuilder 12.5\DotNET\webroot\Images\res\fn2874.bmp
D:\Program Files\pb12\PowerBuilder 12.5\DotNET\webroot\Images\res\fn2876.bmp
D:\Program Files\pb12\PowerBuilder 12.5\DotNET\webroot\Images\res\fn2878.bmp
D:\Program Files\pb12\PowerBuilder 12.5\DotNET\webroot\Images\res\fn2880.bmp
D:\Program Files\pb12\PowerBuilder 12.5\DotNET\webroot\Images\res\fn2882.bmp
D:\Program Files\pb12\PowerBuilder 12.5\DotNET\webroot\Images\res\fn2884.bmp
D:\Program Files\pb12\PowerBuilder 12.5\DotNET\webroot\Images\res\fn2886.bmp
D:\Program Files\pb12\PowerBuilder 12.5\DotNET\webroot\Images\res\fn2888.bmp
D:\Program Files\pb12\PowerBuilder 12.5\DotNET\webroot\Images\res\fn2890.bmp
D:\Program Files\pb12\PowerBuilder 12.5\DotNET\webroot\Images\res\fn2892.bmp
D:\Program Files\pb12\PowerBuilder 12.5\DotNET\webroot\Images\res\fn2894.bmp
D:\Program Files\pb12\PowerBuilder 12.5\DotNET\webroot\Images\res\fn2896.bmp
D:\Program Files\pb12\PowerBuilder 12.5\DotNET\webroot\Images\res\fn2898.bmp
D:\Program Files\pb12\PowerBuilder 12.5\DotNET\webroot\Images\res\fn2900.bmp
D:\Program Files\pb12\PowerBuilder 12.5\DotNET\webroot\Images\res\fn2902.bmp
D:\Program Files\pb12\PowerBuilder 12.5\DotNET\webroot\Images\res\fn2904.bmp
D:\Program Files\pb12\PowerBuilder 12.5\DotNET\webroot\Images\res\fn2906.bmp
D:\Program Files\pb12\PowerBuilder 12.5\DotNET\webroot\Images\res\fn2908.bmp
D:\Program Files\pb12\PowerBuilder 12.5\DotNET\webroot\Images\res\fn2911.bmp
D:\Program Files\pb12\PowerBuilder 12.5\DotNET\webroot\Images\res\fn2912.bmp
D:\Program Files\pb12\PowerBuilder 12.5\DotNET\webroot\Images\res\fn2913.bmp
D:\Program Files\pb12\PowerBuilder 12.5\DotNET\webroot\Images\res\fn2914.bmp
D:\Program Files\pb12\PowerBuilder 12.5\DotNET\webroot\Images\res\fn2915.bmp
D:\Program Files\pb12\PowerBuilder 12.5\DotNET\webroot\Images\res\fn2916.bmp
D:\Program Files\pb12\PowerBuilder 12.5\DotNET\webroot\Images\res\fn2917.bmp
D:\Program Files\pb12\PowerBuilder 12.5\DotNET\webroot\Images\res\fn2918.bmp
D:\Program Files\pb12\PowerBuilder 12.5\DotNET\webroot\Images\res\fn2919.bmp
D:\Program Files\pb12\PowerBuilder 12.5\DotNET\webroot\Images\res\fn2920.bmp
D:\Program Files\pb12\PowerBuilder 12.5\DotNET\webroot\Images\res\fn2921.bmp
D:\Program Files\pb12\PowerBuilder 12.5\DotNET\webroot\Images\res\fn2922.bmp
D:\Program Files\pb12\PowerBuilder 12.5\DotNET\webroot\Images\res\fn2923.bmp
D:\Program Files\pb12\PowerBuilder 12.5\DotNET\webroot\Images\res\fn2924.bmp
D:\Program Files\pb12\PowerBuilder 12.5\DotNET\webroot\Images\res\fn2926.bmp
D:\Program Files\pb12\PowerBuilder 12.5\DotNET\webroot\Images\res\fn2928.ico
D:\Program Files\pb12\PowerBuilder 12.5\DotNET\webroot\Images\res\fn2930.ico
D:\Program Files\pb12\PowerBuilder 12.5\DotNET\webroot\Images\res\fn3000.bmp
D:\Program Files\pb12\PowerBuilder 12.5\DotNET\webroot\Images\res\fn3001.bmp
D:\Program Files\pb12\PowerBuilder 12.5\DotNET\webroot\Images\res\fn3002.bmp
D:\Program Files\pb12\PowerBuilder 12.5\DotNET\webroot\Images\res\fn3003.bmp
D:\Program Files\pb12\PowerBuilder 12.5\DotNET\webroot\Images\res\fn3004.bmp
D:\Program Files\pb12\PowerBuilder 12.5\DotNET\webroot\Images\res\fn3005.bmp
D:\Program Files\pb12\PowerBuilder 12.5\DotNET\webroot\Images\res\fn3006.bmp
D:\Program Files\pb12\PowerBuilder 12.5\DotNET\webroot\Images\res\fn3007.bmp
D:\Program Files\pb12\PowerBuilder 12.5\DotNET\webroot\Images\res\fn3008.bmp
D:\Program Files\pb12\PowerBuilder 12.5\DotNET\webroot\Images\res\fn3009.bmp
D:\Program Files\pb12\PowerBuilder 12.5\DotNET\webroot\Images\res\fn3010.bmp
D:\Program Files\pb12\PowerBuilder 12.5\DotNET\webroot\Images\res\fn3011.bmp
D:\Program Files\pb12\PowerBuilder 12.5\DotNET\webroot\Images\res\fn3012.bmp
D:\Program Files\pb12\PowerBuilder 12.5\DotNET\webroot\Images\res\fn3013.bmp
D:\Program Files\pb12\PowerBuilder 12.5\DotNET\webroot\Images\res\fn3014.bmp
D:\Program Files\pb12\PowerBuilder 12.5\DotNET\webroot\Images\res\fn3015.bmp
D:\Program Files\pb12\PowerBuilder 12.5\DotNET\webroot\Images\res\fn3016.bmp
D:\Program Files\pb12\PowerBuilder 12.5\DotNET\webroot\Images\res\fnappend.bmp
D:\Program Files\pb12\PowerBuilder 12.5\DotNET\webroot\Images\res\fndddn.bmp
D:\Program Files\pb12\PowerBuilder 12.5\DotNET\webroot\Images\res\fnddup.bmp
D:\Program Files\pb12\PowerBuilder 12.5\DotNET\webroot\Images\res\fndither.bmp
D:\Program Files\pb12\PowerBuilder 12.5\DotNET\webroot\Images\res\fndragno.ico
D:\Program Files\pb12\PowerBuilder 12.5\DotNET\webroot\Images\res\fnhand.cur
D:\Program Files\pb12\PowerBuilder 12.5\DotNET\webroot\Images\res\fnmask.bmp
D:\Program Files\pb12\PowerBuilder 12.5\DotNET\webroot\Images\res\fnruler.bmp
D:\Program Files\pb12\PowerBuilder 12.5\DotNET\webroot\Images\res\fntooldn.bmp
D:\Program Files\pb12\PowerBuilder 12.5\DotNET\webroot\Images\res\fntoolup.bmp
D:\Program Files\pb12\PowerBuilder 12.5\DotNET\webroot\Images\res\hourglass.bmp
D:\Program Files\pb12\PowerBuilder 12.5\DotNET\webroot\Images\res\hyperlink.bmp
D:\Program Files\pb12\PowerBuilder 12.5\DotNET\webroot\Images\res\icon.bmp
D:\Program Files\pb12\PowerBuilder 12.5\DotNET\webroot\Images\res\information.ico
D:\Program Files\pb12\PowerBuilder 12.5\DotNET\webroot\Images\res\jagcomp.bmp
D:\Program Files\pb12\PowerBuilder 12.5\DotNET\webroot\Images\res\jagfldrs.bmp
D:\Program Files\pb12\PowerBuilder 12.5\DotNET\webroot\Images\res\jagpack.bmp
D:\Program Files\pb12\PowerBuilder 12.5\DotNET\webroot\Images\res\jagserv.bmp
D:\Program Files\pb12\PowerBuilder 12.5\DotNET\webroot\Images\res\jpgchkdd.bmp
D:\Program Files\pb12\PowerBuilder 12.5\DotNET\webroot\Images\res\jpgchked.bmp
D:\Program Files\pb12\PowerBuilder 12.5\DotNET\webroot\Images\res\line2d.ico
D:\Program Files\pb12\PowerBuilder 12.5\DotNET\webroot\Images\res\line3d.ico
D:\Program Files\pb12\PowerBuilder 12.5\DotNET\webroot\Images\res\meta.bmp
D:\Program Files\pb12\PowerBuilder 12.5\DotNET\webroot\Images\res\no.bmp
D:\Program Files\pb12\PowerBuilder 12.5\DotNET\webroot\Images\res\owactvx.ico
D:\Program Files\pb12\PowerBuilder 12.5\DotNET\webroot\Images\res\owapp.ico
D:\Program Files\pb12\PowerBuilder 12.5\DotNET\webroot\Images\res\owappsrv.ico
D:\Program Files\pb12\PowerBuilder 12.5\DotNET\webroot\Images\res\owapptpl.ico
D:\Program Files\pb12\PowerBuilder 12.5\DotNET\webroot\Images\res\owauto.ico
D:\Program Files\pb12\PowerBuilder 12.5\DotNET\webroot\Images\res\owcom.ico
D:\Program Files\pb12\PowerBuilder 12.5\DotNET\webroot\Images\res\owjag.ico
D:\Program Files\pb12\PowerBuilder 12.5\DotNET\webroot\Images\res\padata.bmp
D:\Program Files\pb12\PowerBuilder 12.5\DotNET\webroot\Images\res\PB.exe.manifest
D:\Program Files\pb12\PowerBuilder 12.5\DotNET\webroot\Images\res\pbcdrag.cur
D:\Program Files\pb12\PowerBuilder 12.5\DotNET\webroot\Images\res\pbcross.bmp
D:\Program Files\pb12\PowerBuilder 12.5\DotNET\webroot\Images\res\pbdpp.ico
D:\Program Files\pb12\PowerBuilder 12.5\DotNET\webroot\Images\res\pbewizd.ico
D:\Program Files\pb12\PowerBuilder 12.5\DotNET\webroot\Images\res\pbewize.ico
D:\Program Files\pb12\PowerBuilder 12.5\DotNET\webroot\Images\res\pbewizm.ico
D:\Program Files\pb12\PowerBuilder 12.5\DotNET\webroot\Images\res\pbewizq.ico
D:\Program Files\pb12\PowerBuilder 12.5\DotNET\webroot\Images\res\pbewizv.ico
D:\Program Files\pb12\PowerBuilder 12.5\DotNET\webroot\Images\res\pbhyp.ico
D:\Program Files\pb12\PowerBuilder 12.5\DotNET\webroot\Images\res\pbprfont.bmp
D:\Program Files\pb12\PowerBuilder 12.5\DotNET\webroot\Images\res\pbqcksel.ico
D:\Program Files\pb12\PowerBuilder 12.5\DotNET\webroot\Images\res\pbqry.ico
D:\Program Files\pb12\PowerBuilder 12.5\DotNET\webroot\Images\res\pbttfont.bmp
D:\Program Files\pb12\PowerBuilder 12.5\DotNET\webroot\Images\res\pb_b_dn.bmp
D:\Program Files\pb12\PowerBuilder 12.5\DotNET\webroot\Images\res\pb_b_up.bmp
D:\Program Files\pb12\PowerBuilder 12.5\DotNET\webroot\Images\res\pb_c_dn.bmp
D:\Program Files\pb12\PowerBuilder 12.5\DotNET\webroot\Images\res\pb_c_up.bmp
D:\Program Files\pb12\PowerBuilder 12.5\DotNET\webroot\Images\res\pb_i_dn.bmp
D:\Program Files\pb12\PowerBuilder 12.5\DotNET\webroot\Images\res\pb_i_up.bmp
D:\Program Files\pb12\PowerBuilder 12.5\DotNET\webroot\Images\res\pb_l_dn.bmp
D:\Program Files\pb12\PowerBuilder 12.5\DotNET\webroot\Images\res\pb_l_up.bmp
D:\Program Files\pb12\PowerBuilder 12.5\DotNET\webroot\Images\res\pb_r_dn.bmp
D:\Program Files\pb12\PowerBuilder 12.5\DotNET\webroot\Images\res\pb_r_up.bmp
D:\Program Files\pb12\PowerBuilder 12.5\DotNET\webroot\Images\res\pb_u_dn.bmp
D:\Program Files\pb12\PowerBuilder 12.5\DotNET\webroot\Images\res\pb_u_up.bmp
D:\Program Files\pb12\PowerBuilder 12.5\DotNET\webroot\Images\res\pdtdata.bmp
D:\Program Files\pb12\PowerBuilder 12.5\DotNET\webroot\Images\res\pdtes1.bmp
D:\Program Files\pb12\PowerBuilder 12.5\DotNET\webroot\Images\res\pdtes10.bmp
D:\Program Files\pb12\PowerBuilder 12.5\DotNET\webroot\Images\res\pdtes2.bmp
D:\Program Files\pb12\PowerBuilder 12.5\DotNET\webroot\Images\res\pdtes3.bmp
D:\Program Files\pb12\PowerBuilder 12.5\DotNET\webroot\Images\res\pdtes8.bmp
D:\Program Files\pb12\PowerBuilder 12.5\DotNET\webroot\Images\res\pdtes9.bmp
D:\Program Files\pb12\PowerBuilder 12.5\DotNET\webroot\Images\res\pdthand.bmp
D:\Program Files\pb12\PowerBuilder 12.5\DotNET\webroot\Images\res\pdvcalc.bmp
D:\Program Files\pb12\PowerBuilder 12.5\DotNET\webroot\Images\res\pdvcurs.ico
D:\Program Files\pb12\PowerBuilder 12.5\DotNET\webroot\Images\res\pdvdcur.ico
D:\Program Files\pb12\PowerBuilder 12.5\DotNET\webroot\Images\res\pdvdel.ico
D:\Program Files\pb12\PowerBuilder 12.5\DotNET\webroot\Images\res\pdvdproc.ico
D:\Program Files\pb12\PowerBuilder 12.5\DotNET\webroot\Images\res\pdvdrtn.bmp
D:\Program Files\pb12\PowerBuilder 12.5\DotNET\webroot\Images\res\pdvfet.ico
D:\Program Files\pb12\PowerBuilder 12.5\DotNET\webroot\Images\res\pdvfproc.ico
D:\Program Files\pb12\PowerBuilder 12.5\DotNET\webroot\Images\res\pdvins.ico
D:\Program Files\pb12\PowerBuilder 12.5\DotNET\webroot\Images\res\pdvjoin.cur
D:\Program Files\pb12\PowerBuilder 12.5\DotNET\webroot\Images\res\pdvscrpt.bmp
D:\Program Files\pb12\PowerBuilder 12.5\DotNET\webroot\Images\res\pdvsel.cur
D:\Program Files\pb12\PowerBuilder 12.5\DotNET\webroot\Images\res\pdvsel.ico
D:\Program Files\pb12\PowerBuilder 12.5\DotNET\webroot\Images\res\pdvucur.ico
D:\Program Files\pb12\PowerBuilder 12.5\DotNET\webroot\Images\res\pdvupd.ico
D:\Program Files\pb12\PowerBuilder 12.5\DotNET\webroot\Images\res\pdwcol.bmp
D:\Program Files\pb12\PowerBuilder 12.5\DotNET\webroot\Images\res\pdwcross.ico
D:\Program Files\pb12\PowerBuilder 12.5\DotNET\webroot\Images\res\pdwewiz.ico
D:\Program Files\pb12\PowerBuilder 12.5\DotNET\webroot\Images\res\pdwexpr1.bmp
D:\Program Files\pb12\PowerBuilder 12.5\DotNET\webroot\Images\res\pdwexpr2.bmp
D:\Program Files\pb12\PowerBuilder 12.5\DotNET\webroot\Images\res\pdwform.ico
D:\Program Files\pb12\PowerBuilder 12.5\DotNET\webroot\Images\res\pdwgrid.ico
D:\Program Files\pb12\PowerBuilder 12.5\DotNET\webroot\Images\res\pdwgroup.ico
D:\Program Files\pb12\PowerBuilder 12.5\DotNET\webroot\Images\res\pdwlabel.ico
D:\Program Files\pb12\PowerBuilder 12.5\DotNET\webroot\Images\res\pdwnst.ico
D:\Program Files\pb12\PowerBuilder 12.5\DotNET\webroot\Images\res\pdwnup.ico
D:\Program Files\pb12\PowerBuilder 12.5\DotNET\webroot\Images\res\pdwole.ico
D:\Program Files\pb12\PowerBuilder 12.5\DotNET\webroot\Images\res\pdwoval.bmp
D:\Program Files\pb12\PowerBuilder 12.5\DotNET\webroot\Images\res\pdwrrect.bmp
D:\Program Files\pb12\PowerBuilder 12.5\DotNET\webroot\Images\res\pdwrte.ico
D:\Program Files\pb12\PowerBuilder 12.5\DotNET\webroot\Images\res\pdwscrpt.ico
D:\Program Files\pb12\PowerBuilder 12.5\DotNET\webroot\Images\res\pdwsp.ico
D:\Program Files\pb12\PowerBuilder 12.5\DotNET\webroot\Images\res\pdwsqls.ico
D:\Program Files\pb12\PowerBuilder 12.5\DotNET\webroot\Images\res\pdwsqlsa.ico
D:\Program Files\pb12\PowerBuilder 12.5\DotNET\webroot\Images\res\pdwtabl.ico
D:\Program Files\pb12\PowerBuilder 12.5\DotNET\webroot\Images\res\pdwtree.ico
D:\Program Files\pb12\PowerBuilder 12.5\DotNET\webroot\Images\res\pdx1.bmp
D:\Program Files\pb12\PowerBuilder 12.5\DotNET\webroot\Images\res\pdx10.bmp
D:\Program Files\pb12\PowerBuilder 12.5\DotNET\webroot\Images\res\pdx2.bmp
D:\Program Files\pb12\PowerBuilder 12.5\DotNET\webroot\Images\res\pdx3.bmp
D:\Program Files\pb12\PowerBuilder 12.5\DotNET\webroot\Images\res\pdx8.bmp
D:\Program Files\pb12\PowerBuilder 12.5\DotNET\webroot\Images\res\pdx9.bmp
D:\Program Files\pb12\PowerBuilder 12.5\DotNET\webroot\Images\res\pdxbut1.bmp
D:\Program Files\pb12\PowerBuilder 12.5\DotNET\webroot\Images\res\pdxbut10.bmp
D:\Program Files\pb12\PowerBuilder 12.5\DotNET\webroot\Images\res\pdxbut2.bmp
D:\Program Files\pb12\PowerBuilder 12.5\DotNET\webroot\Images\res\pdxbut3.bmp
D:\Program Files\pb12\PowerBuilder 12.5\DotNET\webroot\Images\res\pdxbut8.bmp
D:\Program Files\pb12\PowerBuilder 12.5\DotNET\webroot\Images\res\pdxbut9.bmp
D:\Program Files\pb12\PowerBuilder 12.5\DotNET\webroot\Images\res\pdxshare.bmp
D:\Program Files\pb12\PowerBuilder 12.5\DotNET\webroot\Images\res\pgactvx.ico
D:\Program Files\pb12\PowerBuilder 12.5\DotNET\webroot\Images\res\pgapptpl.ico
D:\Program Files\pb12\PowerBuilder 12.5\DotNET\webroot\Images\res\pgauto.ico
D:\Program Files\pb12\PowerBuilder 12.5\DotNET\webroot\Images\res\pgcom.ico
D:\Program Files\pb12\PowerBuilder 12.5\DotNET\webroot\Images\res\pgejbpxy.ico
D:\Program Files\pb12\PowerBuilder 12.5\DotNET\webroot\Images\res\pgjag.ico
D:\Program Files\pb12\PowerBuilder 12.5\DotNET\webroot\Images\res\pgjagpxy.ico
D:\Program Files\pb12\PowerBuilder 12.5\DotNET\webroot\Images\res\pgwsprxy.ico
D:\Program Files\pb12\PowerBuilder 12.5\DotNET\webroot\Images\res\pie2d.ico
D:\Program Files\pb12\PowerBuilder 12.5\DotNET\webroot\Images\res\pie3d.ico
D:\Program Files\pb12\PowerBuilder 12.5\DotNET\webroot\Images\res\pjwsprxy.ico
D:\Program Files\pb12\PowerBuilder 12.5\DotNET\webroot\Images\res\plappl.bmp
D:\Program Files\pb12\PowerBuilder 12.5\DotNET\webroot\Images\res\pldatwin.bmp
D:\Program Files\pb12\PowerBuilder 12.5\DotNET\webroot\Images\res\plfunc.bmp
D:\Program Files\pb12\PowerBuilder 12.5\DotNET\webroot\Images\res\plmenu.bmp
D:\Program Files\pb12\PowerBuilder 12.5\DotNET\webroot\Images\res\plstruct.bmp
D:\Program Files\pb12\PowerBuilder 12.5\DotNET\webroot\Images\res\pludo.bmp
D:\Program Files\pb12\PowerBuilder 12.5\DotNET\webroot\Images\res\plwindow.bmp
D:\Program Files\pb12\PowerBuilder 12.5\DotNET\webroot\Images\res\pl_0pb00.bmp
D:\Program Files\pb12\PowerBuilder 12.5\DotNET\webroot\Images\res\pl_0pb11.bmp
D:\Program Files\pb12\PowerBuilder 12.5\DotNET\webroot\Images\res\pl_0pb12.bmp
D:\Program Files\pb12\PowerBuilder 12.5\DotNET\webroot\Images\res\pl_0pb13.bmp
D:\Program Files\pb12\PowerBuilder 12.5\DotNET\webroot\Images\res\pl_0pb14.bmp
D:\Program Files\pb12\PowerBuilder 12.5\DotNET\webroot\Images\res\pl_0pb21.bmp
D:\Program Files\pb12\PowerBuilder 12.5\DotNET\webroot\Images\res\pl_0pb22.bmp
D:\Program Files\pb12\PowerBuilder 12.5\DotNET\webroot\Images\res\pl_0pb23.bmp
D:\Program Files\pb12\PowerBuilder 12.5\DotNET\webroot\Images\res\pl_0pb24.bmp
D:\Program Files\pb12\PowerBuilder 12.5\DotNET\webroot\Images\res\pl_0pb31.bmp
D:\Program Files\pb12\PowerBuilder 12.5\DotNET\webroot\Images\res\pl_0pb32.bmp
D:\Program Files\pb12\PowerBuilder 12.5\DotNET\webroot\Images\res\pl_0pb33.bmp
D:\Program Files\pb12\PowerBuilder 12.5\DotNET\webroot\Images\res\pl_0pb34.bmp
D:\Program Files\pb12\PowerBuilder 12.5\DotNET\webroot\Images\res\pl_0pb41.bmp
D:\Program Files\pb12\PowerBuilder 12.5\DotNET\webroot\Images\res\pl_0pb42.bmp
D:\Program Files\pb12\PowerBuilder 12.5\DotNET\webroot\Images\res\pl_0pb43.bmp
D:\Program Files\pb12\PowerBuilder 12.5\DotNET\webroot\Images\res\pl_0pb44.bmp
D:\Program Files\pb12\PowerBuilder 12.5\DotNET\webroot\Images\res\pl_0pt00.bmp
D:\Program Files\pb12\PowerBuilder 12.5\DotNET\webroot\Images\res\pl_0pt11.bmp
D:\Program Files\pb12\PowerBuilder 12.5\DotNET\webroot\Images\res\pl_0pt12.bmp
D:\Program Files\pb12\PowerBuilder 12.5\DotNET\webroot\Images\res\pl_0pt13.bmp
D:\Program Files\pb12\PowerBuilder 12.5\DotNET\webroot\Images\res\pl_0pt14.bmp
D:\Program Files\pb12\PowerBuilder 12.5\DotNET\webroot\Images\res\pl_0pt21.bmp
D:\Program Files\pb12\PowerBuilder 12.5\DotNET\webroot\Images\res\pl_0pt22.bmp
D:\Program Files\pb12\PowerBuilder 12.5\DotNET\webroot\Images\res\pl_0pt23.bmp
D:\Program Files\pb12\PowerBuilder 12.5\DotNET\webroot\Images\res\pl_0pt24.bmp
D:\Program Files\pb12\PowerBuilder 12.5\DotNET\webroot\Images\res\pl_0pt31.bmp
D:\Program Files\pb12\PowerBuilder 12.5\DotNET\webroot\Images\res\pl_0pt32.bmp
D:\Program Files\pb12\PowerBuilder 12.5\DotNET\webroot\Images\res\pl_0pt33.bmp
D:\Program Files\pb12\PowerBuilder 12.5\DotNET\webroot\Images\res\pl_0pt34.bmp
D:\Program Files\pb12\PowerBuilder 12.5\DotNET\webroot\Images\res\pl_0pt41.bmp
D:\Program Files\pb12\PowerBuilder 12.5\DotNET\webroot\Images\res\pl_0pt42.bmp
D:\Program Files\pb12\PowerBuilder 12.5\DotNET\webroot\Images\res\pl_0pt43.bmp
D:\Program Files\pb12\PowerBuilder 12.5\DotNET\webroot\Images\res\pl_0pt44.bmp
D:\Program Files\pb12\PowerBuilder 12.5\DotNET\webroot\Images\res\pl_0pv00.bmp
D:\Program Files\pb12\PowerBuilder 12.5\DotNET\webroot\Images\res\pl_0pv11.bmp
D:\Program Files\pb12\PowerBuilder 12.5\DotNET\webroot\Images\res\pl_0pv12.bmp
D:\Program Files\pb12\PowerBuilder 12.5\DotNET\webroot\Images\res\pl_0pv13.bmp
D:\Program Files\pb12\PowerBuilder 12.5\DotNET\webroot\Images\res\pl_0pv14.bmp
D:\Program Files\pb12\PowerBuilder 12.5\DotNET\webroot\Images\res\pl_0pv21.bmp
D:\Program Files\pb12\PowerBuilder 12.5\DotNET\webroot\Images\res\pl_0pv22.bmp
D:\Program Files\pb12\PowerBuilder 12.5\DotNET\webroot\Images\res\pl_0pv23.bmp
D:\Program Files\pb12\PowerBuilder 12.5\DotNET\webroot\Images\res\pl_0pv24.bmp
D:\Program Files\pb12\PowerBuilder 12.5\DotNET\webroot\Images\res\pl_0pv31.bmp
D:\Program Files\pb12\PowerBuilder 12.5\DotNET\webroot\Images\res\pl_0pv32.bmp
D:\Program Files\pb12\PowerBuilder 12.5\DotNET\webroot\Images\res\pl_0pv33.bmp
D:\Program Files\pb12\PowerBuilder 12.5\DotNET\webroot\Images\res\pl_0pv34.bmp
D:\Program Files\pb12\PowerBuilder 12.5\DotNET\webroot\Images\res\pl_0pv41.bmp
D:\Program Files\pb12\PowerBuilder 12.5\DotNET\webroot\Images\res\pl_0pv42.bmp
D:\Program Files\pb12\PowerBuilder 12.5\DotNET\webroot\Images\res\pl_0pv43.bmp
D:\Program Files\pb12\PowerBuilder 12.5\DotNET\webroot\Images\res\pl_0pv44.bmp
D:\Program Files\pb12\PowerBuilder 12.5\DotNET\webroot\Images\res\pl_blank.bmp
D:\Program Files\pb12\PowerBuilder 12.5\DotNET\webroot\Images\res\pl_fold.bmp
D:\Program Files\pb12\PowerBuilder 12.5\DotNET\webroot\Images\res\pl_ipb00.bmp
D:\Program Files\pb12\PowerBuilder 12.5\DotNET\webroot\Images\res\pl_ipb11.bmp
D:\Program Files\pb12\PowerBuilder 12.5\DotNET\webroot\Images\res\pl_ipb12.bmp
D:\Program Files\pb12\PowerBuilder 12.5\DotNET\webroot\Images\res\pl_ipb13.bmp
D:\Program Files\pb12\PowerBuilder 12.5\DotNET\webroot\Images\res\pl_ipb14.bmp
D:\Program Files\pb12\PowerBuilder 12.5\DotNET\webroot\Images\res\pl_ipb21.bmp
D:\Program Files\pb12\PowerBuilder 12.5\DotNET\webroot\Images\res\pl_ipb22.bmp
D:\Program Files\pb12\PowerBuilder 12.5\DotNET\webroot\Images\res\pl_ipb23.bmp
D:\Program Files\pb12\PowerBuilder 12.5\DotNET\webroot\Images\res\pl_ipb24.bmp
D:\Program Files\pb12\PowerBuilder 12.5\DotNET\webroot\Images\res\pl_ipb31.bmp
D:\Program Files\pb12\PowerBuilder 12.5\DotNET\webroot\Images\res\pl_ipb32.bmp
D:\Program Files\pb12\PowerBuilder 12.5\DotNET\webroot\Images\res\pl_ipb33.bmp
D:\Program Files\pb12\PowerBuilder 12.5\DotNET\webroot\Images\res\pl_ipb34.bmp
D:\Program Files\pb12\PowerBuilder 12.5\DotNET\webroot\Images\res\pl_ipb41.bmp
D:\Program Files\pb12\PowerBuilder 12.5\DotNET\webroot\Images\res\pl_ipb42.bmp
D:\Program Files\pb12\PowerBuilder 12.5\DotNET\webroot\Images\res\pl_ipb43.bmp
D:\Program Files\pb12\PowerBuilder 12.5\DotNET\webroot\Images\res\pl_ipb44.bmp
D:\Program Files\pb12\PowerBuilder 12.5\DotNET\webroot\Images\res\pl_ipt00.bmp
D:\Program Files\pb12\PowerBuilder 12.5\DotNET\webroot\Images\res\pl_ipt11.bmp
D:\Program Files\pb12\PowerBuilder 12.5\DotNET\webroot\Images\res\pl_ipt12.bmp
D:\Program Files\pb12\PowerBuilder 12.5\DotNET\webroot\Images\res\pl_ipt13.bmp
D:\Program Files\pb12\PowerBuilder 12.5\DotNET\webroot\Images\res\pl_ipt14.bmp
D:\Program Files\pb12\PowerBuilder 12.5\DotNET\webroot\Images\res\pl_ipt21.bmp
D:\Program Files\pb12\PowerBuilder 12.5\DotNET\webroot\Images\res\pl_ipt22.bmp
D:\Program Files\pb12\PowerBuilder 12.5\DotNET\webroot\Images\res\pl_ipt23.bmp
D:\Program Files\pb12\PowerBuilder 12.5\DotNET\webroot\Images\res\pl_ipt24.bmp
D:\Program Files\pb12\PowerBuilder 12.5\DotNET\webroot\Images\res\pl_ipt31.bmp
D:\Program Files\pb12\PowerBuilder 12.5\DotNET\webroot\Images\res\pl_ipt32.bmp
D:\Program Files\pb12\PowerBuilder 12.5\DotNET\webroot\Images\res\pl_ipt33.bmp
D:\Program Files\pb12\PowerBuilder 12.5\DotNET\webroot\Images\res\pl_ipt34.bmp
D:\Program Files\pb12\PowerBuilder 12.5\DotNET\webroot\Images\res\pl_ipt41.bmp
D:\Program Files\pb12\PowerBuilder 12.5\DotNET\webroot\Images\res\pl_ipt42.bmp
D:\Program Files\pb12\PowerBuilder 12.5\DotNET\webroot\Images\res\pl_ipt43.bmp
D:\Program Files\pb12\PowerBuilder 12.5\DotNET\webroot\Images\res\pl_ipt44.bmp
D:\Program Files\pb12\PowerBuilder 12.5\DotNET\webroot\Images\res\pl_ipv00.bmp
D:\Program Files\pb12\PowerBuilder 12.5\DotNET\webroot\Images\res\pl_ipv11.bmp
D:\Program Files\pb12\PowerBuilder 12.5\DotNET\webroot\Images\res\pl_ipv12.bmp
D:\Program Files\pb12\PowerBuilder 12.5\DotNET\webroot\Images\res\pl_ipv13.bmp
D:\Program Files\pb12\PowerBuilder 12.5\DotNET\webroot\Images\res\pl_ipv14.bmp
D:\Program Files\pb12\PowerBuilder 12.5\DotNET\webroot\Images\res\pl_ipv21.bmp
D:\Program Files\pb12\PowerBuilder 12.5\DotNET\webroot\Images\res\pl_ipv22.bmp
D:\Program Files\pb12\PowerBuilder 12.5\DotNET\webroot\Images\res\pl_ipv23.bmp
D:\Program Files\pb12\PowerBuilder 12.5\DotNET\webroot\Images\res\pl_ipv24.bmp
D:\Program Files\pb12\PowerBuilder 12.5\DotNET\webroot\Images\res\pl_ipv31.bmp
D:\Program Files\pb12\PowerBuilder 12.5\DotNET\webroot\Images\res\pl_ipv32.bmp
D:\Program Files\pb12\PowerBuilder 12.5\DotNET\webroot\Images\res\pl_ipv33.bmp
D:\Program Files\pb12\PowerBuilder 12.5\DotNET\webroot\Images\res\pl_ipv34.bmp
D:\Program Files\pb12\PowerBuilder 12.5\DotNET\webroot\Images\res\pl_ipv41.bmp
D:\Program Files\pb12\PowerBuilder 12.5\DotNET\webroot\Images\res\pl_ipv42.bmp
D:\Program Files\pb12\PowerBuilder 12.5\DotNET\webroot\Images\res\pl_ipv43.bmp
D:\Program Files\pb12\PowerBuilder 12.5\DotNET\webroot\Images\res\pl_ipv44.bmp
D:\Program Files\pb12\PowerBuilder 12.5\DotNET\webroot\Images\res\pst_drag.cur
D:\Program Files\pb12\PowerBuilder 12.5\DotNET\webroot\Images\res\pwactvx.ico
D:\Program Files\pb12\PowerBuilder 12.5\DotNET\webroot\Images\res\pwapptpl.ico
D:\Program Files\pb12\PowerBuilder 12.5\DotNET\webroot\Images\res\pwarrow.bmp
D:\Program Files\pb12\PowerBuilder 12.5\DotNET\webroot\Images\res\pwauto.ico
D:\Program Files\pb12\PowerBuilder 12.5\DotNET\webroot\Images\res\pwbmap.bmp
D:\Program Files\pb12\PowerBuilder 12.5\DotNET\webroot\Images\res\pwcom.ico
D:\Program Files\pb12\PowerBuilder 12.5\DotNET\webroot\Images\res\pwdebug.bmp
D:\Program Files\pb12\PowerBuilder 12.5\DotNET\webroot\Images\res\pwejbpxy.ico
D:\Program Files\pb12\PowerBuilder 12.5\DotNET\webroot\Images\res\pwjag.ico
D:\Program Files\pb12\PowerBuilder 12.5\DotNET\webroot\Images\res\pwjagpxy.ico
D:\Program Files\pb12\PowerBuilder 12.5\DotNET\webroot\Images\res\pwline.bmp
D:\Program Files\pb12\PowerBuilder 12.5\DotNET\webroot\Images\res\pwrect.bmp
D:\Program Files\pb12\PowerBuilder 12.5\DotNET\webroot\Images\res\pwrun.bmp
D:\Program Files\pb12\PowerBuilder 12.5\DotNET\webroot\Images\res\pwtext.bmp
D:\Program Files\pb12\PowerBuilder 12.5\DotNET\webroot\Images\res\pwwsprxy.ico
D:\Program Files\pb12\PowerBuilder 12.5\DotNET\webroot\Images\res\question.ico
D:\Program Files\pb12\PowerBuilder 12.5\DotNET\webroot\Images\res\rtc.resources
D:\Program Files\pb12\PowerBuilder 12.5\DotNET\webroot\Images\res\rtc.resX
D:\Program Files\pb12\PowerBuilder 12.5\DotNET\webroot\Images\res\scat2d.ico
D:\Program Files\pb12\PowerBuilder 12.5\DotNET\webroot\Images\res\size.bmp
D:\Program Files\pb12\PowerBuilder 12.5\DotNET\webroot\Images\res\sizenesw.bmp
D:\Program Files\pb12\PowerBuilder 12.5\DotNET\webroot\Images\res\sizens.bmp
D:\Program Files\pb12\PowerBuilder 12.5\DotNET\webroot\Images\res\sizenwse.bmp
D:\Program Files\pb12\PowerBuilder 12.5\DotNET\webroot\Images\res\sizewe.bmp
D:\Program Files\pb12\PowerBuilder 12.5\DotNET\webroot\Images\res\sizhght.bmp
D:\Program Files\pb12\PowerBuilder 12.5\DotNET\webroot\Images\res\sizwidth.bmp
D:\Program Files\pb12\PowerBuilder 12.5\DotNET\webroot\Images\res\spchorz.bmp
D:\Program Files\pb12\PowerBuilder 12.5\DotNET\webroot\Images\res\spcvert.bmp
D:\Program Files\pb12\PowerBuilder 12.5\DotNET\webroot\Images\res\stopsign.ico
D:\Program Files\pb12\PowerBuilder 12.5\DotNET\webroot\Images\res\swactvx.ico
D:\Program Files\pb12\PowerBuilder 12.5\DotNET\webroot\Images\res\swapp.ico
D:\Program Files\pb12\PowerBuilder 12.5\DotNET\webroot\Images\res\swappsrv.ico
D:\Program Files\pb12\PowerBuilder 12.5\DotNET\webroot\Images\res\swapptpl.ico
D:\Program Files\pb12\PowerBuilder 12.5\DotNET\webroot\Images\res\swauto.ico
D:\Program Files\pb12\PowerBuilder 12.5\DotNET\webroot\Images\res\swcom.ico
D:\Program Files\pb12\PowerBuilder 12.5\DotNET\webroot\Images\res\swjag.ico
D:\Program Files\pb12\PowerBuilder 12.5\DotNET\webroot\Images\res\uparrow.bmp
D:\Program Files\pb12\PowerBuilder 12.5\DotNET\webroot\Images\res\winlogo.ico
D:\Program Files\pb12\PowerBuilder 12.5\DotNET\webroot\Images\res\wpgchkdd.bmp
D:\Program Files\pb12\PowerBuilder 12.5\DotNET\webroot\Images\res\wpgchked.bmp
D:\Program Files\pb12\PowerBuilder 12.5\DotNET\webroot\Images\res\wpgfldrs.bmp
D:\Program Files\pb12\PowerBuilder 12.5\DotNET\webroot\Images\res\wpgport.bmp
D:\Program Files\pb12\PowerBuilder 12.5\DotNET\webroot\Images\res\wpgserv.bmp
D:\Program Files\pb12\PowerBuilder 12.5\DotNET\webroot\Images\res\wpgsvc.bmp
D:\Program Files\pb12\PowerBuilder 12.5\DotNET\webroot\RadControls\LicenseFile.xml
D:\Program Files\pb12\PowerBuilder 12.5\DotNET\webroot\RadControls\Calendar\Images\arrow.gif
D:\Program Files\pb12\PowerBuilder 12.5\DotNET\webroot\RadControls\Calendar\Skins\PB\Calendar.css
D:\Program Files\pb12\PowerBuilder 12.5\DotNET\webroot\RadControls\Calendar\Skins\PB\RadTimePicker.css
D:\Program Files\pb12\PowerBuilder 12.5\DotNET\webroot\RadControls\Calendar\Skins\PB\Img\arrowLeft.gif
D:\Program Files\pb12\PowerBuilder 12.5\DotNET\webroot\RadControls\Calendar\Skins\PB\Img\arrowRight.gif
D:\Program Files\pb12\PowerBuilder 12.5\DotNET\webroot\RadControls\Calendar\Skins\PB\Img\calendarBg.gif
D:\Program Files\pb12\PowerBuilder 12.5\DotNET\webroot\RadControls\Calendar\Skins\PB\Img\clock.gif
D:\Program Files\pb12\PowerBuilder 12.5\DotNET\webroot\RadControls\Calendar\Skins\PB\Img\clockHover.gif
D:\Program Files\pb12\PowerBuilder 12.5\DotNET\webroot\RadControls\Calendar\Skins\PB\Img\ContextMenuInputBg.gif
D:\Program Files\pb12\PowerBuilder 12.5\DotNET\webroot\RadControls\Calendar\Skins\PB\Img\datePickerPopup.gif
D:\Program Files\pb12\PowerBuilder 12.5\DotNET\webroot\RadControls\Calendar\Skins\PB\Img\datePickerPopupHover.gif
D:\Program Files\pb12\PowerBuilder 12.5\DotNET\webroot\RadControls\Calendar\Skins\PB\Img\fastNavLeft.gif
D:\Program Files\pb12\PowerBuilder 12.5\DotNET\webroot\RadControls\Calendar\Skins\PB\Img\fastNavRight.gif
D:\Program Files\pb12\PowerBuilder 12.5\DotNET\webroot\RadControls\Calendar\Skins\PB\Img\HoverBg.gif
D:\Program Files\pb12\PowerBuilder 12.5\DotNET\webroot\RadControls\Calendar\Skins\PB\Img\MonthYearFastNavBtnBg.gif
D:\Program Files\pb12\PowerBuilder 12.5\DotNET\webroot\RadControls\Calendar\Skins\PB\Img\selectBg.gif
D:\Program Files\pb12\PowerBuilder 12.5\DotNET\webroot\RadControls\Calendar\Skins\PB\Img\TodayBg.gif
D:\Program Files\pb12\PowerBuilder 12.5\DotNET\webroot\RadControls\Input\Skins\Default\styles.css
D:\Program Files\pb12\PowerBuilder 12.5\DotNET\webroot\RadControls\Input\Skins\Default\Img\button.gif
D:\Program Files\pb12\PowerBuilder 12.5\DotNET\webroot\RadControls\Input\Skins\Default\Img\buttondown.gif
D:\Program Files\pb12\PowerBuilder 12.5\DotNET\webroot\RadControls\Input\Skins\Default\Img\buttonup.gif
D:\Program Files\pb12\PowerBuilder 12.5\DotNET\webroot\RadControls\Input\Skins\Default\Img\default.gif
D:\Program Files\pb12\PowerBuilder 12.5\DotNET\webroot\RadControls\Input\Skins\Default\Img\error.gif
D:\Program Files\pb12\PowerBuilder 12.5\DotNET\webroot\RadControls\Input\Skins\Default\Img\focus.gif
D:\Program Files\pb12\PowerBuilder 12.5\DotNET\webroot\RadControls\Input\Skins\Default\Img\over.gif
D:\Program Files\pb12\PowerBuilder 12.5\DotNET\webroot\RadControls\Menu\Scripts\4_3_2\menu.css
D:\Program Files\pb12\PowerBuilder 12.5\DotNET\webroot\RadControls\Menu\Skins\PBContemporary\styles.css
D:\Program Files\pb12\PowerBuilder 12.5\DotNET\webroot\RadControls\Menu\Skins\PBContemporary\Img\bottom.gif
D:\Program Files\pb12\PowerBuilder 12.5\DotNET\webroot\RadControls\Menu\Skins\PBContemporary\Img\GroupBkg.gif
D:\Program Files\pb12\PowerBuilder 12.5\DotNET\webroot\RadControls\Menu\Skins\PBContemporary\Img\groupImage.gif
D:\Program Files\pb12\PowerBuilder 12.5\DotNET\webroot\RadControls\Menu\Skins\PBContemporary\Img\groupImageRTL.gif
D:\Program Files\pb12\PowerBuilder 12.5\DotNET\webroot\RadControls\Menu\Skins\PBContemporary\Img\left.gif
D:\Program Files\pb12\PowerBuilder 12.5\DotNET\webroot\RadControls\Menu\Skins\PBContemporary\Img\right.gif
D:\Program Files\pb12\PowerBuilder 12.5\DotNET\webroot\RadControls\Menu\Skins\PBContemporary\Img\RootItemBkg.gif
D:\Program Files\pb12\PowerBuilder 12.5\DotNET\webroot\RadControls\Menu\Skins\PBContemporary\Img\RootItemFocusedBkg.gif
D:\Program Files\pb12\PowerBuilder 12.5\DotNET\webroot\RadControls\Menu\Skins\PBContemporary\Img\top.gif
D:\Program Files\pb12\PowerBuilder 12.5\DotNET\webroot\RadControls\Menu\Skins\PBTraditional\styles.css
D:\Program Files\pb12\PowerBuilder 12.5\DotNET\webroot\RadControls\Menu\Skins\PBTraditional\img\bottom.gif
D:\Program Files\pb12\PowerBuilder 12.5\DotNET\webroot\RadControls\Menu\Skins\PBTraditional\img\groupImage.gif
D:\Program Files\pb12\PowerBuilder 12.5\DotNET\webroot\RadControls\Menu\Skins\PBTraditional\img\invertedGroupImage.gif
D:\Program Files\pb12\PowerBuilder 12.5\DotNET\webroot\RadControls\Menu\Skins\PBTraditional\img\left.gif
D:\Program Files\pb12\PowerBuilder 12.5\DotNET\webroot\RadControls\Menu\Skins\PBTraditional\img\right.gif
D:\Program Files\pb12\PowerBuilder 12.5\DotNET\webroot\RadControls\Menu\Skins\PBTraditional\img\top.gif
D:\Program Files\pb12\PowerBuilder 12.5\DotNET\webroot\RadControls\Toolbar\Skins\PBContemporary\PBContemporary.css
D:\Program Files\pb12\PowerBuilder 12.5\DotNET\webroot\RadControls\Toolbar\Skins\PBContemporary\img\separator_h.gif
D:\Program Files\pb12\PowerBuilder 12.5\DotNET\webroot\RadControls\Toolbar\Skins\PBContemporary\img\toolbarLeft.bmp
D:\Program Files\pb12\PowerBuilder 12.5\DotNET\webroot\RadControls\Toolbar\Skins\PBContemporary\img\toolbarRight.bmp
D:\Program Files\pb12\PowerBuilder 12.5\DotNET\webroot\RadControls\Toolbar\Skins\PBTraditional\PBTraditional.css
D:\Program Files\pb12\PowerBuilder 12.5\DotNET\webroot\RadControls\Toolbar\Skins\PBTraditional\img\separator_h.gif
D:\Program Files\pb12\PowerBuilder 12.5\DotNET\webroot\RadControls\Toolbar\Skins\PBTraditional\img\toolbarLeft.bmp
D:\Program Files\pb12\PowerBuilder 12.5\DotNET\webroot\RadControls\Toolbar\Skins\PBTraditional\img\toolbarRight.bmp
D:\Program Files\pb12\PowerBuilder 12.5\DotNET\webroot\Scripts\AppendRow.gif
D:\Program Files\pb12\PowerBuilder 12.5\DotNET\webroot\Scripts\Cancel.gif
D:\Program Files\pb12\PowerBuilder 12.5\DotNET\webroot\Scripts\DeleteRow.gif
D:\Program Files\pb12\PowerBuilder 12.5\DotNET\webroot\Scripts\dwcommon.js
D:\Program Files\pb12\PowerBuilder 12.5\DotNET\webroot\Scripts\dwdatetime.js
D:\Program Files\pb12\PowerBuilder 12.5\DotNET\webroot\Scripts\dwnumber.js
D:\Program Files\pb12\PowerBuilder 12.5\DotNET\webroot\Scripts\dwstring.js
D:\Program Files\pb12\PowerBuilder 12.5\DotNET\webroot\Scripts\Filter.gif
D:\Program Files\pb12\PowerBuilder 12.5\DotNET\webroot\Scripts\InsertRow.gif
D:\Program Files\pb12\PowerBuilder 12.5\DotNET\webroot\Scripts\PageFirst.gif
D:\Program Files\pb12\PowerBuilder 12.5\DotNET\webroot\Scripts\PageLast.gif
D:\Program Files\pb12\PowerBuilder 12.5\DotNET\webroot\Scripts\PageNext.gif
D:\Program Files\pb12\PowerBuilder 12.5\DotNET\webroot\Scripts\PagePrior.gif
D:\Program Files\pb12\PowerBuilder 12.5\DotNET\webroot\Scripts\PBCheckBox.js
D:\Program Files\pb12\PowerBuilder 12.5\DotNET\webroot\Scripts\PBCollections.js
D:\Program Files\pb12\PowerBuilder 12.5\DotNET\webroot\Scripts\PBCommonUtil.js
D:\Program Files\pb12\PowerBuilder 12.5\DotNET\webroot\Scripts\PBConst.js
D:\Program Files\pb12\PowerBuilder 12.5\DotNET\webroot\Scripts\PBDataWindow.js
D:\Program Files\pb12\PowerBuilder 12.5\DotNET\webroot\Scripts\PBDatePicker.js
D:\Program Files\pb12\PowerBuilder 12.5\DotNET\webroot\Scripts\PBEditMask.js
D:\Program Files\pb12\PowerBuilder 12.5\DotNET\webroot\Scripts\PBFile.js
D:\Program Files\pb12\PowerBuilder 12.5\DotNET\webroot\Scripts\PBGraph.js
D:\Program Files\pb12\PowerBuilder 12.5\DotNET\webroot\Scripts\PBListView.js
D:\Program Files\pb12\PowerBuilder 12.5\DotNET\webroot\Scripts\PBMenu.htc
D:\Program Files\pb12\PowerBuilder 12.5\DotNET\webroot\Scripts\PBPDFPrinting.js
D:\Program Files\pb12\PowerBuilder 12.5\DotNET\webroot\Scripts\PBPicture.js
D:\Program Files\pb12\PowerBuilder 12.5\DotNET\webroot\Scripts\PBPictureListBox.js
D:\Program Files\pb12\PowerBuilder 12.5\DotNET\webroot\Scripts\PBProgressBar.js
D:\Program Files\pb12\PowerBuilder 12.5\DotNET\webroot\Scripts\PBRichEdit.js
D:\Program Files\pb12\PowerBuilder 12.5\DotNET\webroot\Scripts\PBScrollBar.js
D:\Program Files\pb12\PowerBuilder 12.5\DotNET\webroot\Scripts\PBStatic.js
D:\Program Files\pb12\PowerBuilder 12.5\DotNET\webroot\Scripts\PBTab.js
D:\Program Files\pb12\PowerBuilder 12.5\DotNET\webroot\Scripts\PBTextBox.js
D:\Program Files\pb12\PowerBuilder 12.5\DotNET\webroot\Scripts\PBTextBoxWithoutClipboard.js
D:\Program Files\pb12\PowerBuilder 12.5\DotNET\webroot\Scripts\PBTreeView.js
D:\Program Files\pb12\PowerBuilder 12.5\DotNET\webroot\Scripts\PBWindow.js
D:\Program Files\pb12\PowerBuilder 12.5\DotNET\webroot\Scripts\Preview.gif
D:\Program Files\pb12\PowerBuilder 12.5\DotNET\webroot\Scripts\Print2.gif
D:\Program Files\pb12\PowerBuilder 12.5\DotNET\webroot\Scripts\QueryClear.gif
D:\Program Files\pb12\PowerBuilder 12.5\DotNET\webroot\Scripts\QueryModeOn.gif
D:\Program Files\pb12\PowerBuilder 12.5\DotNET\webroot\Scripts\QuerySortOn.gif
D:\Program Files\pb12\PowerBuilder 12.5\DotNET\webroot\Scripts\Retrieve.gif
D:\Program Files\pb12\PowerBuilder 12.5\DotNET\webroot\Scripts\Ruler.gif
D:\Program Files\pb12\PowerBuilder 12.5\DotNET\webroot\Scripts\SaveRowsAs.gif
D:\Program Files\pb12\PowerBuilder 12.5\DotNET\webroot\Scripts\Sort.gif
D:\Program Files\pb12\PowerBuilder 12.5\DotNET\webroot\Scripts\Update.gif
复制了 1137 个文件

D:\googlesvn\SMJL\smjl_webform.pbt_build\smjl>xcopy /D /Y "D:\Program Files\pb12\PowerBuilder 12.5\DotNET\bin\Sybase.PowerBuilder.System.pbd" "..\smjl_root"\file\common\c\~pl_\ 
D:\Program Files\pb12\PowerBuilder 12.5\DotNET\bin\Sybase.PowerBuilder.System.pbd
复制了 1 个文件

D:\googlesvn\SMJL\smjl_webform.pbt_build\smjl>if exist "D:\Program Files\pb12\PowerBuilder 12.5\DotNET\bin\RadTreeView.Net2.dll" xcopy /D /Y "D:\Program Files\pb12\PowerBuilder 12.5\DotNET\bin\RadTreeView.Net2.dll" release\ 
复制了 0 个文件

D:\googlesvn\SMJL\smjl_webform.pbt_build\smjl>if exist "D:\Program Files\pb12\PowerBuilder 12.5\DotNET\bin\RadMenu.Net2.dll" xcopy /D /Y "D:\Program Files\pb12\PowerBuilder 12.5\DotNET\bin\RadMenu.Net2.dll" release\ 
复制了 0 个文件

D:\googlesvn\SMJL\smjl_webform.pbt_build\smjl>if exist "D:\Program Files\pb12\PowerBuilder 12.5\DotNET\bin\RadToolbar.Net2.dll" xcopy /D /Y "D:\Program Files\pb12\PowerBuilder 12.5\DotNET\bin\RadToolbar.Net2.dll" release\ 
复制了 0 个文件

D:\googlesvn\SMJL\smjl_webform.pbt_build\smjl>if exist "D:\Program Files\pb12\PowerBuilder 12.5\DotNET\bin\RadCalendar.Net2.dll" xcopy /D /Y "D:\Program Files\pb12\PowerBuilder 12.5\DotNET\bin\RadCalendar.Net2.dll" release\ 
复制了 0 个文件

D:\googlesvn\SMJL\smjl_webform.pbt_build\smjl>if exist "D:\Program Files\pb12\PowerBuilder 12.5\DotNET\bin\RadInput.Net2.dll" xcopy /D /Y "D:\Program Files\pb12\PowerBuilder 12.5\DotNET\bin\RadInput.Net2.dll" release\ 
复制了 0 个文件

D:\googlesvn\SMJL\smjl_webform.pbt_build\smjl>if exist "D:\Program Files\pb12\PowerBuilder 12.5\DotNET\bin\PBRTCFileTransform120.exe" xcopy /D /Y "D:\Program Files\pb12\PowerBuilder 12.5\DotNET\bin\PBRTCFileTransform120.exe" release\ 

D:\googlesvn\SMJL\smjl_webform.pbt_build\smjl>reg import "D:\Program Files\pb12\PowerBuilder 12.5\DotNET\bin\PBExceptionTrace.reg" 
操作成功完成。

D:\googlesvn\SMJL\smjl_webform.pbt_build\smjl>if "D:\googlesvn\SMJL\smjl_webform.pbt_build\csc_output_file_name.txt" == "" (C:\Windows\Microsoft.NET\Framework\v4.0.30319\csc /t:library /optimize+   /platform:x86 "/r:D:\Program Files\pb12\PowerBuilder 12.5\DotNET\bin\Sybase.PowerBuilder.Core.dll;D:\Program Files\pb12\PowerBuilder 12.5\DotNET\bin\Sybase.PowerBuilder.Interop.dll;D:\Program Files\pb12\PowerBuilder 12.5\DotNET\bin\Sybase.PowerBuilder.Common.dll;D:\Program Files\pb12\PowerBuilder 12.5\DotNET\bin\Sybase.PowerBuilder.Web.dll;D:\Program Files\pb12\PowerBuilder 12.5\DotNET\bin\Sybase.PowerBuilder.WinWebDataWindowCommon.dll;D:\Program Files\pb12\PowerBuilder 12.5\DotNET\bin\com.sybase.ejb.net.dll;D:\Program Files\pb12\PowerBuilder 12.5\DotNET\bin\com.sybase.iiop.net.dll" /out:"release\smjl.dll" @mb.rsp )  else (C:\Windows\Microsoft.NET\Framework\v4.0.30319\csc /t:library /optimize+   /platform:x86 "/r:D:\Program Files\pb12\PowerBuilder 12.5\DotNET\bin\Sybase.PowerBuilder.Core.dll;D:\Program Files\pb12\PowerBuilder 12.5\DotNET\bin\Sybase.PowerBuilder.Interop.dll;D:\Program Files\pb12\PowerBuilder 12.5\DotNET\bin\Sybase.PowerBuilder.Common.dll;D:\Program Files\pb12\PowerBuilder 12.5\DotNET\bin\Sybase.PowerBuilder.Web.dll;D:\Program Files\pb12\PowerBuilder 12.5\DotNET\bin\Sybase.PowerBuilder.WinWebDataWindowCommon.dll;D:\Program Files\pb12\PowerBuilder 12.5\DotNET\bin\com.sybase.ejb.net.dll;D:\Program Files\pb12\PowerBuilder 12.5\DotNET\bin\com.sybase.iiop.net.dll" /out:"release\smjl.dll" @mb.rsp  1>"D:\googlesvn\SMJL\smjl_webform.pbt_build\csc_output_file_name.txt" ) 
Build Succeeded.

D:\googlesvn\SMJL\smjl_webform.pbt_build\smjl>goto end 

D:\googlesvn\SMJL\smjl_webform.pbt_build\smjl>md bin 

D:\googlesvn\SMJL\smjl_webform.pbt_build\smjl>xcopy /D /Y /E release\*.* bin\ 
release\pbglobal_pbl.netmodule
release\RadCalendar.Net2.dll
release\RadInput.Net2.dll
release\RadMenu.Net2.dll
release\RadToolbar.Net2.dll
release\RadTreeView.Net2.dll
release\smjl.dll
release\smjl_pbl.netmodule
复制了 8 个文件

D:\googlesvn\SMJL\smjl_webform.pbt_build\smjl>rem endlocal 

D:\googlesvn\SMJL\smjl_webform.pbt_build\smjl>if ERRORLEVEL 1 exit 2 

D:\googlesvn\SMJL\smjl_webform.pbt_build\smjl>if exist "D:\googlesvn\SMJL\smjl_webform.pbt_build\smjl\*.cs" del "D:\googlesvn\SMJL\smjl_webform.pbt_build\smjl\*.cs" 
Generating PowerBuilder .NET assemblies succeeded.

D:\googlesvn\SMJL\smjl_webform.pbt_build>if not exist "D:\googlesvn\SMJL\smjl_webform.pbt_build\Release" mkdir "D:\googlesvn\SMJL\smjl_webform.pbt_build\Release"  

D:\googlesvn\SMJL\smjl_webform.pbt_build>xcopy /Y /E /D "D:\googlesvn\SMJL\smjl_webform.pbt_build\smjl\Release" "D:\googlesvn\SMJL\smjl_webform.pbt_build\Release"  
D:\googlesvn\SMJL\smjl_webform.pbt_build\smjl\Release\smjl.dll
D:\googlesvn\SMJL\smjl_webform.pbt_build\smjl\Release\smjl_pbl.netmodule
复制了 2 个文件

D:\googlesvn\SMJL\smjl_webform.pbt_build>rd /S /Q "D:\googlesvn\SMJL\smjl_webform.pbt_build\smjl\Release"  
Copying files from D:\googlesvn\SMJL\smjl_webform.pbt_build\smjl\Release to D:\googlesvn\SMJL\smjl_webform.pbt_build\Release succeeded.

D:\googlesvn\SMJL\smjl_webform.pbt_build>call "D:\googlesvn\SMJL\smjl_webform.pbt_build\deploytoserver.bat"  

D:\googlesvn\SMJL\smjl_webform.pbt_build>if not exist "C:\inetpub\wwwroot\smjl\..\smjl_root\file\common\D\googlesvn\SMJL" mkdir "C:\inetpub\wwwroot\smjl\..\smjl_root\file\common\D\googlesvn\SMJL" 

D:\googlesvn\SMJL\smjl_webform.pbt_build>xcopy /H /D /Y "D:\googlesvn\SMJL\smjl_webform.pbt_build\pbd\smjl.pbd" "C:\inetpub\wwwroot\smjl\..\smjl_root\file\common\c\~pl_\" 
复制了 0 个文件

D:\googlesvn\SMJL\smjl_webform.pbt_build>del "D:\googlesvn\SMJL\smjl_webform.pbt_build\deploytoserver.bat"  

D:\googlesvn\SMJL\smjl_webform.pbt_build>call "D:\googlesvn\SMJL\smjl_webform.pbt_build\createvdir_smjl.bat"  

D:\googlesvn\SMJL\smjl_webform.pbt_build>if not exist "C:\inetpub\wwwroot\smjl" mkdir "C:\inetpub\wwwroot\smjl" 

D:\googlesvn\SMJL\smjl_webform.pbt_build>C:\Windows\system32\inetsrv\appcmd add apppool /name:"PBDotnet4AppPool" /managedRuntimeVersion:v4.0 /Enable32BitAppOnWin64:true /managedPipelineMode:Classic  
ERROR ( message:无法添加重复集合元素“PBDotnet4AppPool”。 )

D:\googlesvn\SMJL\smjl_webform.pbt_build>C:\Windows\system32\inetsrv\appcmd add app /site.name:"Default Web Site" /path:"/smjl" /physicalPath:"C:\inetpub\wwwroot\smjl" /ApplicationPool:"PBDotnet4AppPool" 
ERROR ( message:无法添加重复集合元素“/smjl”。 )

D:\googlesvn\SMJL\smjl_webform.pbt_build>del "D:\googlesvn\SMJL\smjl_webform.pbt_build\createvdir_smjl.bat" 
找不到批处理文件。

D:\googlesvn\SMJL\smjl_webform.pbt_build>call "D:\googlesvn\SMJL\smjl_webform.pbt_build\pb2C71.tmp.bat"  

D:\googlesvn\SMJL\smjl_webform.pbt_build>C:\Windows\system32\inetsrv\appcmd list app "Default Web Site/smjl"   1>"D:\googlesvn\SMJL\smjl_webform.pbt_build\pb2C72.tmp.txt" 

D:\googlesvn\SMJL\smjl_webform.pbt_build>"D:\googlesvn\SMJL\smjl_webform.pbt_build\pb2C70.tmp.vbs" "D:\googlesvn\SMJL\smjl_webform.pbt_build\pb2C72.tmp.txt" "C:\Windows\system32\inetsrv\appcmd"  

D:\googlesvn\SMJL\smjl_webform.pbt_build>del "D:\googlesvn\SMJL\smjl_webform.pbt_build\pb2C72.tmp.txt"  

D:\googlesvn\SMJL\smjl_webform.pbt_build>del "D:\googlesvn\SMJL\smjl_webform.pbt_build\pb2C70.tmp.vbs"  

D:\googlesvn\SMJL\smjl_webform.pbt_build>del "D:\googlesvn\SMJL\smjl_webform.pbt_build\pb2C71.tmp.bat"  
找不到批处理文件。

D:\googlesvn\SMJL\smjl_webform.pbt_build>if not exist "C:\inetpub\wwwroot\smjl" mkdir "C:\inetpub\wwwroot\smjl"  

D:\googlesvn\SMJL\smjl_webform.pbt_build>xcopy /Y /E /D /R "D:\googlesvn\SMJL\smjl_webform.pbt_build\smjl" "C:\inetpub\wwwroot\smjl"  
D:\googlesvn\SMJL\smjl_webform.pbt_build\smjl\default.aspx
D:\googlesvn\SMJL\smjl_webform.pbt_build\smjl\default_sy.aspx
D:\googlesvn\SMJL\smjl_webform.pbt_build\smjl\insert_image.html
D:\googlesvn\SMJL\smjl_webform.pbt_build\smjl\insert_table.html
D:\googlesvn\SMJL\smjl_webform.pbt_build\smjl\log.txt
D:\googlesvn\SMJL\smjl_webform.pbt_build\smjl\mb.rsp
D:\googlesvn\SMJL\smjl_webform.pbt_build\smjl\web.config
D:\googlesvn\SMJL\smjl_webform.pbt_build\smjl\bin\smjl.dll
D:\googlesvn\SMJL\smjl_webform.pbt_build\smjl\bin\smjl_pbl.netmodule
复制了 9 个文件

D:\googlesvn\SMJL\smjl_webform.pbt_build>rd /S /Q "D:\googlesvn\SMJL\smjl_webform.pbt_build\smjl"  

D:\googlesvn\SMJL\smjl_webform.pbt_build>if not exist "C:\inetpub\wwwroot\smjl_root" mkdir "C:\inetpub\wwwroot\smjl_root"  

D:\googlesvn\SMJL\smjl_webform.pbt_build>xcopy /Y /E /D /R "D:\googlesvn\SMJL\smjl_webform.pbt_build\smjl_root" "C:\inetpub\wwwroot\smjl_root"  
复制了 0 个文件

D:\googlesvn\SMJL\smjl_webform.pbt_build>rd /S /Q "D:\googlesvn\SMJL\smjl_webform.pbt_build\smjl_root"  

D:\googlesvn\SMJL\smjl_webform.pbt_build>call "D:\googlesvn\SMJL\smjl_webform.pbt_build\pb2C73.tmp.bat"  

D:\googlesvn\SMJL\smjl_webform.pbt_build>net user ASPNET    
找不到用户名。

请键入 NET HELPMSG 2221 以获得更多的帮助。

ASPNET [IIS 5] was not found.

D:\googlesvn\SMJL\smjl_webform.pbt_build>goto groupstep_iis6    

D:\googlesvn\SMJL\smjl_webform.pbt_build>net localgroup IIS_WPG     
发生系统错误 1376。

指定的本地组不存在。

IIS_WPG [IIS 6] was not found.

D:\googlesvn\SMJL\smjl_webform.pbt_build>goto groupstep_iis7     

D:\googlesvn\SMJL\smjl_webform.pbt_build>net localgroup IIS_IUSRS     
别名     IIS_IUSRS
注释     Internet 信息服务使用的内置组。

成员

-------------------------------------------------------------------------------
IIS APPPOOL\PBDotnet4AppPool
命令成功完成。


D:\googlesvn\SMJL\smjl_webform.pbt_build>cacls "C:\inetpub\wwwroot\smjl\temp" /t /e /c /g IIS_IUSRS:f     
处理的目录: C:\inetpub\wwwroot\smjl\temp

D:\googlesvn\SMJL\smjl_webform.pbt_build>cacls "C:\inetpub\wwwroot\smjl_root" /t /e /c /g IIS_IUSRS:f      
处理的目录: C:\inetpub\wwwroot\smjl_root
处理的目录: C:\inetpub\wwwroot\smjl_root\file
处理的目录: C:\inetpub\wwwroot\smjl_root\log
处理的目录: C:\inetpub\wwwroot\smjl_root\mail
处理的目录: C:\inetpub\wwwroot\smjl_root\print
处理的目录: C:\inetpub\wwwroot\smjl_root\file\common
处理的目录: C:\inetpub\wwwroot\smjl_root\file\icon
处理的目录: C:\inetpub\wwwroot\smjl_root\file\session
处理的目录: C:\inetpub\wwwroot\smjl_root\file\users
处理的目录: C:\inetpub\wwwroot\smjl_root\file\common\c
处理的目录: C:\inetpub\wwwroot\smjl_root\file\common\D
处理的目录: C:\inetpub\wwwroot\smjl_root\file\common\c\temp
处理的目录: C:\inetpub\wwwroot\smjl_root\file\common\c\~pl_
处理的文件: C:\inetpub\wwwroot\smjl_root\file\common\c\~pl_\smjl.pbd
处理的文件: C:\inetpub\wwwroot\smjl_root\file\common\c\~pl_\Sybase.PowerBuilder.System.pbd
处理的目录: C:\inetpub\wwwroot\smjl_root\file\common\D\googlesvn
处理的目录: C:\inetpub\wwwroot\smjl_root\file\common\D\pbcode
处理的目录: C:\inetpub\wwwroot\smjl_root\file\common\D\googlesvn\SMJL
处理的目录: C:\inetpub\wwwroot\smjl_root\file\common\D\pbcode\SMJL_P12
处理的目录: C:\inetpub\wwwroot\smjl_root\mail\session
处理的目录: C:\inetpub\wwwroot\smjl_root\mail\users
处理的目录: C:\inetpub\wwwroot\smjl_root\print\session
处理的目录: C:\inetpub\wwwroot\smjl_root\print\users

D:\googlesvn\SMJL\smjl_webform.pbt_build>del  "D:\googlesvn\SMJL\smjl_webform.pbt_build\pb2C73.tmp.bat" 
找不到批处理文件。

D:\googlesvn\SMJL\smjl_webform.pbt_build>del "D:\googlesvn\SMJL\smjl_webform.pbt_build\deploywebapptoserver.bat"  
找不到批处理文件。
Deploying PowerBuilder .NET assemblies succeeded.
